<?xml version="1.0" encoding="utf-8"?>
<?AutomationStudio Version="4.9.5.36 SP"?>
<Objects>
  <Object
    Path="C:\project\GITH_HUB\Various\MM_movim_manuale\Logical\Package.pkg"
    LogicalPath=""
    Type="Package.ParentUnknown"
    LastWriteTime="133192124151231852" />
  <Object
    Path="C:\project\GITH_HUB\Various\MM_movim_manuale\Logical\Global.typ"
    LogicalPath="Global.typ"
    Type="File"
    LastWriteTime="133017588469657107"
    Private="false" />
  <Object
    Path="C:\project\GITH_HUB\Various\MM_movim_manuale\Logical\Global.var"
    LogicalPath="Global.var"
    Type="File"
    LastWriteTime="133017588470282251"
    Private="false" />
  <Object
    Path="C:\project\GITH_HUB\Various\MM_movim_manuale\Logical\Libraries\Package.pkg"
    LogicalPath="Libraries"
    Type="Package"
    LastWriteTime="133192158597736453" />
  <Object
    Path="C:\project\GITH_HUB\Various\MM_movim_manuale\Logical\Libraries\operator\binary.lby"
    LogicalPath="Libraries.operator"
    Type="Library"
    LastWriteTime="133015750009340836" />
  <Object
    Path="C:\project\GITH_HUB\Various\MM_movim_manuale\Logical\Libraries\operator\operator.fun"
    LogicalPath="Libraries.operator.operator.fun"
    Type="File"
    LastWriteTime="133015750009240804"
    Private="false" />
  <Object
    Path="C:\project\GITH_HUB\Various\MM_movim_manuale\Logical\Libraries\operator\operator.typ"
    LogicalPath="Libraries.operator.operator.typ"
    Type="File"
    LastWriteTime="133015750009340836"
    Private="false" />
  <Object
    Path="C:\project\GITH_HUB\Various\MM_movim_manuale\Logical\Libraries\operator\operator.var"
    LogicalPath="Libraries.operator.operator.var"
    Type="File"
    LastWriteTime="133015750009340836"
    Private="false" />
  <Object
    Path="C:\project\GITH_HUB\Various\MM_movim_manuale\Logical\Libraries\runtime\binary.lby"
    LogicalPath="Libraries.runtime"
    Type="Library"
    LastWriteTime="133015750012870334" />
  <Object
    Path="C:\project\GITH_HUB\Various\MM_movim_manuale\Logical\Libraries\runtime\runtime.fun"
    LogicalPath="Libraries.runtime.runtime.fun"
    Type="File"
    LastWriteTime="133015750012870334"
    Private="false" />
  <Object
    Path="C:\project\GITH_HUB\Various\MM_movim_manuale\Logical\Libraries\runtime\runtime.typ"
    LogicalPath="Libraries.runtime.runtime.typ"
    Type="File"
    LastWriteTime="133015750012870334"
    Private="false" />
  <Object
    Path="C:\project\GITH_HUB\Various\MM_movim_manuale\Logical\Libraries\runtime\runtime.var"
    LogicalPath="Libraries.runtime.runtime.var"
    Type="File"
    LastWriteTime="133015750012870334"
    Private="false" />
  <Object
    Path="C:\project\GITH_HUB\Various\MM_movim_manuale\Logical\Libraries\astime\binary.lby"
    LogicalPath="Libraries.astime"
    Type="Library"
    LastWriteTime="133015750016114502" />
  <Object
    Path="C:\project\GITH_HUB\Various\MM_movim_manuale\Logical\Libraries\astime\astime.fun"
    LogicalPath="Libraries.astime.astime.fun"
    Type="File"
    LastWriteTime="133015750016114502"
    Private="false" />
  <Object
    Path="C:\project\GITH_HUB\Various\MM_movim_manuale\Logical\Libraries\astime\astime.typ"
    LogicalPath="Libraries.astime.astime.typ"
    Type="File"
    LastWriteTime="133015750016114502"
    Private="false" />
  <Object
    Path="C:\project\GITH_HUB\Various\MM_movim_manuale\Logical\Libraries\astime\astime.var"
    LogicalPath="Libraries.astime.astime.var"
    Type="File"
    LastWriteTime="133015750016114502"
    Private="false" />
  <Object
    Path="C:\project\GITH_HUB\Various\MM_movim_manuale\Logical\Libraries\AsIecCon\binary.lby"
    LogicalPath="Libraries.AsIecCon"
    Type="Library"
    LastWriteTime="133015750019349358" />
  <Object
    Path="C:\project\GITH_HUB\Various\MM_movim_manuale\Logical\Libraries\AsIecCon\AsIecCon.fun"
    LogicalPath="Libraries.AsIecCon.AsIecCon.fun"
    Type="File"
    LastWriteTime="133015750019349358"
    Private="false" />
  <Object
    Path="C:\project\GITH_HUB\Various\MM_movim_manuale\Logical\Libraries\AsIecCon\AsIecCon.typ"
    LogicalPath="Libraries.AsIecCon.AsIecCon.typ"
    Type="File"
    LastWriteTime="133015750019349358"
    Private="false" />
  <Object
    Path="C:\project\GITH_HUB\Various\MM_movim_manuale\Logical\Libraries\AsIecCon\AsIecCon.var"
    LogicalPath="Libraries.AsIecCon.AsIecCon.var"
    Type="File"
    LastWriteTime="133015750019349358"
    Private="false" />
  <Object
    Path="C:\project\GITH_HUB\Various\MM_movim_manuale\Logical\Libraries\standard\binary.lby"
    LogicalPath="Libraries.standard"
    Type="Library"
    LastWriteTime="133016706337747317" />
  <Object
    Path="C:\project\GITH_HUB\Various\MM_movim_manuale\Logical\Libraries\standard\standard.fun"
    LogicalPath="Libraries.standard.standard.fun"
    Type="File"
    LastWriteTime="133016706337647299"
    Private="false" />
  <Object
    Path="C:\project\GITH_HUB\Various\MM_movim_manuale\Logical\Libraries\standard\standard.typ"
    LogicalPath="Libraries.standard.standard.typ"
    Type="File"
    LastWriteTime="133016706337707313"
    Private="false" />
  <Object
    Path="C:\project\GITH_HUB\Various\MM_movim_manuale\Logical\Libraries\standard\standard.var"
    LogicalPath="Libraries.standard.standard.var"
    Type="File"
    LastWriteTime="133016706337737319"
    Private="false" />
  <Object
    Path="C:\project\GITH_HUB\Various\MM_movim_manuale\Logical\Libraries\FileIO\binary.lby"
    LogicalPath="Libraries.FileIO"
    Type="Library"
    LastWriteTime="133017566537169411" />
  <Object
    Path="C:\project\GITH_HUB\Various\MM_movim_manuale\Logical\Libraries\FileIO\FileIO.fun"
    LogicalPath="Libraries.FileIO.FileIO.fun"
    Type="File"
    LastWriteTime="133017566537048951"
    Private="false" />
  <Object
    Path="C:\project\GITH_HUB\Various\MM_movim_manuale\Logical\Libraries\FileIO\FileIO.typ"
    LogicalPath="Libraries.FileIO.FileIO.typ"
    Type="File"
    LastWriteTime="133017566537149203"
    Private="false" />
  <Object
    Path="C:\project\GITH_HUB\Various\MM_movim_manuale\Logical\Libraries\FileIO\FileIO.var"
    LogicalPath="Libraries.FileIO.FileIO.var"
    Type="File"
    LastWriteTime="133017566537169411"
    Private="false" />
  <Object
    Path="C:\project\GITH_HUB\Various\MM_movim_manuale\Logical\Libraries\DataObj\binary.lby"
    LogicalPath="Libraries.DataObj"
    Type="Library"
    LastWriteTime="133017566537349740" />
  <Object
    Path="C:\project\GITH_HUB\Various\MM_movim_manuale\Logical\Libraries\DataObj\DataObj.fun"
    LogicalPath="Libraries.DataObj.DataObj.fun"
    Type="File"
    LastWriteTime="133017566537349740"
    Private="false" />
  <Object
    Path="C:\project\GITH_HUB\Various\MM_movim_manuale\Logical\Libraries\DataObj\DataObj.typ"
    LogicalPath="Libraries.DataObj.DataObj.typ"
    Type="File"
    LastWriteTime="133017566537349740"
    Private="false" />
  <Object
    Path="C:\project\GITH_HUB\Various\MM_movim_manuale\Logical\Libraries\DataObj\DataObj.var"
    LogicalPath="Libraries.DataObj.DataObj.var"
    Type="File"
    LastWriteTime="133017566537349740"
    Private="false" />
  <Object
    Path="C:\project\GITH_HUB\Various\MM_movim_manuale\Logical\Libraries\brsystem\binary.lby"
    LogicalPath="Libraries.brsystem"
    Type="Library"
    LastWriteTime="133017566537650581" />
  <Object
    Path="C:\project\GITH_HUB\Various\MM_movim_manuale\Logical\Libraries\brsystem\brsystem.fun"
    LogicalPath="Libraries.brsystem.brsystem.fun"
    Type="File"
    LastWriteTime="133017566537650581"
    Private="false" />
  <Object
    Path="C:\project\GITH_HUB\Various\MM_movim_manuale\Logical\Libraries\brsystem\brsystem.typ"
    LogicalPath="Libraries.brsystem.brsystem.typ"
    Type="File"
    LastWriteTime="133017566537650581"
    Private="false" />
  <Object
    Path="C:\project\GITH_HUB\Various\MM_movim_manuale\Logical\Libraries\brsystem\brsystem.var"
    LogicalPath="Libraries.brsystem.brsystem.var"
    Type="File"
    LastWriteTime="133017566537650581"
    Private="false" />
  <Object
    Path="C:\project\GITH_HUB\Various\MM_movim_manuale\Logical\Libraries\Recipe\ANSIC.lby"
    LogicalPath="Libraries.Recipe"
    Type="Library"
    LastWriteTime="133191390778748224" />
  <Object
    Path="C:\project\GITH_HUB\Various\MM_movim_manuale\Logical\Libraries\Recipe\Recipe.typ"
    LogicalPath="Libraries.Recipe.Recipe.typ"
    Type="File"
    LastWriteTime="133191390778748224"
    Private="false" />
  <Object
    Path="C:\project\GITH_HUB\Various\MM_movim_manuale\Logical\Libraries\Recipe\recipe.c"
    LogicalPath="Libraries.Recipe.recipe.c"
    Type="File"
    LastWriteTime="133191390778748224"
    Private="false" />
  <Object
    Path="C:\project\GITH_HUB\Various\MM_movim_manuale\Logical\Libraries\Recipe\Recipe.fun"
    LogicalPath="Libraries.Recipe.Recipe.fun"
    Type="File"
    LastWriteTime="133191390778748224"
    Private="false" />
  <Object
    Path="C:\project\GITH_HUB\Various\MM_movim_manuale\Logical\Libraries\AsMem\binary.lby"
    LogicalPath="Libraries.AsMem"
    Type="Library"
    LastWriteTime="133191390872503762" />
  <Object
    Path="C:\project\GITH_HUB\Various\MM_movim_manuale\Logical\Libraries\AsMem\AsMem.fun"
    LogicalPath="Libraries.AsMem.AsMem.fun"
    Type="File"
    LastWriteTime="133191390872503762"
    Private="false" />
  <Object
    Path="C:\project\GITH_HUB\Various\MM_movim_manuale\Logical\Libraries\AsMem\AsMem.typ"
    LogicalPath="Libraries.AsMem.AsMem.typ"
    Type="File"
    LastWriteTime="133191390872503762"
    Private="false" />
  <Object
    Path="C:\project\GITH_HUB\Various\MM_movim_manuale\Logical\Libraries\AsMem\AsMem.var"
    LogicalPath="Libraries.AsMem.AsMem.var"
    Type="File"
    LastWriteTime="133191390872503762"
    Private="false" />
  <Object
    Path="C:\project\GITH_HUB\Various\MM_movim_manuale\Logical\Libraries\asstring\binary.lby"
    LogicalPath="Libraries.asstring"
    Type="Library"
    LastWriteTime="133191390872659962" />
  <Object
    Path="C:\project\GITH_HUB\Various\MM_movim_manuale\Logical\Libraries\asstring\asstring.fun"
    LogicalPath="Libraries.asstring.asstring.fun"
    Type="File"
    LastWriteTime="133191390872659962"
    Private="false" />
  <Object
    Path="C:\project\GITH_HUB\Various\MM_movim_manuale\Logical\Libraries\asstring\asstring.typ"
    LogicalPath="Libraries.asstring.asstring.typ"
    Type="File"
    LastWriteTime="133191390872659962"
    Private="false" />
  <Object
    Path="C:\project\GITH_HUB\Various\MM_movim_manuale\Logical\Libraries\asstring\asstring.var"
    LogicalPath="Libraries.asstring.asstring.var"
    Type="File"
    LastWriteTime="133191390872659962"
    Private="false" />
  <Object
    Path="C:\project\GITH_HUB\Various\MM_movim_manuale\Logical\Libraries\MTTypes\binary.lby"
    LogicalPath="Libraries.MTTypes"
    Type="Library"
    LastWriteTime="133192127092280360" />
  <Object
    Path="C:\project\GITH_HUB\Various\MM_movim_manuale\Logical\Libraries\MTTypes\MTTypes.fun"
    LogicalPath="Libraries.MTTypes.MTTypes.fun"
    Type="File"
    LastWriteTime="133192127092280360"
    Private="false" />
  <Object
    Path="C:\project\GITH_HUB\Various\MM_movim_manuale\Logical\Libraries\MTTypes\MTTypes.typ"
    LogicalPath="Libraries.MTTypes.MTTypes.typ"
    Type="File"
    LastWriteTime="133192127092280360"
    Private="false" />
  <Object
    Path="C:\project\GITH_HUB\Various\MM_movim_manuale\Logical\Libraries\MTTypes\MTTypes.var"
    LogicalPath="Libraries.MTTypes.MTTypes.var"
    Type="File"
    LastWriteTime="133192127092280360"
    Private="false" />
  <Object
    Path="C:\project\GITH_HUB\Various\MM_movim_manuale\Logical\Libraries\MpData\Binary.lby"
    LogicalPath="Libraries.MpData"
    Type="Library"
    LastWriteTime="133192128226212797" />
  <Object
    Path="C:\project\GITH_HUB\Various\MM_movim_manuale\Logical\Libraries\MpData\MpData.typ"
    LogicalPath="Libraries.MpData.MpData.typ"
    Type="File"
    LastWriteTime="133192128226171422"
    Private="false" />
  <Object
    Path="C:\project\GITH_HUB\Various\MM_movim_manuale\Logical\Libraries\MpData\MpDataError.typ"
    LogicalPath="Libraries.MpData.MpDataError.typ"
    Type="File"
    LastWriteTime="133192128226192106"
    Private="false" />
  <Object
    Path="C:\project\GITH_HUB\Various\MM_movim_manuale\Logical\Libraries\MpData\MpDataAlarm.typ"
    LogicalPath="Libraries.MpData.MpDataAlarm.typ"
    Type="File"
    LastWriteTime="133192128226212797"
    Private="false" />
  <Object
    Path="C:\project\GITH_HUB\Various\MM_movim_manuale\Logical\Libraries\MpData\MpData.fun"
    LogicalPath="Libraries.MpData.MpData.fun"
    Type="File"
    LastWriteTime="133192128226212797"
    Private="false" />
  <Object
    Path="C:\project\GITH_HUB\Various\MM_movim_manuale\Logical\Libraries\MpBase\Binary.lby"
    LogicalPath="Libraries.MpBase"
    Type="Library"
    LastWriteTime="133192127092905414" />
  <Object
    Path="C:\project\GITH_HUB\Various\MM_movim_manuale\Logical\Libraries\MpBase\MpBase.var"
    LogicalPath="Libraries.MpBase.MpBase.var"
    Type="File"
    LastWriteTime="133192127092905414"
    Private="false" />
  <Object
    Path="C:\project\GITH_HUB\Various\MM_movim_manuale\Logical\Libraries\MpBase\MpBase.typ"
    LogicalPath="Libraries.MpBase.MpBase.typ"
    Type="File"
    LastWriteTime="133192127092905414"
    Private="false" />
  <Object
    Path="C:\project\GITH_HUB\Various\MM_movim_manuale\Logical\Libraries\MpBase\MpBase.fun"
    LogicalPath="Libraries.MpBase.MpBase.fun"
    Type="File"
    LastWriteTime="133192127092905414"
    Private="false" />
  <Object
    Path="C:\project\GITH_HUB\Various\MM_movim_manuale\Logical\Libraries\MpBase\Common_EventLog.tmx"
    LogicalPath="Libraries.MpBase.Common_EventLog.tmx"
    Type="File"
    LastWriteTime="133192127092905414"
    Private="false" />
  <Object
    Path="C:\project\GITH_HUB\Various\MM_movim_manuale\Logical\Libraries\MpAlarmX\Binary.lby"
    LogicalPath="Libraries.MpAlarmX"
    Type="Library"
    LastWriteTime="133192127093530521" />
  <Object
    Path="C:\project\GITH_HUB\Various\MM_movim_manuale\Logical\Libraries\MpAlarmX\MpAlarmX.typ"
    LogicalPath="Libraries.MpAlarmX.MpAlarmX.typ"
    Type="File"
    LastWriteTime="133192127093530521"
    Private="false" />
  <Object
    Path="C:\project\GITH_HUB\Various\MM_movim_manuale\Logical\Libraries\MpAlarmX\MpAlarmXError.typ"
    LogicalPath="Libraries.MpAlarmX.MpAlarmXError.typ"
    Type="File"
    LastWriteTime="133192127093530521"
    Private="false" />
  <Object
    Path="C:\project\GITH_HUB\Various\MM_movim_manuale\Logical\Libraries\MpAlarmX\MpAlarmX.fun"
    LogicalPath="Libraries.MpAlarmX.MpAlarmX.fun"
    Type="File"
    LastWriteTime="133192127093530521"
    Private="false" />
  <Object
    Path="C:\project\GITH_HUB\Various\MM_movim_manuale\Logical\Libraries\MpEnergy\Binary.lby"
    LogicalPath="Libraries.MpEnergy"
    Type="Library"
    LastWriteTime="133192127093843073" />
  <Object
    Path="C:\project\GITH_HUB\Various\MM_movim_manuale\Logical\Libraries\MpEnergy\MpEnergy.typ"
    LogicalPath="Libraries.MpEnergy.MpEnergy.typ"
    Type="File"
    LastWriteTime="133192127093843073"
    Private="false" />
  <Object
    Path="C:\project\GITH_HUB\Various\MM_movim_manuale\Logical\Libraries\MpEnergy\MpEnergyError.typ"
    LogicalPath="Libraries.MpEnergy.MpEnergyError.typ"
    Type="File"
    LastWriteTime="133192127093843073"
    Private="false" />
  <Object
    Path="C:\project\GITH_HUB\Various\MM_movim_manuale\Logical\Libraries\MpEnergy\MpEnergyAlarm.typ"
    LogicalPath="Libraries.MpEnergy.MpEnergyAlarm.typ"
    Type="File"
    LastWriteTime="133192127093843073"
    Private="false" />
  <Object
    Path="C:\project\GITH_HUB\Various\MM_movim_manuale\Logical\Libraries\MpEnergy\MpEnergy.fun"
    LogicalPath="Libraries.MpEnergy.MpEnergy.fun"
    Type="File"
    LastWriteTime="133192127093843073"
    Private="false" />
  <Object
    Path="C:\project\GITH_HUB\Various\MM_movim_manuale\Logical\Libraries\MpAssetInt\Binary.lby"
    LogicalPath="Libraries.MpAssetInt"
    Type="Library"
    LastWriteTime="133192127094468095" />
  <Object
    Path="C:\project\GITH_HUB\Various\MM_movim_manuale\Logical\Libraries\MpAssetInt\MpAssetIntError.typ"
    LogicalPath="Libraries.MpAssetInt.MpAssetIntError.typ"
    Type="File"
    LastWriteTime="133192127094468095"
    Private="false" />
  <Object
    Path="C:\project\GITH_HUB\Various\MM_movim_manuale\Logical\Libraries\MpAssetInt\MpAssetIntAlarm.typ"
    LogicalPath="Libraries.MpAssetInt.MpAssetIntAlarm.typ"
    Type="File"
    LastWriteTime="133192127094468095"
    Private="false" />
  <Object
    Path="C:\project\GITH_HUB\Various\MM_movim_manuale\Logical\Libraries\MpAssetInt\MpAssetInt.typ"
    LogicalPath="Libraries.MpAssetInt.MpAssetInt.typ"
    Type="File"
    LastWriteTime="133192127094468095"
    Private="false" />
  <Object
    Path="C:\project\GITH_HUB\Various\MM_movim_manuale\Logical\Libraries\MpAssetInt\MpAssetInt.fun"
    LogicalPath="Libraries.MpAssetInt.MpAssetInt.fun"
    Type="File"
    LastWriteTime="133192127094468095"
    Private="false" />
  <Object
    Path="C:\project\GITH_HUB\Various\MM_movim_manuale\Logical\Libraries\sys_lib\binary.lby"
    LogicalPath="Libraries.sys_lib"
    Type="Library"
    LastWriteTime="133192158597641166" />
  <Object
    Path="C:\project\GITH_HUB\Various\MM_movim_manuale\Logical\Libraries\sys_lib\sys_lib.fun"
    LogicalPath="Libraries.sys_lib.sys_lib.fun"
    Type="File"
    LastWriteTime="133192158597518545"
    Private="false" />
  <Object
    Path="C:\project\GITH_HUB\Various\MM_movim_manuale\Logical\Libraries\sys_lib\sys_lib.typ"
    LogicalPath="Libraries.sys_lib.sys_lib.typ"
    Type="File"
    LastWriteTime="133192158597641166"
    Private="false" />
  <Object
    Path="C:\project\GITH_HUB\Various\MM_movim_manuale\Logical\Libraries\sys_lib\sys_lib.var"
    LogicalPath="Libraries.sys_lib.sys_lib.var"
    Type="File"
    LastWriteTime="133192158597641166"
    Private="false" />
  <Object
    Path="C:\project\GITH_HUB\Various\MM_movim_manuale\Logical\Visu\Vc.dob"
    LogicalPath="Visu"
    Type="DataObject"
    LastWriteTime="133015750986945034" />
  <Object
    Path="C:\project\GITH_HUB\Various\MM_movim_manuale\Logical\Visu\VCObject.vc"
    LogicalPath="Visu.VCObject.vc"
    Type="File"
    LastWriteTime="133015750986945034"
    Private="false" />
  <Object
    Path="C:\project\GITH_HUB\Various\MM_movim_manuale\Logical\Program\ANSIC.prg"
    LogicalPath="Program"
    Type="Program"
    LastWriteTime="133015754370941249" />
  <Object
    Path="C:\project\GITH_HUB\Various\MM_movim_manuale\Logical\Program\Cyclic.c"
    LogicalPath="Program.Cyclic.c"
    Type="File"
    LastWriteTime="133017630942331484"
    Private="false" />
  <Object
    Path="C:\project\GITH_HUB\Various\MM_movim_manuale\Logical\Program\Init.c"
    LogicalPath="Program.Init.c"
    Type="File"
    LastWriteTime="133015946520181868"
    Private="false" />
  <Object
    Path="C:\project\GITH_HUB\Various\MM_movim_manuale\Logical\Program\Exit.c"
    LogicalPath="Program.Exit.c"
    Type="File"
    LastWriteTime="133015754370784991"
    Private="false" />
  <Object
    Path="C:\project\GITH_HUB\Various\MM_movim_manuale\Logical\Program\Types.typ"
    LogicalPath="Program.Types.typ"
    Type="File"
    LastWriteTime="133015754370784991"
    Private="true" />
  <Object
    Path="C:\project\GITH_HUB\Various\MM_movim_manuale\Logical\Program\Variables.var"
    LogicalPath="Program.Variables.var"
    Type="File"
    LastWriteTime="133016786059500603"
    Private="true" />
  <Object
    Path="C:\project\GITH_HUB\Various\MM_movim_manuale\Logical\clock\IEC.prg"
    LogicalPath="clock"
    Type="Program"
    LastWriteTime="133191277817210162" />
  <Object
    Path="C:\project\GITH_HUB\Various\MM_movim_manuale\Logical\clock\Cyclic.st"
    LogicalPath="clock.Cyclic.st"
    Type="File"
    LastWriteTime="133192159383012013"
    Private="false" />
  <Object
    Path="C:\project\GITH_HUB\Various\MM_movim_manuale\Logical\clock\Init.st"
    LogicalPath="clock.Init.st"
    Type="File"
    LastWriteTime="133192130483107763"
    Private="false" />
  <Object
    Path="C:\project\GITH_HUB\Various\MM_movim_manuale\Logical\clock\Exit.st"
    LogicalPath="clock.Exit.st"
    Type="File"
    LastWriteTime="133015859220792725"
    Private="false" />
  <Object
    Path="C:\project\GITH_HUB\Various\MM_movim_manuale\Logical\clock\Types.typ"
    LogicalPath="clock.Types.typ"
    Type="File"
    LastWriteTime="133191276100160005"
    Private="true" />
  <Object
    Path="C:\project\GITH_HUB\Various\MM_movim_manuale\Logical\clock\Variables.var"
    LogicalPath="clock.Variables.var"
    Type="File"
    LastWriteTime="133192157478508962"
    Private="true" />
  <Object
    Path="C:\project\GITH_HUB\Various\MM_movim_manuale\Logical\Alarm\IEC.prg"
    LogicalPath="Alarm"
    Type="Program"
    LastWriteTime="133015860409301004" />
  <Object
    Path="C:\project\GITH_HUB\Various\MM_movim_manuale\Logical\Alarm\Cyclic.ld"
    LogicalPath="Alarm.Cyclic.ld"
    Type="File"
    LastWriteTime="133017578711587012"
    Private="false" />
  <Object
    Path="C:\project\GITH_HUB\Various\MM_movim_manuale\Logical\Alarm\Variables.var"
    LogicalPath="Alarm.Variables.var"
    Type="File"
    LastWriteTime="133015880764215333"
    Private="true" />
  <Object
    Path="C:\project\GITH_HUB\Various\MM_movim_manuale\Logical\Data\IEC.prg"
    LogicalPath="Data"
    Type="Program"
    LastWriteTime="133017565150926880" />
  <Object
    Path="C:\project\GITH_HUB\Various\MM_movim_manuale\Logical\Data\Cyclic.ld"
    LogicalPath="Data.Cyclic.ld"
    Type="File"
    LastWriteTime="133017603561244196"
    Private="false" />
  <Object
    Path="C:\project\GITH_HUB\Various\MM_movim_manuale\Logical\Data\Init.ld"
    LogicalPath="Data.Init.ld"
    Type="File"
    LastWriteTime="133017576973416853"
    Private="false" />
  <Object
    Path="C:\project\GITH_HUB\Various\MM_movim_manuale\Logical\Data\Variables.var"
    LogicalPath="Data.Variables.var"
    Type="File"
    LastWriteTime="133017576488230259"
    Private="true" />
  <Object
    Path="C:\project\GITH_HUB\Various\MM_movim_manuale\Logical\Visu_Resized\Vc.dob"
    LogicalPath="Visu_Resized"
    Type="DataObject"
    LastWriteTime="133192068966715878" />
  <Object
    Path="C:\project\GITH_HUB\Various\MM_movim_manuale\Logical\Visu_Resized\VCObject.vc"
    LogicalPath="Visu_Resized.VCObject.vc"
    Type="File"
    LastWriteTime="133192068975160916"
    Private="false" />
  <Object
    Path="C:\project\GITH_HUB\Various\MM_movim_manuale\Physical\Config3\Config.pkg"
    LogicalPath="Config3"
    Type="Configuration.ParentUnknown"
    LastWriteTime="133192066835273131" />
  <Object
    Path="C:\project\GITH_HUB\Various\MM_movim_manuale\Physical\Config3\Hardware.hw"
    LogicalPath="Config3.Hardware.hw"
    Type="File"
    LastWriteTime="133192070918212766"
    Private="false" />
  <Object
    Path="C:\project\GITH_HUB\Various\MM_movim_manuale\Physical\Config3\Hardware.hwl"
    LogicalPath="Config3.Hardware.hwl"
    Type="File"
    LastWriteTime="133192067238695195"
    Private="false" />
  <Object
    Path="C:\project\GITH_HUB\Various\MM_movim_manuale\Physical\Config3\4PP045_0571_062\Cpu.pkg"
    LogicalPath="Config3.4PP045_0571_062"
    Type="Cpu"
    LastWriteTime="133192123930874729" />
  <Object
    Path="C:\project\GITH_HUB\Various\MM_movim_manuale\Physical\Config3\4PP045_0571_062\Cpu.sw"
    LogicalPath="Config3.4PP045_0571_062.Cpu.sw"
    Type="File"
    LastWriteTime="133192158598265111"
    Private="false" />
  <Object
    Path="C:\project\GITH_HUB\Various\MM_movim_manuale\Physical\Config3\4PP045_0571_062\Cpu.per"
    LogicalPath="Config3.4PP045_0571_062.Cpu.per"
    Type="File"
    LastWriteTime="133192066806669926"
    Private="false" />
  <Object
    Path="C:\project\GITH_HUB\Various\MM_movim_manuale\Physical\Config3\4PP045_0571_062\IoMap.iom"
    LogicalPath="Config3.4PP045_0571_062.IoMap.iom"
    Type="File"
    LastWriteTime="133192066806669926"
    Private="false" />
  <Object
    Path="C:\project\GITH_HUB\Various\MM_movim_manuale\Physical\Config3\4PP045_0571_062\PvMap.vvm"
    LogicalPath="Config3.4PP045_0571_062.PvMap.vvm"
    Type="File"
    LastWriteTime="133192066806669926"
    Private="false" />
  <Object
    Path="C:\project\GITH_HUB\Various\MM_movim_manuale\Physical\Config3\4PP045_0571_062\VC\Package.pkg"
    LogicalPath="Config3.4PP045_0571_062.VC"
    Type="Package"
    LastWriteTime="133192066849666102" />
  <Object
    Path="C:\project\GITH_HUB\Various\MM_movim_manuale\Physical\Config3\4PP045_0571_062\VC\4PP045_0571_062.dis"
    LogicalPath="Config3.4PP045_0571_062.VC.4PP045_0571_062.dis"
    Type="File"
    LastWriteTime="133192066849822377"
    Private="false" />
  <Object
    Path="C:\project\GITH_HUB\Various\MM_movim_manuale\Physical\Config3\4PP045_0571_062\mappServices\Package.pkg"
    LogicalPath="Config3.4PP045_0571_062.mappServices"
    Type="Package"
    LastWriteTime="133192130667253242" />
  <Object
    Path="C:\project\GITH_HUB\Various\MM_movim_manuale\Physical\Config3\Hardware.jpg"
    LogicalPath="Config3.Hardware.jpg"
    Type="File"
    LastWriteTime="133192067238849244"
    Private="false" />
</Objects>