C:\projects\Agroittica\Temp\Includes\AS_TempDecl\Config1\GlobalComponents\McElements.var
C:\projects\Agroittica\Logical\Global.typ
C:\projects\Agroittica\Logical\Global.var
C:\projects\Agroittica\Logical\Constant.var
C:\projects\Agroittica\Logical\Libraries\operator\operator.fun
C:\projects\Agroittica\Logical\Libraries\operator\operator.typ
C:\projects\Agroittica\Logical\Libraries\operator\operator.var
C:\projects\Agroittica\Logical\Libraries\runtime\runtime.fun
C:\projects\Agroittica\Logical\Libraries\runtime\runtime.typ
C:\projects\Agroittica\Logical\Libraries\runtime\runtime.var
C:\projects\Agroittica\Logical\Libraries\astime\astime.fun
C:\projects\Agroittica\Logical\Libraries\astime\astime.typ
C:\projects\Agroittica\Logical\Libraries\astime\astime.var
C:\projects\Agroittica\Logical\Libraries\AsIecCon\AsIecCon.fun
C:\projects\Agroittica\Logical\Libraries\AsIecCon\AsIecCon.typ
C:\projects\Agroittica\Logical\Libraries\AsIecCon\AsIecCon.var
C:\projects\Agroittica\Logical\Libraries\McBase\McBase.typ
C:\projects\Agroittica\Logical\Libraries\McBase\McBase.fun
C:\projects\Agroittica\Logical\Libraries\McBase\McBase.var
C:\projects\Agroittica\Logical\Libraries\McBase\McBaseCfg.typ
C:\projects\Agroittica\Logical\Libraries\MpAxis\MpAxis.fun
C:\projects\Agroittica\Logical\Libraries\MpAxis\MpAxis.typ
C:\projects\Agroittica\Logical\Libraries\MpAxis\MpAxisError.typ
C:\projects\Agroittica\Logical\Libraries\McAxis\McAxis.typ
C:\projects\Agroittica\Logical\Libraries\McAxis\McAxis.fun
C:\projects\Agroittica\Logical\Libraries\McAxis\McAxis.var
C:\projects\Agroittica\Logical\Libraries\McAxis\McAxisCfg.typ
C:\projects\Agroittica\Logical\Libraries\McAcpAx\McAcpAx.typ
C:\projects\Agroittica\Logical\Libraries\McAcpAx\McAcpAx.fun
C:\projects\Agroittica\Logical\Libraries\McAcpAx\McAcpAx.var
C:\projects\Agroittica\Logical\Libraries\McAcpAx\McAcpAxCfg.typ
C:\projects\Agroittica\Logical\Libraries\AsTCP\AsTCP.fun
C:\projects\Agroittica\Logical\Libraries\AsTCP\AsTCP.typ
C:\projects\Agroittica\Logical\Libraries\AsTCP\AsTCP.var
C:\projects\Agroittica\Logical\Libraries\standard\standard.fun
C:\projects\Agroittica\Logical\Libraries\standard\standard.typ
C:\projects\Agroittica\Logical\Libraries\standard\standard.var
C:\projects\Agroittica\Logical\Libraries\asstring\asstring.fun
C:\projects\Agroittica\Logical\Libraries\asstring\asstring.typ
C:\projects\Agroittica\Logical\Libraries\asstring\asstring.var
C:\projects\Agroittica\Logical\Libraries\sys_lib\sys_lib.fun
C:\projects\Agroittica\Logical\Libraries\sys_lib\sys_lib.typ
C:\projects\Agroittica\Logical\Libraries\sys_lib\sys_lib.var
C:\projects\Agroittica\Logical\Libraries\MpRecipe\MpRecipe.typ
C:\projects\Agroittica\Logical\Libraries\MpRecipe\MpRecipeAlarm.typ
C:\projects\Agroittica\Logical\Libraries\MpRecipe\MpRecipeError.typ
C:\projects\Agroittica\Logical\Libraries\MpRecipe\MpRecipe.fun
C:\projects\Agroittica\Logical\Libraries\MpBase\MpBase.typ
C:\projects\Agroittica\Logical\Libraries\MpBase\MpBase.var
C:\projects\Agroittica\Logical\Libraries\MpBase\MpBase.fun
C:\projects\Agroittica\Logical\Libraries\MpFile\MpFile.typ
C:\projects\Agroittica\Logical\Libraries\MpFile\MpFileError.typ
C:\projects\Agroittica\Logical\Libraries\MpFile\MpFileAlarm.typ
C:\projects\Agroittica\Logical\Libraries\MpFile\MpFile.fun
C:\projects\Agroittica\Logical\Libraries\FileIO\FileIO.fun
C:\projects\Agroittica\Logical\Libraries\FileIO\FileIO.typ
C:\projects\Agroittica\Logical\Libraries\FileIO\FileIO.var
C:\projects\Agroittica\Logical\Libraries\MpAlarmX\MpAlarmX.typ
C:\projects\Agroittica\Logical\Libraries\MpAlarmX\MpAlarmXError.typ
C:\projects\Agroittica\Logical\Libraries\MpAlarmX\MpAlarmX.fun
