<?xml version="1.0" encoding="utf-8"?>
<?AutomationStudio Version="4.9.6.42 SP"?>
<Objects>
  <Object
    Path="C:\projects\GitH\Various\ModbusMST\Logical\Package.pkg"
    LogicalPath=""
    Type="Package.ParentUnknown"
    LastWriteTime="133602513258695454" />
  <Object
    Path="C:\projects\GitH\Various\ModbusMST\Logical\Global.typ"
    LogicalPath="Global.typ"
    Type="File"
    LastWriteTime="133598080099101475"
    Private="false" />
  <Object
    Path="C:\projects\GitH\Various\ModbusMST\Logical\Global.var"
    LogicalPath="Global.var"
    Type="File"
    LastWriteTime="133598080099527452"
    Private="false" />
  <Object
    Path="C:\projects\GitH\Various\ModbusMST\Logical\Libraries\Package.pkg"
    LogicalPath="Libraries"
    Type="Package"
    LastWriteTime="133602513258695454" />
  <Object
    Path="C:\projects\GitH\Various\ModbusMST\Logical\Libraries\operator\binary.lby"
    LogicalPath="Libraries.operator"
    Type="Library"
    LastWriteTime="133598080178391096" />
  <Object
    Path="C:\projects\GitH\Various\ModbusMST\Logical\Libraries\operator\operator.fun"
    LogicalPath="Libraries.operator.operator.fun"
    Type="File"
    LastWriteTime="133598080178221716"
    Private="false" />
  <Object
    Path="C:\projects\GitH\Various\ModbusMST\Logical\Libraries\operator\operator.typ"
    LogicalPath="Libraries.operator.operator.typ"
    Type="File"
    LastWriteTime="133598080178331546"
    Private="false" />
  <Object
    Path="C:\projects\GitH\Various\ModbusMST\Logical\Libraries\operator\operator.var"
    LogicalPath="Libraries.operator.operator.var"
    Type="File"
    LastWriteTime="133598080178371429"
    Private="false" />
  <Object
    Path="C:\projects\GitH\Various\ModbusMST\Logical\Libraries\runtime\binary.lby"
    LogicalPath="Libraries.runtime"
    Type="Library"
    LastWriteTime="133598080188382018" />
  <Object
    Path="C:\projects\GitH\Various\ModbusMST\Logical\Libraries\runtime\runtime.fun"
    LogicalPath="Libraries.runtime.runtime.fun"
    Type="File"
    LastWriteTime="133598080188281986"
    Private="false" />
  <Object
    Path="C:\projects\GitH\Various\ModbusMST\Logical\Libraries\runtime\runtime.typ"
    LogicalPath="Libraries.runtime.runtime.typ"
    Type="File"
    LastWriteTime="133598080188322150"
    Private="false" />
  <Object
    Path="C:\projects\GitH\Various\ModbusMST\Logical\Libraries\runtime\runtime.var"
    LogicalPath="Libraries.runtime.runtime.var"
    Type="File"
    LastWriteTime="133598080188361767"
    Private="false" />
  <Object
    Path="C:\projects\GitH\Various\ModbusMST\Logical\Libraries\astime\binary.lby"
    LogicalPath="Libraries.astime"
    Type="Library"
    LastWriteTime="133598080196407535" />
  <Object
    Path="C:\projects\GitH\Various\ModbusMST\Logical\Libraries\astime\astime.fun"
    LogicalPath="Libraries.astime.astime.fun"
    Type="File"
    LastWriteTime="133598080196327550"
    Private="false" />
  <Object
    Path="C:\projects\GitH\Various\ModbusMST\Logical\Libraries\astime\astime.typ"
    LogicalPath="Libraries.astime.astime.typ"
    Type="File"
    LastWriteTime="133598080196357564"
    Private="false" />
  <Object
    Path="C:\projects\GitH\Various\ModbusMST\Logical\Libraries\astime\astime.var"
    LogicalPath="Libraries.astime.astime.var"
    Type="File"
    LastWriteTime="133598080196387321"
    Private="false" />
  <Object
    Path="C:\projects\GitH\Various\ModbusMST\Logical\Libraries\AsIecCon\binary.lby"
    LogicalPath="Libraries.AsIecCon"
    Type="Library"
    LastWriteTime="133598080205982033" />
  <Object
    Path="C:\projects\GitH\Various\ModbusMST\Logical\Libraries\AsIecCon\AsIecCon.fun"
    LogicalPath="Libraries.AsIecCon.AsIecCon.fun"
    Type="File"
    LastWriteTime="133598080205902202"
    Private="false" />
  <Object
    Path="C:\projects\GitH\Various\ModbusMST\Logical\Libraries\AsIecCon\AsIecCon.typ"
    LogicalPath="Libraries.AsIecCon.AsIecCon.typ"
    Type="File"
    LastWriteTime="133598080205942159"
    Private="false" />
  <Object
    Path="C:\projects\GitH\Various\ModbusMST\Logical\Libraries\AsIecCon\AsIecCon.var"
    LogicalPath="Libraries.AsIecCon.AsIecCon.var"
    Type="File"
    LastWriteTime="133598080205971882"
    Private="false" />
  <Object
    Path="C:\projects\GitH\Various\ModbusMST\Logical\Libraries\AsEPL\binary.lby"
    LogicalPath="Libraries.AsEPL"
    Type="Library"
    LastWriteTime="133602513258695454" />
  <Object
    Path="C:\projects\GitH\Various\ModbusMST\Logical\Libraries\AsEPL\AsEPL.fun"
    LogicalPath="Libraries.AsEPL.AsEPL.fun"
    Type="File"
    LastWriteTime="133602513258685490"
    Private="false" />
  <Object
    Path="C:\projects\GitH\Various\ModbusMST\Logical\Libraries\AsEPL\AsEPL.typ"
    LogicalPath="Libraries.AsEPL.AsEPL.typ"
    Type="File"
    LastWriteTime="133602513258685490"
    Private="false" />
  <Object
    Path="C:\projects\GitH\Various\ModbusMST\Logical\Libraries\AsEPL\AsEPL.var"
    LogicalPath="Libraries.AsEPL.AsEPL.var"
    Type="File"
    LastWriteTime="133602513258685490"
    Private="false" />
  <Object
    Path="C:\projects\GitH\Various\ModbusMST\Logical\MAIN\Package.pkg"
    LogicalPath="MAIN"
    Type="Package"
    LastWriteTime="133598227201527544" />
  <Object
    Path="C:\projects\GitH\Various\ModbusMST\Logical\MAIN\Program\IEC.prg"
    LogicalPath="MAIN.Program"
    Type="Program"
    LastWriteTime="133598227201527544" />
  <Object
    Path="C:\projects\GitH\Various\ModbusMST\Logical\MAIN\Program\Main.st"
    LogicalPath="MAIN.Program.Main.st"
    Type="File"
    LastWriteTime="133598538770000000"
    Private="false" />
  <Object
    Path="C:\projects\GitH\Various\ModbusMST\Logical\MAIN\Program\Types.typ"
    LogicalPath="MAIN.Program.Types.typ"
    Type="File"
    LastWriteTime="133598227201517505"
    Private="true" />
  <Object
    Path="C:\projects\GitH\Various\ModbusMST\Logical\MAIN\Program\Variables.var"
    LogicalPath="MAIN.Program.Variables.var"
    Type="File"
    LastWriteTime="133598538640000000"
    Private="true" />
  <Object
    Path="C:\projects\GitH\Various\ModbusMST\Logical\LibAsEPL1_ST\Package.pkg"
    LogicalPath="LibAsEPL1_ST"
    Type="Package"
    LastWriteTime="133602513258665605" />
  <Object
    Path="C:\projects\GitH\Various\ModbusMST\Logical\LibAsEPL1_ST\epl\IEC.prg"
    LogicalPath="LibAsEPL1_ST.epl"
    Type="Program"
    LastWriteTime="133602513258665605" />
  <Object
    Path="C:\projects\GitH\Various\ModbusMST\Logical\LibAsEPL1_ST\epl\eplCyclic.st"
    LogicalPath="LibAsEPL1_ST.epl.eplCyclic.st"
    Type="File"
    LastWriteTime="133602513258675518"
    Private="false" />
  <Object
    Path="C:\projects\GitH\Various\ModbusMST\Logical\LibAsEPL1_ST\epl\epl.typ"
    LogicalPath="LibAsEPL1_ST.epl.epl.typ"
    Type="File"
    LastWriteTime="133602513258675518"
    Private="true" />
  <Object
    Path="C:\projects\GitH\Various\ModbusMST\Logical\LibAsEPL1_ST\epl\epl.var"
    LogicalPath="LibAsEPL1_ST.epl.epl.var"
    Type="File"
    LastWriteTime="133602513258675518"
    Private="true" />
  <Object
    Path="C:\projects\GitH\Various\ModbusMST\Physical\1382\Config.pkg"
    LogicalPath="1382"
    Type="Configuration.ParentUnknown"
    LastWriteTime="133598080333046450" />
  <Object
    Path="C:\projects\GitH\Various\ModbusMST\Physical\1382\Hardware.hw"
    LogicalPath="1382.Hardware.hw"
    Type="File"
    LastWriteTime="133603287955856500"
    Private="false" />
  <Object
    Path="C:\projects\GitH\Various\ModbusMST\Physical\1382\Hardware.hwl"
    LogicalPath="1382.Hardware.hwl"
    Type="File"
    LastWriteTime="133601451326329182"
    Private="false" />
  <Object
    Path="C:\projects\GitH\Various\ModbusMST\Physical\1382\X20CP1382\Cpu.pkg"
    LogicalPath="1382.X20CP1382"
    Type="Cpu"
    LastWriteTime="133603287059221152" />
  <Object
    Path="C:\projects\GitH\Various\ModbusMST\Physical\1382\X20CP1382\Cpu.sw"
    LogicalPath="1382.X20CP1382.Cpu.sw"
    Type="File"
    LastWriteTime="133602513258715389"
    Private="false" />
  <Object
    Path="C:\projects\GitH\Various\ModbusMST\Physical\1382\X20CP1382\Cpu.per"
    LogicalPath="1382.X20CP1382.Cpu.per"
    Type="File"
    LastWriteTime="133598080231130099"
    Private="false" />
  <Object
    Path="C:\projects\GitH\Various\ModbusMST\Physical\1382\X20CP1382\IoMap.iom"
    LogicalPath="1382.X20CP1382.IoMap.iom"
    Type="File"
    LastWriteTime="133598539320000000"
    Private="false" />
  <Object
    Path="C:\projects\GitH\Various\ModbusMST\Physical\1382\X20CP1382\PvMap.vvm"
    LogicalPath="1382.X20CP1382.PvMap.vvm"
    Type="File"
    LastWriteTime="133598080231189723"
    Private="false" />
  <Object
    Path="C:\projects\GitH\Various\ModbusMST\Physical\1382\X20CP1382\Connectivity\Package.pkg"
    LogicalPath="1382.X20CP1382.Connectivity"
    Type="Package"
    LastWriteTime="133598080232172529" />
  <Object
    Path="C:\projects\GitH\Various\ModbusMST\Physical\1382\X20CP1382\Connectivity\OpcUA\Package.pkg"
    LogicalPath="1382.X20CP1382.Connectivity.OpcUA"
    Type="Package"
    LastWriteTime="133598080232152299" />
  <Object
    Path="C:\projects\GitH\Various\ModbusMST\Physical\1382\X20CP1382\TextSystem\Package.pkg"
    LogicalPath="1382.X20CP1382.TextSystem"
    Type="Package"
    LastWriteTime="133598080232251952" />
  <Object
    Path="C:\projects\GitH\Various\ModbusMST\Physical\1382\X20CP1382\UnitSystem\Package.pkg"
    LogicalPath="1382.X20CP1382.UnitSystem"
    Type="Package"
    LastWriteTime="133598080232331965" />
  <Object
    Path="C:\projects\GitH\Various\ModbusMST\Physical\1382\X20CP1382\AccessAndSecurity\Package.pkg"
    LogicalPath="1382.X20CP1382.AccessAndSecurity"
    Type="Package"
    LastWriteTime="133598080233134509" />
  <Object
    Path="C:\projects\GitH\Various\ModbusMST\Physical\1382\X20CP1382\AccessAndSecurity\UserRoleSystem\Package.pkg"
    LogicalPath="1382.X20CP1382.AccessAndSecurity.UserRoleSystem"
    Type="Package"
    LastWriteTime="133598080232540986" />
  <Object
    Path="C:\projects\GitH\Various\ModbusMST\Physical\1382\X20CP1382\AccessAndSecurity\UserRoleSystem\Role.role"
    LogicalPath="1382.X20CP1382.AccessAndSecurity.UserRoleSystem.Role.role"
    Type="File"
    LastWriteTime="133598080232491297"
    Private="false" />
  <Object
    Path="C:\projects\GitH\Various\ModbusMST\Physical\1382\X20CP1382\AccessAndSecurity\UserRoleSystem\User.user"
    LogicalPath="1382.X20CP1382.AccessAndSecurity.UserRoleSystem.User.user"
    Type="File"
    LastWriteTime="133598080232531087"
    Private="false" />
  <Object
    Path="C:\projects\GitH\Various\ModbusMST\Physical\1382\X20CP1382\AccessAndSecurity\CertificateStore\Package.pkg"
    LogicalPath="1382.X20CP1382.AccessAndSecurity.CertificateStore"
    Type="Package"
    LastWriteTime="133598080232964955" />
  <Object
    Path="C:\projects\GitH\Various\ModbusMST\Physical\1382\X20CP1382\AccessAndSecurity\CertificateStore\OwnCertificates\Package.pkg"
    LogicalPath="1382.X20CP1382.AccessAndSecurity.CertificateStore.OwnCertificates"
    Type="Package"
    LastWriteTime="133598080232740542" />
  <Object
    Path="C:\projects\GitH\Various\ModbusMST\Physical\1382\X20CP1382\AccessAndSecurity\CertificateStore\OwnCertificates\Certificates\Package.pkg"
    LogicalPath="1382.X20CP1382.AccessAndSecurity.CertificateStore.OwnCertificates.Certificates"
    Type="Package"
    LastWriteTime="133598080232680625" />
  <Object
    Path="C:\projects\GitH\Various\ModbusMST\Physical\1382\X20CP1382\AccessAndSecurity\CertificateStore\OwnCertificates\PrivateKeys\Package.pkg"
    LogicalPath="1382.X20CP1382.AccessAndSecurity.CertificateStore.OwnCertificates.PrivateKeys"
    Type="Package"
    LastWriteTime="133598080232730384" />
  <Object
    Path="C:\projects\GitH\Various\ModbusMST\Physical\1382\X20CP1382\AccessAndSecurity\CertificateStore\ThirdPartyCertificates\Package.pkg"
    LogicalPath="1382.X20CP1382.AccessAndSecurity.CertificateStore.ThirdPartyCertificates"
    Type="Package"
    LastWriteTime="133598080232845381" />
  <Object
    Path="C:\projects\GitH\Various\ModbusMST\Physical\1382\X20CP1382\AccessAndSecurity\CertificateStore\ThirdPartyCertificates\SoftwareCertificates\Package.pkg"
    LogicalPath="1382.X20CP1382.AccessAndSecurity.CertificateStore.ThirdPartyCertificates.SoftwareCertificates"
    Type="Package"
    LastWriteTime="133598080232835593" />
  <Object
    Path="C:\projects\GitH\Various\ModbusMST\Physical\1382\X20CP1382\AccessAndSecurity\CertificateStore\CertificateRevocationLists\Package.pkg"
    LogicalPath="1382.X20CP1382.AccessAndSecurity.CertificateStore.CertificateRevocationLists"
    Type="Package"
    LastWriteTime="133598080232905166" />
  <Object
    Path="C:\projects\GitH\Various\ModbusMST\Physical\1382\X20CP1382\AccessAndSecurity\CertificateStore\CertificateSigningRequests\Package.pkg"
    LogicalPath="1382.X20CP1382.AccessAndSecurity.CertificateStore.CertificateSigningRequests"
    Type="Package"
    LastWriteTime="133598080232955108" />
  <Object
    Path="C:\projects\GitH\Various\ModbusMST\Physical\1382\X20CP1382\AccessAndSecurity\TransportLayerSecurity\Package.pkg"
    LogicalPath="1382.X20CP1382.AccessAndSecurity.TransportLayerSecurity"
    Type="Package"
    LastWriteTime="133598080233025098" />
  <Object
    Path="C:\projects\GitH\Various\ModbusMST\Physical\1382\X20CP1382\AccessAndSecurity\Firewall\Package.pkg"
    LogicalPath="1382.X20CP1382.AccessAndSecurity.Firewall"
    Type="Package"
    LastWriteTime="133598080233124691" />
  <Object
    Path="C:\projects\GitH\Various\ModbusMST\Physical\1382\X20CP1382\AccessAndSecurity\Firewall\Rules.firewallRules"
    LogicalPath="1382.X20CP1382.AccessAndSecurity.Firewall.Rules.firewallRules"
    Type="File"
    LastWriteTime="133598080233114694"
    Private="false" />
  <Object
    Path="C:\projects\GitH\Various\ModbusMST\Physical\1382\X20CP1382\mappControl\Package.pkg"
    LogicalPath="1382.X20CP1382.mappControl"
    Type="Package"
    LastWriteTime="133598080233214133" />
  <Object
    Path="C:\projects\GitH\Various\ModbusMST\Physical\1382\X20CP1382\mappMotion\Package.pkg"
    LogicalPath="1382.X20CP1382.mappMotion"
    Type="Package"
    LastWriteTime="133598080233283896" />
  <Object
    Path="C:\projects\GitH\Various\ModbusMST\Physical\1382\X20CP1382\mappServices\Package.pkg"
    LogicalPath="1382.X20CP1382.mappServices"
    Type="Package"
    LastWriteTime="133598080233363621" />
  <Object
    Path="C:\projects\GitH\Various\ModbusMST\Physical\1382\X20CP1382\mappSafety\Package.pkg"
    LogicalPath="1382.X20CP1382.mappSafety"
    Type="Package"
    LastWriteTime="133598080233543022" />
  <Object
    Path="C:\projects\GitH\Various\ModbusMST\Physical\1382\X20CP1382\mappSafety\SafeApplication\Package.pkg"
    LogicalPath="1382.X20CP1382.mappSafety.SafeApplication"
    Type="Package"
    LastWriteTime="133598080233473340" />
  <Object
    Path="C:\projects\GitH\Various\ModbusMST\Physical\1382\X20CP1382\mappSafety\SafeCommissioning\Package.pkg"
    LogicalPath="1382.X20CP1382.mappSafety.SafeCommissioning"
    Type="Package"
    LastWriteTime="133598080233533100" />
  <Object
    Path="C:\projects\GitH\Various\ModbusMST\Physical\1382\X20CP1382\mappView\Package.pkg"
    LogicalPath="1382.X20CP1382.mappView"
    Type="Package"
    LastWriteTime="133598080233623021" />
  <Object
    Path="C:\projects\GitH\Various\ModbusMST\Physical\1382\X20CP1382\mappVision\Package.pkg"
    LogicalPath="1382.X20CP1382.mappVision"
    Type="Package"
    LastWriteTime="133598080233692973" />
  <Object
    Path="C:\projects\GitH\Various\ModbusMST\Physical\1382\X20CP1382\mappCockpit\Package.pkg"
    LogicalPath="1382.X20CP1382.mappCockpit"
    Type="Package"
    LastWriteTime="133598080233768097" />
  <Object
    Path="C:\projects\GitH\Various\ModbusMST\Physical\1382\X20CP1382\ExternalHardware\Package.pkg"
    LogicalPath="1382.X20CP1382.ExternalHardware"
    Type="Package"
    LastWriteTime="133603284611799281" />
  <Object
    Path="C:\projects\GitH\Various\ModbusMST\Physical\1382\X20CP1382\ExternalHardware\AB1L3LZX.ext"
    LogicalPath="1382.X20CP1382.ExternalHardware.AB1L3LZX.ext"
    Type="File"
    LastWriteTime="133601450347908050"
    Private="false" />
  <Object
    Path="C:\projects\GitH\Various\ModbusMST\Physical\1382\X20CP1382\ExternalHardware\ExternalHardwareDevices.xml"
    LogicalPath="1382.X20CP1382.ExternalHardware.ExternalHardwareDevices.xml"
    Type="File"
    LastWriteTime="133603284611819221"
    Private="false" />
  <Object
    Path="C:\projects\GitH\Various\ModbusMST\Physical\1382\X20CP1382\ExternalHardware\XWPM3B4B.ext"
    LogicalPath="1382.X20CP1382.ExternalHardware.XWPM3B4B.ext"
    Type="File"
    LastWriteTime="132575150080000000"
    Private="false" />
  <Object
    Path="C:\projects\GitH\Various\ModbusMST\Physical\1382\X20CP1382\ExternalHardware\BMC7H0SZ.ext"
    LogicalPath="1382.X20CP1382.ExternalHardware.BMC7H0SZ.ext"
    Type="File"
    LastWriteTime="133602513258725350"
    Private="false" />
  <Object
    Path="C:\projects\GitH\Various\ModbusMST\Physical\1382\X20CP1382\ExternalHardware\MAEPUGJZ.ext"
    LogicalPath="1382.X20CP1382.ExternalHardware.MAEPUGJZ.ext"
    Type="File"
    LastWriteTime="133603276556842153"
    Private="false" />
  <Object
    Path="C:\projects\GitH\Various\ModbusMST\Physical\1382\Hardware.jpg"
    LogicalPath="1382.Hardware.jpg"
    Type="File"
    LastWriteTime="133601451338879845"
    Private="false" />
</Objects>