C:\projects\GitH\Various\CAN_TEST\AVENTICS_TEST\Logical\Global.typ
C:\projects\GitH\Various\CAN_TEST\AVENTICS_TEST\Logical\Global.var
C:\projects\GitH\Various\CAN_TEST\AVENTICS_TEST\Logical\Libraries\operator\operator.fun
C:\projects\GitH\Various\CAN_TEST\AVENTICS_TEST\Logical\Libraries\operator\operator.typ
C:\projects\GitH\Various\CAN_TEST\AVENTICS_TEST\Logical\Libraries\operator\operator.var
C:\projects\GitH\Various\CAN_TEST\AVENTICS_TEST\Logical\Libraries\runtime\runtime.fun
C:\projects\GitH\Various\CAN_TEST\AVENTICS_TEST\Logical\Libraries\runtime\runtime.typ
C:\projects\GitH\Various\CAN_TEST\AVENTICS_TEST\Logical\Libraries\runtime\runtime.var
C:\projects\GitH\Various\CAN_TEST\AVENTICS_TEST\Logical\Libraries\astime\astime.fun
C:\projects\GitH\Various\CAN_TEST\AVENTICS_TEST\Logical\Libraries\astime\astime.typ
C:\projects\GitH\Various\CAN_TEST\AVENTICS_TEST\Logical\Libraries\astime\astime.var
C:\projects\GitH\Various\CAN_TEST\AVENTICS_TEST\Logical\Libraries\AsIecCon\AsIecCon.fun
C:\projects\GitH\Various\CAN_TEST\AVENTICS_TEST\Logical\Libraries\AsIecCon\AsIecCon.typ
C:\projects\GitH\Various\CAN_TEST\AVENTICS_TEST\Logical\Libraries\AsIecCon\AsIecCon.var
