<?xml version="1.0" encoding="utf-8"?>
<?AutomationStudio Version="4.9.5.36 SP"?>
<Objects>
  <Object
    Path="C:\projects\MM_movim_manuale\Logical\Package.pkg"
    LogicalPath=""
    Type="Package.ParentUnknown"
    LastWriteTime="133017565150926880" />
  <Object
    Path="C:\projects\MM_movim_manuale\Temp\Includes\AS_TempDecl\Config1\GlobalComponents\MpComponents.var"
    LogicalPath="MpComponents.var"
    Type="File"
    LastWriteTime="133017599644696449"
    Private="false" />
  <Object
    Path="C:\projects\MM_movim_manuale\Logical\Global.typ"
    LogicalPath="Global.typ"
    Type="File"
    LastWriteTime="133017588469657107"
    Private="false" />
  <Object
    Path="C:\projects\MM_movim_manuale\Logical\Global.var"
    LogicalPath="Global.var"
    Type="File"
    LastWriteTime="133017588470282251"
    Private="false" />
  <Object
    Path="C:\projects\MM_movim_manuale\Logical\Libraries\Package.pkg"
    LogicalPath="Libraries"
    Type="Package"
    LastWriteTime="133017566537750867" />
  <Object
    Path="C:\projects\MM_movim_manuale\Logical\Libraries\operator\binary.lby"
    LogicalPath="Libraries.operator"
    Type="Library"
    LastWriteTime="133015750009340836" />
  <Object
    Path="C:\projects\MM_movim_manuale\Logical\Libraries\operator\operator.fun"
    LogicalPath="Libraries.operator.operator.fun"
    Type="File"
    LastWriteTime="133015750009240804"
    Private="false" />
  <Object
    Path="C:\projects\MM_movim_manuale\Logical\Libraries\operator\operator.typ"
    LogicalPath="Libraries.operator.operator.typ"
    Type="File"
    LastWriteTime="133015750009340836"
    Private="false" />
  <Object
    Path="C:\projects\MM_movim_manuale\Logical\Libraries\operator\operator.var"
    LogicalPath="Libraries.operator.operator.var"
    Type="File"
    LastWriteTime="133015750009340836"
    Private="false" />
  <Object
    Path="C:\projects\MM_movim_manuale\Logical\Libraries\runtime\binary.lby"
    LogicalPath="Libraries.runtime"
    Type="Library"
    LastWriteTime="133015750012870334" />
  <Object
    Path="C:\projects\MM_movim_manuale\Logical\Libraries\runtime\runtime.fun"
    LogicalPath="Libraries.runtime.runtime.fun"
    Type="File"
    LastWriteTime="133015750012870334"
    Private="false" />
  <Object
    Path="C:\projects\MM_movim_manuale\Logical\Libraries\runtime\runtime.typ"
    LogicalPath="Libraries.runtime.runtime.typ"
    Type="File"
    LastWriteTime="133015750012870334"
    Private="false" />
  <Object
    Path="C:\projects\MM_movim_manuale\Logical\Libraries\runtime\runtime.var"
    LogicalPath="Libraries.runtime.runtime.var"
    Type="File"
    LastWriteTime="133015750012870334"
    Private="false" />
  <Object
    Path="C:\projects\MM_movim_manuale\Logical\Libraries\astime\binary.lby"
    LogicalPath="Libraries.astime"
    Type="Library"
    LastWriteTime="133015750016114502" />
  <Object
    Path="C:\projects\MM_movim_manuale\Logical\Libraries\astime\astime.fun"
    LogicalPath="Libraries.astime.astime.fun"
    Type="File"
    LastWriteTime="133015750016114502"
    Private="false" />
  <Object
    Path="C:\projects\MM_movim_manuale\Logical\Libraries\astime\astime.typ"
    LogicalPath="Libraries.astime.astime.typ"
    Type="File"
    LastWriteTime="133015750016114502"
    Private="false" />
  <Object
    Path="C:\projects\MM_movim_manuale\Logical\Libraries\astime\astime.var"
    LogicalPath="Libraries.astime.astime.var"
    Type="File"
    LastWriteTime="133015750016114502"
    Private="false" />
  <Object
    Path="C:\projects\MM_movim_manuale\Logical\Libraries\AsIecCon\binary.lby"
    LogicalPath="Libraries.AsIecCon"
    Type="Library"
    LastWriteTime="133015750019349358" />
  <Object
    Path="C:\projects\MM_movim_manuale\Logical\Libraries\AsIecCon\AsIecCon.fun"
    LogicalPath="Libraries.AsIecCon.AsIecCon.fun"
    Type="File"
    LastWriteTime="133015750019349358"
    Private="false" />
  <Object
    Path="C:\projects\MM_movim_manuale\Logical\Libraries\AsIecCon\AsIecCon.typ"
    LogicalPath="Libraries.AsIecCon.AsIecCon.typ"
    Type="File"
    LastWriteTime="133015750019349358"
    Private="false" />
  <Object
    Path="C:\projects\MM_movim_manuale\Logical\Libraries\AsIecCon\AsIecCon.var"
    LogicalPath="Libraries.AsIecCon.AsIecCon.var"
    Type="File"
    LastWriteTime="133015750019349358"
    Private="false" />
  <Object
    Path="C:\projects\MM_movim_manuale\Logical\Libraries\MpBase\Binary.lby"
    LogicalPath="Libraries.MpBase"
    Type="Library"
    LastWriteTime="133015860922652204" />
  <Object
    Path="C:\projects\MM_movim_manuale\Logical\Libraries\MpBase\MpBase.typ"
    LogicalPath="Libraries.MpBase.MpBase.typ"
    Type="File"
    LastWriteTime="133015860922572184"
    Private="false" />
  <Object
    Path="C:\projects\MM_movim_manuale\Logical\Libraries\MpBase\MpBase.var"
    LogicalPath="Libraries.MpBase.MpBase.var"
    Type="File"
    LastWriteTime="133015860922592185"
    Private="false" />
  <Object
    Path="C:\projects\MM_movim_manuale\Logical\Libraries\MpBase\MpBase.fun"
    LogicalPath="Libraries.MpBase.MpBase.fun"
    Type="File"
    LastWriteTime="133015860922622188"
    Private="false" />
  <Object
    Path="C:\projects\MM_movim_manuale\Logical\Libraries\MpBase\Common_EventLog.tmx"
    LogicalPath="Libraries.MpBase.Common_EventLog.tmx"
    Type="File"
    LastWriteTime="133015860922652204"
    Private="false" />
  <Object
    Path="C:\projects\MM_movim_manuale\Logical\Libraries\MpAlarmX\Binary.lby"
    LogicalPath="Libraries.MpAlarmX"
    Type="Library"
    LastWriteTime="133015861369371884" />
  <Object
    Path="C:\projects\MM_movim_manuale\Logical\Libraries\MpAlarmX\MpAlarmX.typ"
    LogicalPath="Libraries.MpAlarmX.MpAlarmX.typ"
    Type="File"
    LastWriteTime="133015861369311870"
    Private="false" />
  <Object
    Path="C:\projects\MM_movim_manuale\Logical\Libraries\MpAlarmX\MpAlarmXError.typ"
    LogicalPath="Libraries.MpAlarmX.MpAlarmXError.typ"
    Type="File"
    LastWriteTime="133015861369341878"
    Private="false" />
  <Object
    Path="C:\projects\MM_movim_manuale\Logical\Libraries\MpAlarmX\MpAlarmX.fun"
    LogicalPath="Libraries.MpAlarmX.MpAlarmX.fun"
    Type="File"
    LastWriteTime="133015861369361881"
    Private="false" />
  <Object
    Path="C:\projects\MM_movim_manuale\Logical\Libraries\MpAssetInt\Binary.lby"
    LogicalPath="Libraries.MpAssetInt"
    Type="Library"
    LastWriteTime="133015908009404880" />
  <Object
    Path="C:\projects\MM_movim_manuale\Logical\Libraries\MpAssetInt\MpAssetInt.typ"
    LogicalPath="Libraries.MpAssetInt.MpAssetInt.typ"
    Type="File"
    LastWriteTime="133015908009252764"
    Private="false" />
  <Object
    Path="C:\projects\MM_movim_manuale\Logical\Libraries\MpAssetInt\MpAssetInt.fun"
    LogicalPath="Libraries.MpAssetInt.MpAssetInt.fun"
    Type="File"
    LastWriteTime="133015908009272769"
    Private="false" />
  <Object
    Path="C:\projects\MM_movim_manuale\Logical\Libraries\MpAssetInt\MpAssetIntAlarm.typ"
    LogicalPath="Libraries.MpAssetInt.MpAssetIntAlarm.typ"
    Type="File"
    LastWriteTime="133015908009374855"
    Private="false" />
  <Object
    Path="C:\projects\MM_movim_manuale\Logical\Libraries\MpAssetInt\MpAssetIntError.typ"
    LogicalPath="Libraries.MpAssetInt.MpAssetIntError.typ"
    Type="File"
    LastWriteTime="133015908009394877"
    Private="false" />
  <Object
    Path="C:\projects\MM_movim_manuale\Logical\Libraries\sys_lib\binary.lby"
    LogicalPath="Libraries.sys_lib"
    Type="Library"
    LastWriteTime="133015908009903647" />
  <Object
    Path="C:\projects\MM_movim_manuale\Logical\Libraries\sys_lib\sys_lib.fun"
    LogicalPath="Libraries.sys_lib.sys_lib.fun"
    Type="File"
    LastWriteTime="133015908009847627"
    Private="false" />
  <Object
    Path="C:\projects\MM_movim_manuale\Logical\Libraries\sys_lib\sys_lib.typ"
    LogicalPath="Libraries.sys_lib.sys_lib.typ"
    Type="File"
    LastWriteTime="133015908009873098"
    Private="false" />
  <Object
    Path="C:\projects\MM_movim_manuale\Logical\Libraries\sys_lib\sys_lib.var"
    LogicalPath="Libraries.sys_lib.sys_lib.var"
    Type="File"
    LastWriteTime="133015908009898550"
    Private="false" />
  <Object
    Path="C:\projects\MM_movim_manuale\Logical\Libraries\standard\binary.lby"
    LogicalPath="Libraries.standard"
    Type="Library"
    LastWriteTime="133016706337747317" />
  <Object
    Path="C:\projects\MM_movim_manuale\Logical\Libraries\standard\standard.fun"
    LogicalPath="Libraries.standard.standard.fun"
    Type="File"
    LastWriteTime="133016706337647299"
    Private="false" />
  <Object
    Path="C:\projects\MM_movim_manuale\Logical\Libraries\standard\standard.typ"
    LogicalPath="Libraries.standard.standard.typ"
    Type="File"
    LastWriteTime="133016706337707313"
    Private="false" />
  <Object
    Path="C:\projects\MM_movim_manuale\Logical\Libraries\standard\standard.var"
    LogicalPath="Libraries.standard.standard.var"
    Type="File"
    LastWriteTime="133016706337737319"
    Private="false" />
  <Object
    Path="C:\projects\MM_movim_manuale\Logical\Libraries\MpEnergy\Binary.lby"
    LogicalPath="Libraries.MpEnergy"
    Type="Library"
    LastWriteTime="133017495301320260" />
  <Object
    Path="C:\projects\MM_movim_manuale\Logical\Libraries\MpEnergy\MpEnergy.typ"
    LogicalPath="Libraries.MpEnergy.MpEnergy.typ"
    Type="File"
    LastWriteTime="133017495301219234"
    Private="false" />
  <Object
    Path="C:\projects\MM_movim_manuale\Logical\Libraries\MpEnergy\MpEnergyError.typ"
    LogicalPath="Libraries.MpEnergy.MpEnergyError.typ"
    Type="File"
    LastWriteTime="133017495301219234"
    Private="false" />
  <Object
    Path="C:\projects\MM_movim_manuale\Logical\Libraries\MpEnergy\MpEnergyAlarm.typ"
    LogicalPath="Libraries.MpEnergy.MpEnergyAlarm.typ"
    Type="File"
    LastWriteTime="133017495301219234"
    Private="false" />
  <Object
    Path="C:\projects\MM_movim_manuale\Logical\Libraries\MpEnergy\MpEnergy.fun"
    LogicalPath="Libraries.MpEnergy.MpEnergy.fun"
    Type="File"
    LastWriteTime="133017495301320260"
    Private="false" />
  <Object
    Path="C:\projects\MM_movim_manuale\Logical\Libraries\MpData\Binary.lby"
    LogicalPath="Libraries.MpData"
    Type="Library"
    LastWriteTime="133017566536447036" />
  <Object
    Path="C:\projects\MM_movim_manuale\Logical\Libraries\MpData\MpData.typ"
    LogicalPath="Libraries.MpData.MpData.typ"
    Type="File"
    LastWriteTime="133017566536366994"
    Private="false" />
  <Object
    Path="C:\projects\MM_movim_manuale\Logical\Libraries\MpData\MpDataError.typ"
    LogicalPath="Libraries.MpData.MpDataError.typ"
    Type="File"
    LastWriteTime="133017566536447036"
    Private="false" />
  <Object
    Path="C:\projects\MM_movim_manuale\Logical\Libraries\MpData\MpDataAlarm.typ"
    LogicalPath="Libraries.MpData.MpDataAlarm.typ"
    Type="File"
    LastWriteTime="133017566536447036"
    Private="false" />
  <Object
    Path="C:\projects\MM_movim_manuale\Logical\Libraries\MpData\MpData.fun"
    LogicalPath="Libraries.MpData.MpData.fun"
    Type="File"
    LastWriteTime="133017566536447036"
    Private="false" />
  <Object
    Path="C:\projects\MM_movim_manuale\Logical\Libraries\FileIO\binary.lby"
    LogicalPath="Libraries.FileIO"
    Type="Library"
    LastWriteTime="133017566537169411" />
  <Object
    Path="C:\projects\MM_movim_manuale\Logical\Libraries\FileIO\FileIO.fun"
    LogicalPath="Libraries.FileIO.FileIO.fun"
    Type="File"
    LastWriteTime="133017566537048951"
    Private="false" />
  <Object
    Path="C:\projects\MM_movim_manuale\Logical\Libraries\FileIO\FileIO.typ"
    LogicalPath="Libraries.FileIO.FileIO.typ"
    Type="File"
    LastWriteTime="133017566537149203"
    Private="false" />
  <Object
    Path="C:\projects\MM_movim_manuale\Logical\Libraries\FileIO\FileIO.var"
    LogicalPath="Libraries.FileIO.FileIO.var"
    Type="File"
    LastWriteTime="133017566537169411"
    Private="false" />
  <Object
    Path="C:\projects\MM_movim_manuale\Logical\Libraries\DataObj\binary.lby"
    LogicalPath="Libraries.DataObj"
    Type="Library"
    LastWriteTime="133017566537349740" />
  <Object
    Path="C:\projects\MM_movim_manuale\Logical\Libraries\DataObj\DataObj.fun"
    LogicalPath="Libraries.DataObj.DataObj.fun"
    Type="File"
    LastWriteTime="133017566537349740"
    Private="false" />
  <Object
    Path="C:\projects\MM_movim_manuale\Logical\Libraries\DataObj\DataObj.typ"
    LogicalPath="Libraries.DataObj.DataObj.typ"
    Type="File"
    LastWriteTime="133017566537349740"
    Private="false" />
  <Object
    Path="C:\projects\MM_movim_manuale\Logical\Libraries\DataObj\DataObj.var"
    LogicalPath="Libraries.DataObj.DataObj.var"
    Type="File"
    LastWriteTime="133017566537349740"
    Private="false" />
  <Object
    Path="C:\projects\MM_movim_manuale\Logical\Libraries\brsystem\binary.lby"
    LogicalPath="Libraries.brsystem"
    Type="Library"
    LastWriteTime="133017566537650581" />
  <Object
    Path="C:\projects\MM_movim_manuale\Logical\Libraries\brsystem\brsystem.fun"
    LogicalPath="Libraries.brsystem.brsystem.fun"
    Type="File"
    LastWriteTime="133017566537650581"
    Private="false" />
  <Object
    Path="C:\projects\MM_movim_manuale\Logical\Libraries\brsystem\brsystem.typ"
    LogicalPath="Libraries.brsystem.brsystem.typ"
    Type="File"
    LastWriteTime="133017566537650581"
    Private="false" />
  <Object
    Path="C:\projects\MM_movim_manuale\Logical\Libraries\brsystem\brsystem.var"
    LogicalPath="Libraries.brsystem.brsystem.var"
    Type="File"
    LastWriteTime="133017566537650581"
    Private="false" />
  <Object
    Path="C:\projects\MM_movim_manuale\Logical\Visu\Vc.dob"
    LogicalPath="Visu"
    Type="DataObject"
    LastWriteTime="133015750986945034" />
  <Object
    Path="C:\projects\MM_movim_manuale\Logical\Visu\VCObject.vc"
    LogicalPath="Visu.VCObject.vc"
    Type="File"
    LastWriteTime="133015750986945034"
    Private="false" />
  <Object
    Path="C:\projects\MM_movim_manuale\Logical\Program\ANSIC.prg"
    LogicalPath="Program"
    Type="Program"
    LastWriteTime="133015754370941249" />
  <Object
    Path="C:\projects\MM_movim_manuale\Logical\Program\Cyclic.c"
    LogicalPath="Program.Cyclic.c"
    Type="File"
    LastWriteTime="133017630942331484"
    Private="false" />
  <Object
    Path="C:\projects\MM_movim_manuale\Logical\Program\Init.c"
    LogicalPath="Program.Init.c"
    Type="File"
    LastWriteTime="133015946520181868"
    Private="false" />
  <Object
    Path="C:\projects\MM_movim_manuale\Logical\Program\Exit.c"
    LogicalPath="Program.Exit.c"
    Type="File"
    LastWriteTime="133015754370784991"
    Private="false" />
  <Object
    Path="C:\projects\MM_movim_manuale\Logical\Program\Types.typ"
    LogicalPath="Program.Types.typ"
    Type="File"
    LastWriteTime="133015754370784991"
    Private="true" />
  <Object
    Path="C:\projects\MM_movim_manuale\Logical\Program\Variables.var"
    LogicalPath="Program.Variables.var"
    Type="File"
    LastWriteTime="133016786059500603"
    Private="true" />
  <Object
    Path="C:\projects\MM_movim_manuale\Logical\clock\IEC.prg"
    LogicalPath="clock"
    Type="Program"
    LastWriteTime="133015859515654991" />
  <Object
    Path="C:\projects\MM_movim_manuale\Logical\clock\Cyclic.st"
    LogicalPath="clock.Cyclic.st"
    Type="File"
    LastWriteTime="133015860552695075"
    Private="false" />
  <Object
    Path="C:\projects\MM_movim_manuale\Logical\clock\Init.st"
    LogicalPath="clock.Init.st"
    Type="File"
    LastWriteTime="133015859220772722"
    Private="false" />
  <Object
    Path="C:\projects\MM_movim_manuale\Logical\clock\Exit.st"
    LogicalPath="clock.Exit.st"
    Type="File"
    LastWriteTime="133015859220792725"
    Private="false" />
  <Object
    Path="C:\projects\MM_movim_manuale\Logical\clock\Types.typ"
    LogicalPath="clock.Types.typ"
    Type="File"
    LastWriteTime="133015859220822733"
    Private="true" />
  <Object
    Path="C:\projects\MM_movim_manuale\Logical\clock\Variables.var"
    LogicalPath="clock.Variables.var"
    Type="File"
    LastWriteTime="133015860542595188"
    Private="true" />
  <Object
    Path="C:\projects\MM_movim_manuale\Logical\Alarm\IEC.prg"
    LogicalPath="Alarm"
    Type="Program"
    LastWriteTime="133015860409301004" />
  <Object
    Path="C:\projects\MM_movim_manuale\Logical\Alarm\Cyclic.ld"
    LogicalPath="Alarm.Cyclic.ld"
    Type="File"
    LastWriteTime="133017578711587012"
    Private="false" />
  <Object
    Path="C:\projects\MM_movim_manuale\Logical\Alarm\Variables.var"
    LogicalPath="Alarm.Variables.var"
    Type="File"
    LastWriteTime="133015880764215333"
    Private="true" />
  <Object
    Path="C:\projects\MM_movim_manuale\Logical\Data\IEC.prg"
    LogicalPath="Data"
    Type="Program"
    LastWriteTime="133017565150926880" />
  <Object
    Path="C:\projects\MM_movim_manuale\Logical\Data\Cyclic.ld"
    LogicalPath="Data.Cyclic.ld"
    Type="File"
    LastWriteTime="133017603561244196"
    Private="false" />
  <Object
    Path="C:\projects\MM_movim_manuale\Logical\Data\Init.ld"
    LogicalPath="Data.Init.ld"
    Type="File"
    LastWriteTime="133017576973416853"
    Private="false" />
  <Object
    Path="C:\projects\MM_movim_manuale\Logical\Data\Variables.var"
    LogicalPath="Data.Variables.var"
    Type="File"
    LastWriteTime="133017576488230259"
    Private="true" />
  <Object
    Path="C:\projects\MM_movim_manuale\Physical\Config1\Config.pkg"
    LogicalPath="Config1"
    Type="Configuration.ParentUnknown"
    LastWriteTime="133015750067203452" />
  <Object
    Path="C:\projects\MM_movim_manuale\Physical\Config1\Hardware.hw"
    LogicalPath="Config1.Hardware.hw"
    Type="File"
    LastWriteTime="133017606467485927"
    Private="false" />
  <Object
    Path="C:\projects\MM_movim_manuale\Physical\Config1\Hardware.hwl"
    LogicalPath="Config1.Hardware.hwl"
    Type="File"
    LastWriteTime="133015971884825757"
    Private="false" />
  <Object
    Path="C:\projects\MM_movim_manuale\Physical\Config1\X20CP1301\Cpu.pkg"
    LogicalPath="Config1.X20CP1301"
    Type="Cpu"
    LastWriteTime="133017611459151562" />
  <Object
    Path="C:\projects\MM_movim_manuale\Physical\Config1\X20CP1301\Cpu.sw"
    LogicalPath="Config1.X20CP1301.Cpu.sw"
    Type="File"
    LastWriteTime="133017566539272089"
    Private="false" />
  <Object
    Path="C:\projects\MM_movim_manuale\Physical\Config1\X20CP1301\Cpu.per"
    LogicalPath="Config1.X20CP1301.Cpu.per"
    Type="File"
    LastWriteTime="133015750030293847"
    Private="false" />
  <Object
    Path="C:\projects\MM_movim_manuale\Physical\Config1\X20CP1301\IoMap.iom"
    LogicalPath="Config1.X20CP1301.IoMap.iom"
    Type="File"
    LastWriteTime="133017475897113499"
    Private="false" />
  <Object
    Path="C:\projects\MM_movim_manuale\Physical\Config1\X20CP1301\PvMap.vvm"
    LogicalPath="Config1.X20CP1301.PvMap.vvm"
    Type="File"
    LastWriteTime="133015750030293847"
    Private="false" />
  <Object
    Path="C:\projects\MM_movim_manuale\Physical\Config1\X20CP1301\Connectivity\Package.pkg"
    LogicalPath="Config1.X20CP1301.Connectivity"
    Type="Package"
    LastWriteTime="133015750030606371" />
  <Object
    Path="C:\projects\MM_movim_manuale\Physical\Config1\X20CP1301\Connectivity\OpcUA\Package.pkg"
    LogicalPath="Config1.X20CP1301.Connectivity.OpcUA"
    Type="Package"
    LastWriteTime="133015750030606371" />
  <Object
    Path="C:\projects\MM_movim_manuale\Physical\Config1\X20CP1301\TextSystem\Package.pkg"
    LogicalPath="Config1.X20CP1301.TextSystem"
    Type="Package"
    LastWriteTime="133015750030606371" />
  <Object
    Path="C:\projects\MM_movim_manuale\Physical\Config1\X20CP1301\UnitSystem\Package.pkg"
    LogicalPath="Config1.X20CP1301.UnitSystem"
    Type="Package"
    LastWriteTime="133015750030606371" />
  <Object
    Path="C:\projects\MM_movim_manuale\Physical\Config1\X20CP1301\AccessAndSecurity\Package.pkg"
    LogicalPath="Config1.X20CP1301.AccessAndSecurity"
    Type="Package"
    LastWriteTime="133015750031231406" />
  <Object
    Path="C:\projects\MM_movim_manuale\Physical\Config1\X20CP1301\AccessAndSecurity\UserRoleSystem\Package.pkg"
    LogicalPath="Config1.X20CP1301.AccessAndSecurity.UserRoleSystem"
    Type="Package"
    LastWriteTime="133015750030762631" />
  <Object
    Path="C:\projects\MM_movim_manuale\Physical\Config1\X20CP1301\AccessAndSecurity\UserRoleSystem\Role.role"
    LogicalPath="Config1.X20CP1301.AccessAndSecurity.UserRoleSystem.Role.role"
    Type="File"
    LastWriteTime="133015750030762631"
    Private="false" />
  <Object
    Path="C:\projects\MM_movim_manuale\Physical\Config1\X20CP1301\AccessAndSecurity\UserRoleSystem\User.user"
    LogicalPath="Config1.X20CP1301.AccessAndSecurity.UserRoleSystem.User.user"
    Type="File"
    LastWriteTime="133015750030762631"
    Private="false" />
  <Object
    Path="C:\projects\MM_movim_manuale\Physical\Config1\X20CP1301\AccessAndSecurity\CertificateStore\Package.pkg"
    LogicalPath="Config1.X20CP1301.AccessAndSecurity.CertificateStore"
    Type="Package"
    LastWriteTime="133015750031075151" />
  <Object
    Path="C:\projects\MM_movim_manuale\Physical\Config1\X20CP1301\AccessAndSecurity\CertificateStore\OwnCertificates\Package.pkg"
    LogicalPath="Config1.X20CP1301.AccessAndSecurity.CertificateStore.OwnCertificates"
    Type="Package"
    LastWriteTime="133015750030918886" />
  <Object
    Path="C:\projects\MM_movim_manuale\Physical\Config1\X20CP1301\AccessAndSecurity\CertificateStore\OwnCertificates\Certificates\Package.pkg"
    LogicalPath="Config1.X20CP1301.AccessAndSecurity.CertificateStore.OwnCertificates.Certificates"
    Type="Package"
    LastWriteTime="133015750030918886" />
  <Object
    Path="C:\projects\MM_movim_manuale\Physical\Config1\X20CP1301\AccessAndSecurity\CertificateStore\OwnCertificates\PrivateKeys\Package.pkg"
    LogicalPath="Config1.X20CP1301.AccessAndSecurity.CertificateStore.OwnCertificates.PrivateKeys"
    Type="Package"
    LastWriteTime="133015750030918886" />
  <Object
    Path="C:\projects\MM_movim_manuale\Physical\Config1\X20CP1301\AccessAndSecurity\CertificateStore\ThirdPartyCertificates\Package.pkg"
    LogicalPath="Config1.X20CP1301.AccessAndSecurity.CertificateStore.ThirdPartyCertificates"
    Type="Package"
    LastWriteTime="133015750030918886" />
  <Object
    Path="C:\projects\MM_movim_manuale\Physical\Config1\X20CP1301\AccessAndSecurity\CertificateStore\ThirdPartyCertificates\SoftwareCertificates\Package.pkg"
    LogicalPath="Config1.X20CP1301.AccessAndSecurity.CertificateStore.ThirdPartyCertificates.SoftwareCertificates"
    Type="Package"
    LastWriteTime="133015750030918886" />
  <Object
    Path="C:\projects\MM_movim_manuale\Physical\Config1\X20CP1301\AccessAndSecurity\CertificateStore\CertificateRevocationLists\Package.pkg"
    LogicalPath="Config1.X20CP1301.AccessAndSecurity.CertificateStore.CertificateRevocationLists"
    Type="Package"
    LastWriteTime="133015750031075151" />
  <Object
    Path="C:\projects\MM_movim_manuale\Physical\Config1\X20CP1301\AccessAndSecurity\CertificateStore\CertificateSigningRequests\Package.pkg"
    LogicalPath="Config1.X20CP1301.AccessAndSecurity.CertificateStore.CertificateSigningRequests"
    Type="Package"
    LastWriteTime="133015750031075151" />
  <Object
    Path="C:\projects\MM_movim_manuale\Physical\Config1\X20CP1301\AccessAndSecurity\TransportLayerSecurity\Package.pkg"
    LogicalPath="Config1.X20CP1301.AccessAndSecurity.TransportLayerSecurity"
    Type="Package"
    LastWriteTime="133015750031075151" />
  <Object
    Path="C:\projects\MM_movim_manuale\Physical\Config1\X20CP1301\AccessAndSecurity\Firewall\Package.pkg"
    LogicalPath="Config1.X20CP1301.AccessAndSecurity.Firewall"
    Type="Package"
    LastWriteTime="133015750031231406" />
  <Object
    Path="C:\projects\MM_movim_manuale\Physical\Config1\X20CP1301\AccessAndSecurity\Firewall\Rules.firewallRules"
    LogicalPath="Config1.X20CP1301.AccessAndSecurity.Firewall.Rules.firewallRules"
    Type="File"
    LastWriteTime="133015750031231406"
    Private="false" />
  <Object
    Path="C:\projects\MM_movim_manuale\Physical\Config1\X20CP1301\mappControl\Package.pkg"
    LogicalPath="Config1.X20CP1301.mappControl"
    Type="Package"
    LastWriteTime="133015750031231406" />
  <Object
    Path="C:\projects\MM_movim_manuale\Physical\Config1\X20CP1301\mappMotion\Package.pkg"
    LogicalPath="Config1.X20CP1301.mappMotion"
    Type="Package"
    LastWriteTime="133015750031231406" />
  <Object
    Path="C:\projects\MM_movim_manuale\Physical\Config1\X20CP1301\mappServices\Package.pkg"
    LogicalPath="Config1.X20CP1301.mappServices"
    Type="Package"
    LastWriteTime="133017566526027669" />
  <Object
    Path="C:\projects\MM_movim_manuale\Physical\Config1\X20CP1301\mappServices\Config.mpalarmxcore"
    LogicalPath="Config1.X20CP1301.mappServices.Config.mpalarmxcore"
    Type="File"
    LastWriteTime="133015877821044374"
    Private="false" />
  <Object
    Path="C:\projects\MM_movim_manuale\Physical\Config1\X20CP1301\mappServices\Config_1.mpalarmxhistory"
    LogicalPath="Config1.X20CP1301.mappServices.Config_1.mpalarmxhistory"
    Type="File"
    LastWriteTime="133015879089232487"
    Private="false" />
  <Object
    Path="C:\projects\MM_movim_manuale\Physical\Config1\X20CP1301\mappServices\Config_2.mpdatarecorder"
    LogicalPath="Config1.X20CP1301.mappServices.Config_2.mpdatarecorder"
    Type="File"
    LastWriteTime="133017608274467111"
    Private="false" />
  <Object
    Path="C:\projects\MM_movim_manuale\Physical\Config1\X20CP1301\mappSafety\Package.pkg"
    LogicalPath="Config1.X20CP1301.mappSafety"
    Type="Package"
    LastWriteTime="133015750031387665" />
  <Object
    Path="C:\projects\MM_movim_manuale\Physical\Config1\X20CP1301\mappSafety\SafeApplication\Package.pkg"
    LogicalPath="Config1.X20CP1301.mappSafety.SafeApplication"
    Type="Package"
    LastWriteTime="133015750031387665" />
  <Object
    Path="C:\projects\MM_movim_manuale\Physical\Config1\X20CP1301\mappSafety\SafeCommissioning\Package.pkg"
    LogicalPath="Config1.X20CP1301.mappSafety.SafeCommissioning"
    Type="Package"
    LastWriteTime="133015750031387665" />
  <Object
    Path="C:\projects\MM_movim_manuale\Physical\Config1\X20CP1301\mappView\Package.pkg"
    LogicalPath="Config1.X20CP1301.mappView"
    Type="Package"
    LastWriteTime="133015750031387665" />
  <Object
    Path="C:\projects\MM_movim_manuale\Physical\Config1\X20CP1301\mappVision\Package.pkg"
    LogicalPath="Config1.X20CP1301.mappVision"
    Type="Package"
    LastWriteTime="133015750031543927" />
  <Object
    Path="C:\projects\MM_movim_manuale\Physical\Config1\X20CP1301\mappCockpit\Package.pkg"
    LogicalPath="Config1.X20CP1301.mappCockpit"
    Type="Package"
    LastWriteTime="133015750031543927" />
  <Object
    Path="C:\projects\MM_movim_manuale\Physical\Config1\X20CP1301\VC\Package.pkg"
    LogicalPath="Config1.X20CP1301.VC"
    Type="Package"
    LastWriteTime="133015752810454056" />
  <Object
    Path="C:\projects\MM_movim_manuale\Physical\Config1\X20CP1301\VC\PS2-Keyboard.dis"
    LogicalPath="Config1.X20CP1301.VC.PS2-Keyboard.dis"
    Type="File"
    LastWriteTime="133015752810610230"
    Private="false" />
  <Object
    Path="C:\projects\MM_movim_manuale\Physical\Config1\Hardware.jpg"
    LogicalPath="Config1.Hardware.jpg"
    Type="File"
    LastWriteTime="133015971885095726"
    Private="false" />
</Objects>