C:\projects\MM_movim_manuale\Temp\Includes\AS_TempDecl\Config1\GlobalComponents\MpComponents.var
C:\projects\MM_movim_manuale\Logical\Global.typ
C:\projects\MM_movim_manuale\Logical\Global.var
C:\projects\MM_movim_manuale\Logical\Libraries\operator\operator.fun
C:\projects\MM_movim_manuale\Logical\Libraries\operator\operator.typ
C:\projects\MM_movim_manuale\Logical\Libraries\operator\operator.var
C:\projects\MM_movim_manuale\Logical\Libraries\runtime\runtime.fun
C:\projects\MM_movim_manuale\Logical\Libraries\runtime\runtime.typ
C:\projects\MM_movim_manuale\Logical\Libraries\runtime\runtime.var
C:\projects\MM_movim_manuale\Logical\Libraries\astime\astime.fun
C:\projects\MM_movim_manuale\Logical\Libraries\astime\astime.typ
C:\projects\MM_movim_manuale\Logical\Libraries\astime\astime.var
C:\projects\MM_movim_manuale\Logical\Libraries\AsIecCon\AsIecCon.fun
C:\projects\MM_movim_manuale\Logical\Libraries\AsIecCon\AsIecCon.typ
C:\projects\MM_movim_manuale\Logical\Libraries\AsIecCon\AsIecCon.var
C:\projects\MM_movim_manuale\Logical\Libraries\MpBase\MpBase.typ
C:\projects\MM_movim_manuale\Logical\Libraries\MpBase\MpBase.var
C:\projects\MM_movim_manuale\Logical\Libraries\MpBase\MpBase.fun
C:\projects\MM_movim_manuale\Logical\Libraries\MpAlarmX\MpAlarmX.typ
C:\projects\MM_movim_manuale\Logical\Libraries\MpAlarmX\MpAlarmXError.typ
C:\projects\MM_movim_manuale\Logical\Libraries\MpAlarmX\MpAlarmX.fun
C:\projects\MM_movim_manuale\Logical\Libraries\MpAssetInt\MpAssetInt.typ
C:\projects\MM_movim_manuale\Logical\Libraries\MpAssetInt\MpAssetInt.fun
C:\projects\MM_movim_manuale\Logical\Libraries\MpAssetInt\MpAssetIntAlarm.typ
C:\projects\MM_movim_manuale\Logical\Libraries\MpAssetInt\MpAssetIntError.typ
C:\projects\MM_movim_manuale\Logical\Libraries\sys_lib\sys_lib.fun
C:\projects\MM_movim_manuale\Logical\Libraries\sys_lib\sys_lib.typ
C:\projects\MM_movim_manuale\Logical\Libraries\sys_lib\sys_lib.var
C:\projects\MM_movim_manuale\Logical\Libraries\standard\standard.fun
C:\projects\MM_movim_manuale\Logical\Libraries\standard\standard.typ
C:\projects\MM_movim_manuale\Logical\Libraries\standard\standard.var
C:\projects\MM_movim_manuale\Logical\Libraries\MpEnergy\MpEnergy.typ
C:\projects\MM_movim_manuale\Logical\Libraries\MpEnergy\MpEnergyError.typ
C:\projects\MM_movim_manuale\Logical\Libraries\MpEnergy\MpEnergyAlarm.typ
C:\projects\MM_movim_manuale\Logical\Libraries\MpEnergy\MpEnergy.fun
C:\projects\MM_movim_manuale\Logical\Libraries\MpData\MpData.typ
C:\projects\MM_movim_manuale\Logical\Libraries\MpData\MpDataError.typ
C:\projects\MM_movim_manuale\Logical\Libraries\MpData\MpDataAlarm.typ
C:\projects\MM_movim_manuale\Logical\Libraries\MpData\MpData.fun
C:\projects\MM_movim_manuale\Logical\Libraries\FileIO\FileIO.fun
C:\projects\MM_movim_manuale\Logical\Libraries\FileIO\FileIO.typ
C:\projects\MM_movim_manuale\Logical\Libraries\FileIO\FileIO.var
C:\projects\MM_movim_manuale\Logical\Libraries\DataObj\DataObj.fun
C:\projects\MM_movim_manuale\Logical\Libraries\DataObj\DataObj.typ
C:\projects\MM_movim_manuale\Logical\Libraries\DataObj\DataObj.var
C:\projects\MM_movim_manuale\Logical\Libraries\brsystem\brsystem.fun
C:\projects\MM_movim_manuale\Logical\Libraries\brsystem\brsystem.typ
C:\projects\MM_movim_manuale\Logical\Libraries\brsystem\brsystem.var
