C:\projects\GitH\Various\PLANT_CONTROLLER\WRAPPER_CTRL\Logical\Global.typ
C:\projects\GitH\Various\PLANT_CONTROLLER\WRAPPER_CTRL\Logical\Global.var
C:\projects\GitH\Various\PLANT_CONTROLLER\WRAPPER_CTRL\Logical\Libraries\operator\operator.fun
C:\projects\GitH\Various\PLANT_CONTROLLER\WRAPPER_CTRL\Logical\Libraries\operator\operator.typ
C:\projects\GitH\Various\PLANT_CONTROLLER\WRAPPER_CTRL\Logical\Libraries\operator\operator.var
C:\projects\GitH\Various\PLANT_CONTROLLER\WRAPPER_CTRL\Logical\Libraries\runtime\runtime.fun
C:\projects\GitH\Various\PLANT_CONTROLLER\WRAPPER_CTRL\Logical\Libraries\runtime\runtime.typ
C:\projects\GitH\Various\PLANT_CONTROLLER\WRAPPER_CTRL\Logical\Libraries\runtime\runtime.var
C:\projects\GitH\Various\PLANT_CONTROLLER\WRAPPER_CTRL\Logical\Libraries\astime\astime.fun
C:\projects\GitH\Various\PLANT_CONTROLLER\WRAPPER_CTRL\Logical\Libraries\astime\astime.typ
C:\projects\GitH\Various\PLANT_CONTROLLER\WRAPPER_CTRL\Logical\Libraries\astime\astime.var
C:\projects\GitH\Various\PLANT_CONTROLLER\WRAPPER_CTRL\Logical\Libraries\AsIecCon\AsIecCon.fun
C:\projects\GitH\Various\PLANT_CONTROLLER\WRAPPER_CTRL\Logical\Libraries\AsIecCon\AsIecCon.typ
C:\projects\GitH\Various\PLANT_CONTROLLER\WRAPPER_CTRL\Logical\Libraries\AsIecCon\AsIecCon.var
C:\projects\GitH\Various\PLANT_CONTROLLER\WRAPPER_CTRL\Logical\Libraries\FileIO\FileIO.fun
C:\projects\GitH\Various\PLANT_CONTROLLER\WRAPPER_CTRL\Logical\Libraries\FileIO\FileIO.typ
C:\projects\GitH\Various\PLANT_CONTROLLER\WRAPPER_CTRL\Logical\Libraries\FileIO\FileIO.var
C:\projects\GitH\Various\PLANT_CONTROLLER\WRAPPER_CTRL\Logical\Libraries\standard\standard.fun
C:\projects\GitH\Various\PLANT_CONTROLLER\WRAPPER_CTRL\Logical\Libraries\standard\standard.typ
C:\projects\GitH\Various\PLANT_CONTROLLER\WRAPPER_CTRL\Logical\Libraries\standard\standard.var
