C:\project\GITH_HUB\Various\ModbusMST\Logical\Global.typ
C:\project\GITH_HUB\Various\ModbusMST\Logical\Global.var
C:\project\GITH_HUB\Various\ModbusMST\Logical\Libraries\operator\operator.fun
C:\project\GITH_HUB\Various\ModbusMST\Logical\Libraries\operator\operator.typ
C:\project\GITH_HUB\Various\ModbusMST\Logical\Libraries\operator\operator.var
C:\project\GITH_HUB\Various\ModbusMST\Logical\Libraries\runtime\runtime.fun
C:\project\GITH_HUB\Various\ModbusMST\Logical\Libraries\runtime\runtime.typ
C:\project\GITH_HUB\Various\ModbusMST\Logical\Libraries\runtime\runtime.var
C:\project\GITH_HUB\Various\ModbusMST\Logical\Libraries\astime\astime.fun
C:\project\GITH_HUB\Various\ModbusMST\Logical\Libraries\astime\astime.typ
C:\project\GITH_HUB\Various\ModbusMST\Logical\Libraries\astime\astime.var
C:\project\GITH_HUB\Various\ModbusMST\Logical\Libraries\AsIecCon\AsIecCon.fun
C:\project\GITH_HUB\Various\ModbusMST\Logical\Libraries\AsIecCon\AsIecCon.typ
C:\project\GITH_HUB\Various\ModbusMST\Logical\Libraries\AsIecCon\AsIecCon.var
C:\project\GITH_HUB\Various\ModbusMST\Logical\Libraries\AsEPL\AsEPL.fun
C:\project\GITH_HUB\Various\ModbusMST\Logical\Libraries\AsEPL\AsEPL.typ
C:\project\GITH_HUB\Various\ModbusMST\Logical\Libraries\AsEPL\AsEPL.var
