<?xml version="1.0" encoding="utf-8"?>
<?AutomationStudio Version=3.0?>
<Transfer xmlns="http://br-automation.co.at/AS/Transfer">
  <OperatingSystem Version="E4.83"/>
  <Hardware Target="SG4"/>
  <Operation Delete="Recipe.br"/>
  <Operation Delete="Program.br"/>
  <Operation Delete="MpFile.br"/>
  <Operation Delete="mvLoader.br"/>
  <Operation Delete="MpRecipe.br"/>
  <Operation Delete="asieccon.br"/>
  <Operation Delete="asusb.br"/>
  <Operation Delete="MpBase.br"/>
  <Operation Delete="astime.br"/>
  <Operation Delete="sys_lib.br"/>
  <Operation Delete="FileIO.br"/>
  <Operation Delete="arssl.br"/>
  <Operation Download="ashwd.br" Memory="SystemROM"/>
  <Operation Download="asfw.br" Memory="SystemROM"/>
  <Operation Download="asnxdb1.br" Memory="SystemROM"/>
  <Operation Download="arconfig.br" Memory="SystemROM"/>
  <Operation Download="sysconf.br" Memory="SystemROM"/>
  <Operation Restart="warm"/>
  <Operation Download="FWRules.br" Memory="UserROM"/>
  <Operation Download="udbdef.br" Memory="UserROM"/>
  <Operation Download="TCData.br" Memory="SystemROM"/>
  <Operation Download="iomap.br" Memory="UserROM"/>
  <Operation Download="User.br" Memory="UserROM"/>
  <Operation Download="Role.br" Memory="UserROM"/>
  <Operation Download="ashwac.br" Memory="UserROM"/>
  <Operation Download="Config.br" Memory="UserROM"/>
  <Operation Download="standard.br" Memory="UserROM"/>
  <Operation Download="runtime.br" Memory="UserROM"/>
  <Operation Download="arsvcreg.br" Memory="UserROM"/>
  <Operation Download="asbrstr.br" Memory="UserROM"/>
  <Operation Download="arssl.br" Memory="UserROM"/>
  <Operation Download="FileIO.br" Memory="UserROM"/>
  <Operation Download="sys_lib.br" Memory="UserROM"/>
  <Operation Download="astime.br" Memory="UserROM"/>
  <Operation Download="MpBase.br" Memory="UserROM"/>
  <Operation Download="asusb.br" Memory="UserROM"/>
  <Operation Download="asieccon.br" Memory="UserROM"/>
  <Operation Download="MpRecipe.br" Memory="UserROM"/>
  <Operation Download="mvLoader.br" Memory="UserROM"/>
  <Operation Download="MpFile.br" Memory="UserROM"/>
  <Operation Download="Program.br" Memory="UserROM"/>
  <Operation Download="Recipe.br" Memory="UserROM"/>
</Transfer>