<?xml version="1.0" encoding="utf-8"?>
<?AutomationStudio Version="4.9.6.42 SP"?>
<Objects>
  <Object
    Path="C:\project\GITH_HUB\Various\DosatorePdS\Logical\Package.pkg"
    LogicalPath=""
    Type="Package.ParentUnknown"
    LastWriteTime="134086416035519757" />
  <Object
    Path="C:\project\GITH_HUB\Various\DosatorePdS\Logical\Global.typ"
    LogicalPath="Global.typ"
    Type="File"
    LastWriteTime="134087082117863018"
    Private="false" />
  <Object
    Path="C:\project\GITH_HUB\Various\DosatorePdS\Logical\Global.var"
    LogicalPath="Global.var"
    Type="File"
    LastWriteTime="134086218671564126"
    Private="false" />
  <Object
    Path="C:\project\GITH_HUB\Various\DosatorePdS\Logical\Libraries\Package.pkg"
    LogicalPath="Libraries"
    Type="Package"
    LastWriteTime="134086265308419064" />
  <Object
    Path="C:\project\GITH_HUB\Various\DosatorePdS\Logical\Libraries\operator\binary.lby"
    LogicalPath="Libraries.operator"
    Type="Library"
    LastWriteTime="134086191292563517" />
  <Object
    Path="C:\project\GITH_HUB\Various\DosatorePdS\Logical\Libraries\operator\operator.fun"
    LogicalPath="Libraries.operator.operator.fun"
    Type="File"
    LastWriteTime="134086191292511077"
    Private="false" />
  <Object
    Path="C:\project\GITH_HUB\Various\DosatorePdS\Logical\Libraries\operator\operator.typ"
    LogicalPath="Libraries.operator.operator.typ"
    Type="File"
    LastWriteTime="134086191292531094"
    Private="false" />
  <Object
    Path="C:\project\GITH_HUB\Various\DosatorePdS\Logical\Libraries\operator\operator.var"
    LogicalPath="Libraries.operator.operator.var"
    Type="File"
    LastWriteTime="134086191292552671"
    Private="false" />
  <Object
    Path="C:\project\GITH_HUB\Various\DosatorePdS\Logical\Libraries\runtime\binary.lby"
    LogicalPath="Libraries.runtime"
    Type="Library"
    LastWriteTime="134086191296496325" />
  <Object
    Path="C:\project\GITH_HUB\Various\DosatorePdS\Logical\Libraries\runtime\runtime.fun"
    LogicalPath="Libraries.runtime.runtime.fun"
    Type="File"
    LastWriteTime="134086191296460876"
    Private="false" />
  <Object
    Path="C:\project\GITH_HUB\Various\DosatorePdS\Logical\Libraries\runtime\runtime.typ"
    LogicalPath="Libraries.runtime.runtime.typ"
    Type="File"
    LastWriteTime="134086191296470977"
    Private="false" />
  <Object
    Path="C:\project\GITH_HUB\Various\DosatorePdS\Logical\Libraries\runtime\runtime.var"
    LogicalPath="Libraries.runtime.runtime.var"
    Type="File"
    LastWriteTime="134086191296481847"
    Private="false" />
  <Object
    Path="C:\project\GITH_HUB\Various\DosatorePdS\Logical\Libraries\astime\binary.lby"
    LogicalPath="Libraries.astime"
    Type="Library"
    LastWriteTime="134086191300195661" />
  <Object
    Path="C:\project\GITH_HUB\Various\DosatorePdS\Logical\Libraries\astime\astime.fun"
    LogicalPath="Libraries.astime.astime.fun"
    Type="File"
    LastWriteTime="134086191300164018"
    Private="false" />
  <Object
    Path="C:\project\GITH_HUB\Various\DosatorePdS\Logical\Libraries\astime\astime.typ"
    LogicalPath="Libraries.astime.astime.typ"
    Type="File"
    LastWriteTime="134086191300184060"
    Private="false" />
  <Object
    Path="C:\project\GITH_HUB\Various\DosatorePdS\Logical\Libraries\astime\astime.var"
    LogicalPath="Libraries.astime.astime.var"
    Type="File"
    LastWriteTime="134086191300195661"
    Private="false" />
  <Object
    Path="C:\project\GITH_HUB\Various\DosatorePdS\Logical\Libraries\AsIecCon\binary.lby"
    LogicalPath="Libraries.AsIecCon"
    Type="Library"
    LastWriteTime="134086191303865206" />
  <Object
    Path="C:\project\GITH_HUB\Various\DosatorePdS\Logical\Libraries\AsIecCon\AsIecCon.fun"
    LogicalPath="Libraries.AsIecCon.AsIecCon.fun"
    Type="File"
    LastWriteTime="134086191303830603"
    Private="false" />
  <Object
    Path="C:\project\GITH_HUB\Various\DosatorePdS\Logical\Libraries\AsIecCon\AsIecCon.typ"
    LogicalPath="Libraries.AsIecCon.AsIecCon.typ"
    Type="File"
    LastWriteTime="134086191303842839"
    Private="false" />
  <Object
    Path="C:\project\GITH_HUB\Various\DosatorePdS\Logical\Libraries\AsIecCon\AsIecCon.var"
    LogicalPath="Libraries.AsIecCon.AsIecCon.var"
    Type="File"
    LastWriteTime="134086191303855118"
    Private="false" />
  <Object
    Path="C:\project\GITH_HUB\Various\DosatorePdS\Logical\Libraries\standard\binary.lby"
    LogicalPath="Libraries.standard"
    Type="Library"
    LastWriteTime="134086265308326065" />
  <Object
    Path="C:\project\GITH_HUB\Various\DosatorePdS\Logical\Libraries\standard\standard.fun"
    LogicalPath="Libraries.standard.standard.fun"
    Type="File"
    LastWriteTime="134086265308290856"
    Private="false" />
  <Object
    Path="C:\project\GITH_HUB\Various\DosatorePdS\Logical\Libraries\standard\standard.typ"
    LogicalPath="Libraries.standard.standard.typ"
    Type="File"
    LastWriteTime="134086265308300878"
    Private="false" />
  <Object
    Path="C:\project\GITH_HUB\Various\DosatorePdS\Logical\Libraries\standard\standard.var"
    LogicalPath="Libraries.standard.standard.var"
    Type="File"
    LastWriteTime="134086265308315908"
    Private="false" />
  <Object
    Path="C:\project\GITH_HUB\Various\DosatorePdS\Logical\Program\IEC.prg"
    LogicalPath="Program"
    Type="Program"
    LastWriteTime="134086209030308439" />
  <Object
    Path="C:\project\GITH_HUB\Various\DosatorePdS\Logical\Program\Cyclic.st"
    LogicalPath="Program.Cyclic.st"
    Type="File"
    LastWriteTime="134086534669479801"
    Private="false" />
  <Object
    Path="C:\project\GITH_HUB\Various\DosatorePdS\Logical\Program\Init.st"
    LogicalPath="Program.Init.st"
    Type="File"
    LastWriteTime="134086379471696972"
    Private="false" />
  <Object
    Path="C:\project\GITH_HUB\Various\DosatorePdS\Logical\Program\Exit.st"
    LogicalPath="Program.Exit.st"
    Type="File"
    LastWriteTime="134086206873081020"
    Private="false" />
  <Object
    Path="C:\project\GITH_HUB\Various\DosatorePdS\Logical\Program\Types.typ"
    LogicalPath="Program.Types.typ"
    Type="File"
    LastWriteTime="134086391423562791"
    Private="true" />
  <Object
    Path="C:\project\GITH_HUB\Various\DosatorePdS\Logical\Program\Variables.var"
    LogicalPath="Program.Variables.var"
    Type="File"
    LastWriteTime="134088025126307601"
    Private="true" />
  <Object
    Path="C:\project\GITH_HUB\Various\DosatorePdS\Logical\Program\LocalFunctions.fun"
    LogicalPath="Program.LocalFunctions.fun"
    Type="File"
    LastWriteTime="134087304024502380"
    Private="true" />
  <Object
    Path="C:\project\GITH_HUB\Various\DosatorePdS\Logical\Program\FB_DosaggioPolvere.st"
    LogicalPath="Program.FB_DosaggioPolvere.st"
    Type="File"
    LastWriteTime="134087157164225872"
    Private="false" />
  <Object
    Path="C:\project\GITH_HUB\Various\DosatorePdS\Logical\mappView\Package.pkg"
    LogicalPath="mappView"
    Type="Package"
    LastWriteTime="134086417299717781" />
  <Object
    Path="C:\project\GITH_HUB\Various\DosatorePdS\Logical\mappView\Layouts\Package.pkg"
    LogicalPath="mappView.Layouts"
    Type="Package"
    LastWriteTime="134086417162518948" />
  <Object
    Path="C:\project\GITH_HUB\Various\DosatorePdS\Logical\mappView\Layouts\Landscape16_9.layout"
    LogicalPath="mappView.Layouts.Landscape16_9.layout"
    Type="File"
    LastWriteTime="134086417162508866"
    Private="false" />
  <Object
    Path="C:\project\GITH_HUB\Various\DosatorePdS\Logical\mappView\Widgets\Package.pkg"
    LogicalPath="mappView.Widgets"
    Type="Package"
    LastWriteTime="134086415954915720" />
  <Object
    Path="C:\project\GITH_HUB\Various\DosatorePdS\Logical\mappView\Resources\Package.pkg"
    LogicalPath="mappView.Resources"
    Type="Package"
    LastWriteTime="134086415955034743" />
  <Object
    Path="C:\project\GITH_HUB\Various\DosatorePdS\Logical\mappView\Resources\Texts\Package.pkg"
    LogicalPath="mappView.Resources.Texts"
    Type="Package"
    LastWriteTime="134086415954966463" />
  <Object
    Path="C:\project\GITH_HUB\Various\DosatorePdS\Logical\mappView\Resources\Snippets\Package.pkg"
    LogicalPath="mappView.Resources.Snippets"
    Type="Package"
    LastWriteTime="134086415954986857" />
  <Object
    Path="C:\project\GITH_HUB\Various\DosatorePdS\Logical\mappView\Resources\Themes\Package.pkg"
    LogicalPath="mappView.Resources.Themes"
    Type="Package"
    LastWriteTime="134086423067769036" />
  <Object
    Path="C:\project\GITH_HUB\Various\DosatorePdS\Logical\mappView\Resources\Themes\BuRTheme1\Package.pkg"
    LogicalPath="mappView.Resources.Themes.BuRTheme1"
    Type="Package"
    LastWriteTime="134086423067756818" />
  <Object
    Path="C:\project\GITH_HUB\Various\DosatorePdS\Logical\mappView\Resources\Themes\BuRTheme1\BuRTheme1.theme"
    LogicalPath="mappView.Resources.Themes.BuRTheme1.BuRTheme1.theme"
    Type="File"
    LastWriteTime="134086423067552947"
    Private="false" />
  <Object
    Path="C:\project\GITH_HUB\Various\DosatorePdS\Logical\mappView\Resources\Themes\BuRTheme1\brease\Package.pkg"
    LogicalPath="mappView.Resources.Themes.BuRTheme1.brease"
    Type="Package"
    LastWriteTime="134086423067756818" />
  <Object
    Path="C:\project\GITH_HUB\Various\DosatorePdS\Logical\mappView\Resources\Themes\BuRTheme1\brease\BuRTheme1.stylesset"
    LogicalPath="mappView.Resources.Themes.BuRTheme1.brease.BuRTheme1.stylesset"
    Type="File"
    LastWriteTime="134086423067596341"
    Private="false" />
  <Object
    Path="C:\project\GITH_HUB\Various\DosatorePdS\Logical\mappView\Resources\Themes\BuRTheme1\brease\Default.styles"
    LogicalPath="mappView.Resources.Themes.BuRTheme1.brease.Default.styles"
    Type="File"
    LastWriteTime="134086423067606627"
    Private="false" />
  <Object
    Path="C:\project\GITH_HUB\Various\DosatorePdS\Logical\mappView\Resources\Themes\BuRTheme1\brease\System.styles"
    LogicalPath="mappView.Resources.Themes.BuRTheme1.brease.System.styles"
    Type="File"
    LastWriteTime="134086423067626867"
    Private="false" />
  <Object
    Path="C:\project\GITH_HUB\Various\DosatorePdS\Logical\mappView\Resources\Themes\BuRTheme1\brease\Buttons.styles"
    LogicalPath="mappView.Resources.Themes.BuRTheme1.brease.Buttons.styles"
    Type="File"
    LastWriteTime="134086423067637135"
    Private="false" />
  <Object
    Path="C:\project\GITH_HUB\Various\DosatorePdS\Logical\mappView\Resources\Themes\BuRTheme1\brease\Common.styles"
    LogicalPath="mappView.Resources.Themes.BuRTheme1.brease.Common.styles"
    Type="File"
    LastWriteTime="134086423067652159"
    Private="false" />
  <Object
    Path="C:\project\GITH_HUB\Various\DosatorePdS\Logical\mappView\Resources\Themes\BuRTheme1\brease\Container.styles"
    LogicalPath="mappView.Resources.Themes.BuRTheme1.brease.Container.styles"
    Type="File"
    LastWriteTime="134086423067662279"
    Private="false" />
  <Object
    Path="C:\project\GITH_HUB\Various\DosatorePdS\Logical\mappView\Resources\Themes\BuRTheme1\brease\Numeric.styles"
    LogicalPath="mappView.Resources.Themes.BuRTheme1.brease.Numeric.styles"
    Type="File"
    LastWriteTime="134086423067674500"
    Private="false" />
  <Object
    Path="C:\project\GITH_HUB\Various\DosatorePdS\Logical\mappView\Resources\Themes\BuRTheme1\brease\LabelTexts.styles"
    LogicalPath="mappView.Resources.Themes.BuRTheme1.brease.LabelTexts.styles"
    Type="File"
    LastWriteTime="134086423067694810"
    Private="false" />
  <Object
    Path="C:\project\GITH_HUB\Various\DosatorePdS\Logical\mappView\Resources\Themes\BuRTheme1\brease\Graphic.styles"
    LogicalPath="mappView.Resources.Themes.BuRTheme1.brease.Graphic.styles"
    Type="File"
    LastWriteTime="134086423067704985"
    Private="false" />
  <Object
    Path="C:\project\GITH_HUB\Various\DosatorePdS\Logical\mappView\Resources\Themes\BuRTheme1\brease\Charts.styles"
    LogicalPath="mappView.Resources.Themes.BuRTheme1.brease.Charts.styles"
    Type="File"
    LastWriteTime="134086423067715700"
    Private="false" />
  <Object
    Path="C:\project\GITH_HUB\Various\DosatorePdS\Logical\mappView\Resources\Themes\BuRTheme1\brease\Sequencer.styles"
    LogicalPath="mappView.Resources.Themes.BuRTheme1.brease.Sequencer.styles"
    Type="File"
    LastWriteTime="134086423067735802"
    Private="false" />
  <Object
    Path="C:\project\GITH_HUB\Various\DosatorePdS\Logical\mappView\Resources\Themes\BuRTheme1\brease\Lists.styles"
    LogicalPath="mappView.Resources.Themes.BuRTheme1.brease.Lists.styles"
    Type="File"
    LastWriteTime="134086423067746812"
    Private="false" />
  <Object
    Path="C:\project\GITH_HUB\Various\DosatorePdS\Logical\mappView\Resources\Media\Package.pkg"
    LogicalPath="mappView.Resources.Media"
    Type="Package"
    LastWriteTime="134086415955024723" />
  <Object
    Path="C:\project\GITH_HUB\Various\DosatorePdS\Logical\mappView\Visualization\Package.pkg"
    LogicalPath="mappView.Visualization"
    Type="Package"
    LastWriteTime="134086417299717781" />
  <Object
    Path="C:\project\GITH_HUB\Various\DosatorePdS\Logical\mappView\Visualization\Pages\Package.pkg"
    LogicalPath="mappView.Visualization.Pages"
    Type="Package"
    LastWriteTime="134086417422008212" />
  <Object
    Path="C:\project\GITH_HUB\Various\DosatorePdS\Logical\mappView\Visualization\Pages\AreaContents\Package.pkg"
    LogicalPath="mappView.Visualization.Pages.AreaContents"
    Type="Package"
    LastWriteTime="134086417299515791" />
  <Object
    Path="C:\project\GITH_HUB\Various\DosatorePdS\Logical\mappView\Visualization\Pages\Page\Package.pkg"
    LogicalPath="mappView.Visualization.Pages.Page"
    Type="Package"
    LastWriteTime="134086442023537614" />
  <Object
    Path="C:\project\GITH_HUB\Various\DosatorePdS\Logical\mappView\Visualization\Pages\Page\Page.page"
    LogicalPath="mappView.Visualization.Pages.Page.Page.page"
    Type="File"
    LastWriteTime="134086423904958640"
    Private="false" />
  <Object
    Path="C:\project\GITH_HUB\Various\DosatorePdS\Logical\mappView\Visualization\Pages\Page\Content.content"
    LogicalPath="mappView.Visualization.Pages.Page.Content.content"
    Type="File"
    LastWriteTime="134088009728213183"
    Private="false" />
  <Object
    Path="C:\project\GITH_HUB\Various\DosatorePdS\Logical\mappView\Visualization\Variables\Package.pkg"
    LogicalPath="mappView.Visualization.Variables"
    Type="Package"
    LastWriteTime="134086417299546216" />
  <Object
    Path="C:\project\GITH_HUB\Various\DosatorePdS\Logical\mappView\Visualization\Expressions\Package.pkg"
    LogicalPath="mappView.Visualization.Expressions"
    Type="Package"
    LastWriteTime="134086417299569435" />
  <Object
    Path="C:\project\GITH_HUB\Various\DosatorePdS\Logical\mappView\Visualization\Layouts\Package.pkg"
    LogicalPath="mappView.Visualization.Layouts"
    Type="Package"
    LastWriteTime="134086417299591328" />
  <Object
    Path="C:\project\GITH_HUB\Various\DosatorePdS\Logical\mappView\Visualization\Dialogs\Package.pkg"
    LogicalPath="mappView.Visualization.Dialogs"
    Type="Package"
    LastWriteTime="134086417299635736" />
  <Object
    Path="C:\project\GITH_HUB\Various\DosatorePdS\Logical\mappView\Visualization\Dialogs\AreaContents\Package.pkg"
    LogicalPath="mappView.Visualization.Dialogs.AreaContents"
    Type="Package"
    LastWriteTime="134086417299635736" />
  <Object
    Path="C:\project\GITH_HUB\Various\DosatorePdS\Logical\mappView\Visualization\Resources\Package.pkg"
    LogicalPath="mappView.Visualization.Resources"
    Type="Package"
    LastWriteTime="134086417299705602" />
  <Object
    Path="C:\project\GITH_HUB\Various\DosatorePdS\Logical\mappView\Visualization\Resources\Texts\Package.pkg"
    LogicalPath="mappView.Visualization.Resources.Texts"
    Type="Package"
    LastWriteTime="134086417299674989" />
  <Object
    Path="C:\project\GITH_HUB\Various\DosatorePdS\Logical\mappView\Visualization\Resources\Snippets\Package.pkg"
    LogicalPath="mappView.Visualization.Resources.Snippets"
    Type="Package"
    LastWriteTime="134086417299705602" />
  <Object
    Path="C:\project\GITH_HUB\Various\DosatorePdS\Physical\Config1\Config.pkg"
    LogicalPath="Config1"
    Type="Configuration.ParentUnknown"
    LastWriteTime="134086191342725215" />
  <Object
    Path="C:\project\GITH_HUB\Various\DosatorePdS\Physical\Config1\Hardware.hw"
    LogicalPath="Config1.Hardware.hw"
    Type="File"
    LastWriteTime="134086494692801729"
    Private="false" />
  <Object
    Path="C:\project\GITH_HUB\Various\DosatorePdS\Physical\Config1\Hardware.hwl"
    LogicalPath="Config1.Hardware.hwl"
    Type="File"
    LastWriteTime="134088007989586244"
    Private="false" />
  <Object
    Path="C:\project\GITH_HUB\Various\DosatorePdS\Physical\Config1\X20CP1301\Cpu.pkg"
    LogicalPath="Config1.X20CP1301"
    Type="Cpu"
    LastWriteTime="134088011607979753" />
  <Object
    Path="C:\project\GITH_HUB\Various\DosatorePdS\Physical\Config1\X20CP1301\Cpu.sw"
    LogicalPath="Config1.X20CP1301.Cpu.sw"
    Type="File"
    LastWriteTime="134087063957733515"
    Private="false" />
  <Object
    Path="C:\project\GITH_HUB\Various\DosatorePdS\Physical\Config1\X20CP1301\Cpu.per"
    LogicalPath="Config1.X20CP1301.Cpu.per"
    Type="File"
    LastWriteTime="134086191309059048"
    Private="false" />
  <Object
    Path="C:\project\GITH_HUB\Various\DosatorePdS\Physical\Config1\X20CP1301\IoMap.iom"
    LogicalPath="Config1.X20CP1301.IoMap.iom"
    Type="File"
    LastWriteTime="134087086136838360"
    Private="false" />
  <Object
    Path="C:\project\GITH_HUB\Various\DosatorePdS\Physical\Config1\X20CP1301\PvMap.vvm"
    LogicalPath="Config1.X20CP1301.PvMap.vvm"
    Type="File"
    LastWriteTime="134086191309196672"
    Private="false" />
  <Object
    Path="C:\project\GITH_HUB\Various\DosatorePdS\Physical\Config1\X20CP1301\Connectivity\Package.pkg"
    LogicalPath="Config1.X20CP1301.Connectivity"
    Type="Package"
    LastWriteTime="134086191309734257" />
  <Object
    Path="C:\project\GITH_HUB\Various\DosatorePdS\Physical\Config1\X20CP1301\Connectivity\OpcUA\Package.pkg"
    LogicalPath="Config1.X20CP1301.Connectivity.OpcUA"
    Type="Package"
    LastWriteTime="134086413891251027" />
  <Object
    Path="C:\project\GITH_HUB\Various\DosatorePdS\Physical\Config1\X20CP1301\Connectivity\OpcUA\OpcUaMap.uad"
    LogicalPath="Config1.X20CP1301.Connectivity.OpcUA.OpcUaMap.uad"
    Type="File"
    LastWriteTime="134087086138651408"
    Private="false" />
  <Object
    Path="C:\project\GITH_HUB\Various\DosatorePdS\Physical\Config1\X20CP1301\TextSystem\Package.pkg"
    LogicalPath="Config1.X20CP1301.TextSystem"
    Type="Package"
    LastWriteTime="134086191309766314" />
  <Object
    Path="C:\project\GITH_HUB\Various\DosatorePdS\Physical\Config1\X20CP1301\UnitSystem\Package.pkg"
    LogicalPath="Config1.X20CP1301.UnitSystem"
    Type="Package"
    LastWriteTime="134086191309876393" />
  <Object
    Path="C:\project\GITH_HUB\Various\DosatorePdS\Physical\Config1\X20CP1301\AccessAndSecurity\Package.pkg"
    LogicalPath="Config1.X20CP1301.AccessAndSecurity"
    Type="Package"
    LastWriteTime="134086191310394328" />
  <Object
    Path="C:\project\GITH_HUB\Various\DosatorePdS\Physical\Config1\X20CP1301\AccessAndSecurity\UserRoleSystem\Package.pkg"
    LogicalPath="Config1.X20CP1301.AccessAndSecurity.UserRoleSystem"
    Type="Package"
    LastWriteTime="134086191310057280" />
  <Object
    Path="C:\project\GITH_HUB\Various\DosatorePdS\Physical\Config1\X20CP1301\AccessAndSecurity\UserRoleSystem\Role.role"
    LogicalPath="Config1.X20CP1301.AccessAndSecurity.UserRoleSystem.Role.role"
    Type="File"
    LastWriteTime="134086191310037009"
    Private="false" />
  <Object
    Path="C:\project\GITH_HUB\Various\DosatorePdS\Physical\Config1\X20CP1301\AccessAndSecurity\UserRoleSystem\User.user"
    LogicalPath="Config1.X20CP1301.AccessAndSecurity.UserRoleSystem.User.user"
    Type="File"
    LastWriteTime="134086191310057280"
    Private="false" />
  <Object
    Path="C:\project\GITH_HUB\Various\DosatorePdS\Physical\Config1\X20CP1301\AccessAndSecurity\CertificateStore\Package.pkg"
    LogicalPath="Config1.X20CP1301.AccessAndSecurity.CertificateStore"
    Type="Package"
    LastWriteTime="134086191310318405" />
  <Object
    Path="C:\project\GITH_HUB\Various\DosatorePdS\Physical\Config1\X20CP1301\AccessAndSecurity\CertificateStore\OwnCertificates\Package.pkg"
    LogicalPath="Config1.X20CP1301.AccessAndSecurity.CertificateStore.OwnCertificates"
    Type="Package"
    LastWriteTime="134086191310153822" />
  <Object
    Path="C:\project\GITH_HUB\Various\DosatorePdS\Physical\Config1\X20CP1301\AccessAndSecurity\CertificateStore\OwnCertificates\Certificates\Package.pkg"
    LogicalPath="Config1.X20CP1301.AccessAndSecurity.CertificateStore.OwnCertificates.Certificates"
    Type="Package"
    LastWriteTime="134086191310122655" />
  <Object
    Path="C:\project\GITH_HUB\Various\DosatorePdS\Physical\Config1\X20CP1301\AccessAndSecurity\CertificateStore\OwnCertificates\PrivateKeys\Package.pkg"
    LogicalPath="Config1.X20CP1301.AccessAndSecurity.CertificateStore.OwnCertificates.PrivateKeys"
    Type="Package"
    LastWriteTime="134086191310143796" />
  <Object
    Path="C:\project\GITH_HUB\Various\DosatorePdS\Physical\Config1\X20CP1301\AccessAndSecurity\CertificateStore\ThirdPartyCertificates\Package.pkg"
    LogicalPath="Config1.X20CP1301.AccessAndSecurity.CertificateStore.ThirdPartyCertificates"
    Type="Package"
    LastWriteTime="134086191310208956" />
  <Object
    Path="C:\project\GITH_HUB\Various\DosatorePdS\Physical\Config1\X20CP1301\AccessAndSecurity\CertificateStore\ThirdPartyCertificates\SoftwareCertificates\Package.pkg"
    LogicalPath="Config1.X20CP1301.AccessAndSecurity.CertificateStore.ThirdPartyCertificates.SoftwareCertificates"
    Type="Package"
    LastWriteTime="134086191310193919" />
  <Object
    Path="C:\project\GITH_HUB\Various\DosatorePdS\Physical\Config1\X20CP1301\AccessAndSecurity\CertificateStore\CertificateRevocationLists\Package.pkg"
    LogicalPath="Config1.X20CP1301.AccessAndSecurity.CertificateStore.CertificateRevocationLists"
    Type="Package"
    LastWriteTime="134086191310239459" />
  <Object
    Path="C:\project\GITH_HUB\Various\DosatorePdS\Physical\Config1\X20CP1301\AccessAndSecurity\CertificateStore\CertificateSigningRequests\Package.pkg"
    LogicalPath="Config1.X20CP1301.AccessAndSecurity.CertificateStore.CertificateSigningRequests"
    Type="Package"
    LastWriteTime="134086191310303367" />
  <Object
    Path="C:\project\GITH_HUB\Various\DosatorePdS\Physical\Config1\X20CP1301\AccessAndSecurity\TransportLayerSecurity\Package.pkg"
    LogicalPath="Config1.X20CP1301.AccessAndSecurity.TransportLayerSecurity"
    Type="Package"
    LastWriteTime="134086191310343398" />
  <Object
    Path="C:\project\GITH_HUB\Various\DosatorePdS\Physical\Config1\X20CP1301\AccessAndSecurity\Firewall\Package.pkg"
    LogicalPath="Config1.X20CP1301.AccessAndSecurity.Firewall"
    Type="Package"
    LastWriteTime="134086191310394328" />
  <Object
    Path="C:\project\GITH_HUB\Various\DosatorePdS\Physical\Config1\X20CP1301\AccessAndSecurity\Firewall\Rules.firewallRules"
    LogicalPath="Config1.X20CP1301.AccessAndSecurity.Firewall.Rules.firewallRules"
    Type="File"
    LastWriteTime="134086191310384285"
    Private="false" />
  <Object
    Path="C:\project\GITH_HUB\Various\DosatorePdS\Physical\Config1\X20CP1301\mappControl\Package.pkg"
    LogicalPath="Config1.X20CP1301.mappControl"
    Type="Package"
    LastWriteTime="134086191310439427" />
  <Object
    Path="C:\project\GITH_HUB\Various\DosatorePdS\Physical\Config1\X20CP1301\mappMotion\Package.pkg"
    LogicalPath="Config1.X20CP1301.mappMotion"
    Type="Package"
    LastWriteTime="134086191310544530" />
  <Object
    Path="C:\project\GITH_HUB\Various\DosatorePdS\Physical\Config1\X20CP1301\mappServices\Package.pkg"
    LogicalPath="Config1.X20CP1301.mappServices"
    Type="Package"
    LastWriteTime="134086191310665834" />
  <Object
    Path="C:\project\GITH_HUB\Various\DosatorePdS\Physical\Config1\X20CP1301\mappSafety\Package.pkg"
    LogicalPath="Config1.X20CP1301.mappSafety"
    Type="Package"
    LastWriteTime="134086191310835888" />
  <Object
    Path="C:\project\GITH_HUB\Various\DosatorePdS\Physical\Config1\X20CP1301\mappSafety\SafeApplication\Package.pkg"
    LogicalPath="Config1.X20CP1301.mappSafety.SafeApplication"
    Type="Package"
    LastWriteTime="134086191310802364" />
  <Object
    Path="C:\project\GITH_HUB\Various\DosatorePdS\Physical\Config1\X20CP1301\mappSafety\SafeCommissioning\Package.pkg"
    LogicalPath="Config1.X20CP1301.mappSafety.SafeCommissioning"
    Type="Package"
    LastWriteTime="134086191310822369" />
  <Object
    Path="C:\project\GITH_HUB\Various\DosatorePdS\Physical\Config1\X20CP1301\mappView\Package.pkg"
    LogicalPath="Config1.X20CP1301.mappView"
    Type="Package"
    LastWriteTime="134086442152684596" />
  <Object
    Path="C:\project\GITH_HUB\Various\DosatorePdS\Physical\Config1\X20CP1301\mappView\Config.mappviewcfg"
    LogicalPath="Config1.X20CP1301.mappView.Config.mappviewcfg"
    Type="File"
    LastWriteTime="134086416898977649"
    Private="false" />
  <Object
    Path="C:\project\GITH_HUB\Various\DosatorePdS\Physical\Config1\X20CP1301\mappView\Visualizat.vis"
    LogicalPath="Config1.X20CP1301.mappView.Visualizat.vis"
    Type="File"
    LastWriteTime="134088008127494573"
    Private="false" />
  <Object
    Path="C:\project\GITH_HUB\Various\DosatorePdS\Physical\Config1\X20CP1301\mappView\content_1.binding"
    LogicalPath="Config1.X20CP1301.mappView.content_1.binding"
    Type="File"
    LastWriteTime="134087086287652722"
    Private="false" />
  <Object
    Path="C:\project\GITH_HUB\Various\DosatorePdS\Physical\Config1\X20CP1301\mappVision\Package.pkg"
    LogicalPath="Config1.X20CP1301.mappVision"
    Type="Package"
    LastWriteTime="134086191311064291" />
  <Object
    Path="C:\project\GITH_HUB\Various\DosatorePdS\Physical\Config1\X20CP1301\mappCockpit\Package.pkg"
    LogicalPath="Config1.X20CP1301.mappCockpit"
    Type="Package"
    LastWriteTime="134086191311179394" />
  <Object
    Path="C:\project\GITH_HUB\Various\DosatorePdS\Physical\Config1\X20CP1301\VC\Package.pkg"
    LogicalPath="Config1.X20CP1301.VC"
    Type="Package"
    LastWriteTime="134086413005256326" />
  <Object
    Path="C:\project\GITH_HUB\Various\DosatorePdS\Physical\Config1\X20CP1301\VC\PS2-Keyboard.dis"
    LogicalPath="Config1.X20CP1301.VC.PS2-Keyboard.dis"
    Type="File"
    LastWriteTime="134086413005433191"
    Private="false" />
  <Object
    Path="C:\project\GITH_HUB\Various\DosatorePdS\Physical\Config1\Hardware.jpg"
    LogicalPath="Config1.Hardware.jpg"
    Type="File"
    LastWriteTime="134088007989906505"
    Private="false" />
</Objects>