<?xml version="1.0" encoding="utf-8"?>
<?AutomationStudio Version="4.9.6.42 SP"?>
<Objects>
  <Object
    Path="C:\Users\Uff-Soft\Documents\GitHub\Various\DosatorePdS\Logical\Package.pkg"
    LogicalPath=""
    Type="Package.ParentUnknown"
    LastWriteTime="134272794798920752" />
  <Object
    Path="C:\Users\Uff-Soft\Documents\GitHub\Various\DosatorePdS\Temp\Includes\AS_TempDecl\Config1\GlobalComponents\MpComponents.var"
    LogicalPath="MpComponents.var"
    Type="File"
    LastWriteTime="134272159285778347"
    Private="false" />
  <Object
    Path="C:\Users\Uff-Soft\Documents\GitHub\Various\DosatorePdS\Logical\Global.typ"
    LogicalPath="Global.typ"
    Type="File"
    LastWriteTime="134190747151494121"
    Private="false" />
  <Object
    Path="C:\Users\Uff-Soft\Documents\GitHub\Various\DosatorePdS\Logical\Global.var"
    LogicalPath="Global.var"
    Type="File"
    LastWriteTime="134272837509217457"
    Private="false" />
  <Object
    Path="C:\Users\Uff-Soft\Documents\GitHub\Various\DosatorePdS\Logical\Libraries\Package.pkg"
    LogicalPath="Libraries"
    Type="Package"
    LastWriteTime="134190747151689136" />
  <Object
    Path="C:\Users\Uff-Soft\Documents\GitHub\Various\DosatorePdS\Logical\Libraries\operator\binary.lby"
    LogicalPath="Libraries.operator"
    Type="Library"
    LastWriteTime="134190747151709119" />
  <Object
    Path="C:\Users\Uff-Soft\Documents\GitHub\Various\DosatorePdS\Logical\Libraries\operator\operator.fun"
    LogicalPath="Libraries.operator.operator.fun"
    Type="File"
    LastWriteTime="134190747151714121"
    Private="false" />
  <Object
    Path="C:\Users\Uff-Soft\Documents\GitHub\Various\DosatorePdS\Logical\Libraries\operator\operator.typ"
    LogicalPath="Libraries.operator.operator.typ"
    Type="File"
    LastWriteTime="134190747151714121"
    Private="false" />
  <Object
    Path="C:\Users\Uff-Soft\Documents\GitHub\Various\DosatorePdS\Logical\Libraries\operator\operator.var"
    LogicalPath="Libraries.operator.operator.var"
    Type="File"
    LastWriteTime="134190747151714121"
    Private="false" />
  <Object
    Path="C:\Users\Uff-Soft\Documents\GitHub\Various\DosatorePdS\Logical\Libraries\runtime\binary.lby"
    LogicalPath="Libraries.runtime"
    Type="Library"
    LastWriteTime="134190747151724121" />
  <Object
    Path="C:\Users\Uff-Soft\Documents\GitHub\Various\DosatorePdS\Logical\Libraries\runtime\runtime.fun"
    LogicalPath="Libraries.runtime.runtime.fun"
    Type="File"
    LastWriteTime="134190747151724121"
    Private="false" />
  <Object
    Path="C:\Users\Uff-Soft\Documents\GitHub\Various\DosatorePdS\Logical\Libraries\runtime\runtime.typ"
    LogicalPath="Libraries.runtime.runtime.typ"
    Type="File"
    LastWriteTime="134190747151729120"
    Private="false" />
  <Object
    Path="C:\Users\Uff-Soft\Documents\GitHub\Various\DosatorePdS\Logical\Libraries\runtime\runtime.var"
    LogicalPath="Libraries.runtime.runtime.var"
    Type="File"
    LastWriteTime="134190747151729120"
    Private="false" />
  <Object
    Path="C:\Users\Uff-Soft\Documents\GitHub\Various\DosatorePdS\Logical\Libraries\astime\binary.lby"
    LogicalPath="Libraries.astime"
    Type="Library"
    LastWriteTime="134190747151704119" />
  <Object
    Path="C:\Users\Uff-Soft\Documents\GitHub\Various\DosatorePdS\Logical\Libraries\astime\astime.fun"
    LogicalPath="Libraries.astime.astime.fun"
    Type="File"
    LastWriteTime="134190747151699121"
    Private="false" />
  <Object
    Path="C:\Users\Uff-Soft\Documents\GitHub\Various\DosatorePdS\Logical\Libraries\astime\astime.typ"
    LogicalPath="Libraries.astime.astime.typ"
    Type="File"
    LastWriteTime="134190747151699121"
    Private="false" />
  <Object
    Path="C:\Users\Uff-Soft\Documents\GitHub\Various\DosatorePdS\Logical\Libraries\astime\astime.var"
    LogicalPath="Libraries.astime.astime.var"
    Type="File"
    LastWriteTime="134190747151699121"
    Private="false" />
  <Object
    Path="C:\Users\Uff-Soft\Documents\GitHub\Various\DosatorePdS\Logical\Libraries\AsIecCon\binary.lby"
    LogicalPath="Libraries.AsIecCon"
    Type="Library"
    LastWriteTime="134190747151514121" />
  <Object
    Path="C:\Users\Uff-Soft\Documents\GitHub\Various\DosatorePdS\Logical\Libraries\AsIecCon\AsIecCon.fun"
    LogicalPath="Libraries.AsIecCon.AsIecCon.fun"
    Type="File"
    LastWriteTime="134190747151499119"
    Private="false" />
  <Object
    Path="C:\Users\Uff-Soft\Documents\GitHub\Various\DosatorePdS\Logical\Libraries\AsIecCon\AsIecCon.typ"
    LogicalPath="Libraries.AsIecCon.AsIecCon.typ"
    Type="File"
    LastWriteTime="134190747151499119"
    Private="false" />
  <Object
    Path="C:\Users\Uff-Soft\Documents\GitHub\Various\DosatorePdS\Logical\Libraries\AsIecCon\AsIecCon.var"
    LogicalPath="Libraries.AsIecCon.AsIecCon.var"
    Type="File"
    LastWriteTime="134190747151504119"
    Private="false" />
  <Object
    Path="C:\Users\Uff-Soft\Documents\GitHub\Various\DosatorePdS\Logical\Libraries\standard\binary.lby"
    LogicalPath="Libraries.standard"
    Type="Library"
    LastWriteTime="134190747151739122" />
  <Object
    Path="C:\Users\Uff-Soft\Documents\GitHub\Various\DosatorePdS\Logical\Libraries\standard\standard.fun"
    LogicalPath="Libraries.standard.standard.fun"
    Type="File"
    LastWriteTime="134190747151739122"
    Private="false" />
  <Object
    Path="C:\Users\Uff-Soft\Documents\GitHub\Various\DosatorePdS\Logical\Libraries\standard\standard.typ"
    LogicalPath="Libraries.standard.standard.typ"
    Type="File"
    LastWriteTime="134190747151739122"
    Private="false" />
  <Object
    Path="C:\Users\Uff-Soft\Documents\GitHub\Various\DosatorePdS\Logical\Libraries\standard\standard.var"
    LogicalPath="Libraries.standard.standard.var"
    Type="File"
    LastWriteTime="134190747151744122"
    Private="false" />
  <Object
    Path="C:\Users\Uff-Soft\Documents\GitHub\Various\DosatorePdS\Logical\Libraries\MpRecipe\Binary.lby"
    LogicalPath="Libraries.MpRecipe"
    Type="Library"
    LastWriteTime="134190747151649120" />
  <Object
    Path="C:\Users\Uff-Soft\Documents\GitHub\Various\DosatorePdS\Logical\Libraries\MpRecipe\MpRecipe.typ"
    LogicalPath="Libraries.MpRecipe.MpRecipe.typ"
    Type="File"
    LastWriteTime="134190747151649120"
    Private="false" />
  <Object
    Path="C:\Users\Uff-Soft\Documents\GitHub\Various\DosatorePdS\Logical\Libraries\MpRecipe\MpRecipeAlarm.typ"
    LogicalPath="Libraries.MpRecipe.MpRecipeAlarm.typ"
    Type="File"
    LastWriteTime="134190747151654121"
    Private="false" />
  <Object
    Path="C:\Users\Uff-Soft\Documents\GitHub\Various\DosatorePdS\Logical\Libraries\MpRecipe\MpRecipeError.typ"
    LogicalPath="Libraries.MpRecipe.MpRecipeError.typ"
    Type="File"
    LastWriteTime="134190747151654121"
    Private="false" />
  <Object
    Path="C:\Users\Uff-Soft\Documents\GitHub\Various\DosatorePdS\Logical\Libraries\MpRecipe\MpRecipe.fun"
    LogicalPath="Libraries.MpRecipe.MpRecipe.fun"
    Type="File"
    LastWriteTime="134190747151649120"
    Private="false" />
  <Object
    Path="C:\Users\Uff-Soft\Documents\GitHub\Various\DosatorePdS\Logical\Libraries\MpBase\Binary.lby"
    LogicalPath="Libraries.MpBase"
    Type="Library"
    LastWriteTime="134190747151529118" />
  <Object
    Path="C:\Users\Uff-Soft\Documents\GitHub\Various\DosatorePdS\Logical\Libraries\MpBase\MpBase.var"
    LogicalPath="Libraries.MpBase.MpBase.var"
    Type="File"
    LastWriteTime="134190747151534121"
    Private="false" />
  <Object
    Path="C:\Users\Uff-Soft\Documents\GitHub\Various\DosatorePdS\Logical\Libraries\MpBase\MpBase.typ"
    LogicalPath="Libraries.MpBase.MpBase.typ"
    Type="File"
    LastWriteTime="134190747151534121"
    Private="false" />
  <Object
    Path="C:\Users\Uff-Soft\Documents\GitHub\Various\DosatorePdS\Logical\Libraries\MpBase\MpBase.fun"
    LogicalPath="Libraries.MpBase.MpBase.fun"
    Type="File"
    LastWriteTime="134190747151529118"
    Private="false" />
  <Object
    Path="C:\Users\Uff-Soft\Documents\GitHub\Various\DosatorePdS\Logical\Libraries\MpBase\Common_EventLog.tmx"
    LogicalPath="Libraries.MpBase.Common_EventLog.tmx"
    Type="File"
    LastWriteTime="134190747151529118"
    Private="false" />
  <Object
    Path="C:\Users\Uff-Soft\Documents\GitHub\Various\DosatorePdS\Logical\Libraries\sys_lib\binary.lby"
    LogicalPath="Libraries.sys_lib"
    Type="Library"
    LastWriteTime="134190747151749118" />
  <Object
    Path="C:\Users\Uff-Soft\Documents\GitHub\Various\DosatorePdS\Logical\Libraries\sys_lib\sys_lib.fun"
    LogicalPath="Libraries.sys_lib.sys_lib.fun"
    Type="File"
    LastWriteTime="134190747151754121"
    Private="false" />
  <Object
    Path="C:\Users\Uff-Soft\Documents\GitHub\Various\DosatorePdS\Logical\Libraries\sys_lib\sys_lib.typ"
    LogicalPath="Libraries.sys_lib.sys_lib.typ"
    Type="File"
    LastWriteTime="134190747151754121"
    Private="false" />
  <Object
    Path="C:\Users\Uff-Soft\Documents\GitHub\Various\DosatorePdS\Logical\Libraries\sys_lib\sys_lib.var"
    LogicalPath="Libraries.sys_lib.sys_lib.var"
    Type="File"
    LastWriteTime="134190747151759118"
    Private="false" />
  <Object
    Path="C:\Users\Uff-Soft\Documents\GitHub\Various\DosatorePdS\Logical\Libraries\MpFile\Binary.lby"
    LogicalPath="Libraries.MpFile"
    Type="Library"
    LastWriteTime="134190747151614119" />
  <Object
    Path="C:\Users\Uff-Soft\Documents\GitHub\Various\DosatorePdS\Logical\Libraries\MpFile\MpFile.typ"
    LogicalPath="Libraries.MpFile.MpFile.typ"
    Type="File"
    LastWriteTime="134190747151614119"
    Private="false" />
  <Object
    Path="C:\Users\Uff-Soft\Documents\GitHub\Various\DosatorePdS\Logical\Libraries\MpFile\MpFileError.typ"
    LogicalPath="Libraries.MpFile.MpFileError.typ"
    Type="File"
    LastWriteTime="134190747151619119"
    Private="false" />
  <Object
    Path="C:\Users\Uff-Soft\Documents\GitHub\Various\DosatorePdS\Logical\Libraries\MpFile\MpFileAlarm.typ"
    LogicalPath="Libraries.MpFile.MpFileAlarm.typ"
    Type="File"
    LastWriteTime="134190747151619119"
    Private="false" />
  <Object
    Path="C:\Users\Uff-Soft\Documents\GitHub\Various\DosatorePdS\Logical\Libraries\MpFile\MpFile.fun"
    LogicalPath="Libraries.MpFile.MpFile.fun"
    Type="File"
    LastWriteTime="134190747151614119"
    Private="false" />
  <Object
    Path="C:\Users\Uff-Soft\Documents\GitHub\Various\DosatorePdS\Logical\Libraries\FileIO\binary.lby"
    LogicalPath="Libraries.FileIO"
    Type="Library"
    LastWriteTime="134190747151524120" />
  <Object
    Path="C:\Users\Uff-Soft\Documents\GitHub\Various\DosatorePdS\Logical\Libraries\FileIO\FileIO.fun"
    LogicalPath="Libraries.FileIO.FileIO.fun"
    Type="File"
    LastWriteTime="134190747151514121"
    Private="false" />
  <Object
    Path="C:\Users\Uff-Soft\Documents\GitHub\Various\DosatorePdS\Logical\Libraries\FileIO\FileIO.typ"
    LogicalPath="Libraries.FileIO.FileIO.typ"
    Type="File"
    LastWriteTime="134190747151519121"
    Private="false" />
  <Object
    Path="C:\Users\Uff-Soft\Documents\GitHub\Various\DosatorePdS\Logical\Libraries\FileIO\FileIO.var"
    LogicalPath="Libraries.FileIO.FileIO.var"
    Type="File"
    LastWriteTime="134190747151519121"
    Private="false" />
  <Object
    Path="C:\Users\Uff-Soft\Documents\GitHub\Various\DosatorePdS\Logical\Program\IEC.prg"
    LogicalPath="Program"
    Type="Program"
    LastWriteTime="134190747151769120" />
  <Object
    Path="C:\Users\Uff-Soft\Documents\GitHub\Various\DosatorePdS\Logical\Program\Cyclic.st"
    LogicalPath="Program.Cyclic.st"
    Type="File"
    LastWriteTime="134274563193169430"
    Private="false" />
  <Object
    Path="C:\Users\Uff-Soft\Documents\GitHub\Various\DosatorePdS\Logical\Program\Init.st"
    LogicalPath="Program.Init.st"
    Type="File"
    LastWriteTime="134190747151769120"
    Private="false" />
  <Object
    Path="C:\Users\Uff-Soft\Documents\GitHub\Various\DosatorePdS\Logical\Program\Exit.st"
    LogicalPath="Program.Exit.st"
    Type="File"
    LastWriteTime="134190747151764119"
    Private="false" />
  <Object
    Path="C:\Users\Uff-Soft\Documents\GitHub\Various\DosatorePdS\Logical\Program\Types.typ"
    LogicalPath="Program.Types.typ"
    Type="File"
    LastWriteTime="134190747151774118"
    Private="true" />
  <Object
    Path="C:\Users\Uff-Soft\Documents\GitHub\Various\DosatorePdS\Logical\Program\Variables.var"
    LogicalPath="Program.Variables.var"
    Type="File"
    LastWriteTime="134274534601865964"
    Private="true" />
  <Object
    Path="C:\Users\Uff-Soft\Documents\GitHub\Various\DosatorePdS\Logical\Program\LocalFunctions.fun"
    LogicalPath="Program.LocalFunctions.fun"
    Type="File"
    LastWriteTime="134273922660925215"
    Private="true" />
  <Object
    Path="C:\Users\Uff-Soft\Documents\GitHub\Various\DosatorePdS\Logical\Program\FB_DosaggioPolvere.st"
    LogicalPath="Program.FB_DosaggioPolvere.st"
    Type="File"
    LastWriteTime="134274544059989033"
    Private="false" />
  <Object
    Path="C:\Users\Uff-Soft\Documents\GitHub\Various\DosatorePdS\Logical\Recipe\IEC.prg"
    LogicalPath="Recipe"
    Type="Program"
    LastWriteTime="134190747151784119" />
  <Object
    Path="C:\Users\Uff-Soft\Documents\GitHub\Various\DosatorePdS\Logical\Recipe\Cyclic.ld"
    LogicalPath="Recipe.Cyclic.ld"
    Type="File"
    LastWriteTime="134190747151779115"
    Private="false" />
  <Object
    Path="C:\Users\Uff-Soft\Documents\GitHub\Various\DosatorePdS\Logical\Recipe\Init.ld"
    LogicalPath="Recipe.Init.ld"
    Type="File"
    LastWriteTime="134190747151784119"
    Private="false" />
  <Object
    Path="C:\Users\Uff-Soft\Documents\GitHub\Various\DosatorePdS\Logical\Recipe\Exit.ld"
    LogicalPath="Recipe.Exit.ld"
    Type="File"
    LastWriteTime="134190747151779115"
    Private="false" />
  <Object
    Path="C:\Users\Uff-Soft\Documents\GitHub\Various\DosatorePdS\Logical\Recipe\Types.typ"
    LogicalPath="Recipe.Types.typ"
    Type="File"
    LastWriteTime="134190747151784119"
    Private="true" />
  <Object
    Path="C:\Users\Uff-Soft\Documents\GitHub\Various\DosatorePdS\Logical\Recipe\Variables.var"
    LogicalPath="Recipe.Variables.var"
    Type="File"
    LastWriteTime="134190747151789119"
    Private="true" />
  <Object
    Path="C:\Users\Uff-Soft\Documents\GitHub\Various\DosatorePdS\Logical\mappView\Package.pkg"
    LogicalPath="mappView"
    Type="Package"
    LastWriteTime="134190747151844119" />
  <Object
    Path="C:\Users\Uff-Soft\Documents\GitHub\Various\DosatorePdS\Logical\mappView\Layouts\Package.pkg"
    LogicalPath="mappView.Layouts"
    Type="Package"
    LastWriteTime="134190747151839119" />
  <Object
    Path="C:\Users\Uff-Soft\Documents\GitHub\Various\DosatorePdS\Logical\mappView\Layouts\Landscape16_9.layout"
    LogicalPath="mappView.Layouts.Landscape16_9.layout"
    Type="File"
    LastWriteTime="134190747151834121"
    Private="false" />
  <Object
    Path="C:\Users\Uff-Soft\Documents\GitHub\Various\DosatorePdS\Logical\mappView\Layouts\Mobile.layout"
    LogicalPath="mappView.Layouts.Mobile.layout"
    Type="File"
    LastWriteTime="134190747151839119"
    Private="false" />
  <Object
    Path="C:\Users\Uff-Soft\Documents\GitHub\Various\DosatorePdS\Logical\mappView\Widgets\Package.pkg"
    LogicalPath="mappView.Widgets"
    Type="Package"
    LastWriteTime="134190747151949121" />
  <Object
    Path="C:\Users\Uff-Soft\Documents\GitHub\Various\DosatorePdS\Logical\mappView\Resources\Package.pkg"
    LogicalPath="mappView.Resources"
    Type="Package"
    LastWriteTime="134190747151849121" />
  <Object
    Path="C:\Users\Uff-Soft\Documents\GitHub\Various\DosatorePdS\Logical\mappView\Resources\Texts\Package.pkg"
    LogicalPath="mappView.Resources.Texts"
    Type="Package"
    LastWriteTime="134190747151854121" />
  <Object
    Path="C:\Users\Uff-Soft\Documents\GitHub\Various\DosatorePdS\Logical\mappView\Resources\Snippets\Package.pkg"
    LogicalPath="mappView.Resources.Snippets"
    Type="Package"
    LastWriteTime="134190747151854121" />
  <Object
    Path="C:\Users\Uff-Soft\Documents\GitHub\Various\DosatorePdS\Logical\mappView\Resources\Themes\Package.pkg"
    LogicalPath="mappView.Resources.Themes"
    Type="Package"
    LastWriteTime="134190747151889147" />
  <Object
    Path="C:\Users\Uff-Soft\Documents\GitHub\Various\DosatorePdS\Logical\mappView\Resources\Themes\BuRTheme1\Package.pkg"
    LogicalPath="mappView.Resources.Themes.BuRTheme1"
    Type="Package"
    LastWriteTime="134190747151859118" />
  <Object
    Path="C:\Users\Uff-Soft\Documents\GitHub\Various\DosatorePdS\Logical\mappView\Resources\Themes\BuRTheme1\BuRTheme1.theme"
    LogicalPath="mappView.Resources.Themes.BuRTheme1.BuRTheme1.theme"
    Type="File"
    LastWriteTime="134190747151859118"
    Private="false" />
  <Object
    Path="C:\Users\Uff-Soft\Documents\GitHub\Various\DosatorePdS\Logical\mappView\Resources\Themes\BuRTheme1\brease\Package.pkg"
    LogicalPath="mappView.Resources.Themes.BuRTheme1.brease"
    Type="Package"
    LastWriteTime="134190747151884113" />
  <Object
    Path="C:\Users\Uff-Soft\Documents\GitHub\Various\DosatorePdS\Logical\mappView\Resources\Themes\BuRTheme1\brease\BuRTheme1.stylesset"
    LogicalPath="mappView.Resources.Themes.BuRTheme1.brease.BuRTheme1.stylesset"
    Type="File"
    LastWriteTime="134190747151864118"
    Private="false" />
  <Object
    Path="C:\Users\Uff-Soft\Documents\GitHub\Various\DosatorePdS\Logical\mappView\Resources\Themes\BuRTheme1\brease\Default.styles"
    LogicalPath="mappView.Resources.Themes.BuRTheme1.brease.Default.styles"
    Type="File"
    LastWriteTime="134190747151874123"
    Private="false" />
  <Object
    Path="C:\Users\Uff-Soft\Documents\GitHub\Various\DosatorePdS\Logical\mappView\Resources\Themes\BuRTheme1\brease\System.styles"
    LogicalPath="mappView.Resources.Themes.BuRTheme1.brease.System.styles"
    Type="File"
    LastWriteTime="134190747151889147"
    Private="false" />
  <Object
    Path="C:\Users\Uff-Soft\Documents\GitHub\Various\DosatorePdS\Logical\mappView\Resources\Themes\BuRTheme1\brease\Buttons.styles"
    LogicalPath="mappView.Resources.Themes.BuRTheme1.brease.Buttons.styles"
    Type="File"
    LastWriteTime="134190747151869119"
    Private="false" />
  <Object
    Path="C:\Users\Uff-Soft\Documents\GitHub\Various\DosatorePdS\Logical\mappView\Resources\Themes\BuRTheme1\brease\Common.styles"
    LogicalPath="mappView.Resources.Themes.BuRTheme1.brease.Common.styles"
    Type="File"
    LastWriteTime="134190747151869119"
    Private="false" />
  <Object
    Path="C:\Users\Uff-Soft\Documents\GitHub\Various\DosatorePdS\Logical\mappView\Resources\Themes\BuRTheme1\brease\Container.styles"
    LogicalPath="mappView.Resources.Themes.BuRTheme1.brease.Container.styles"
    Type="File"
    LastWriteTime="134190747151874123"
    Private="false" />
  <Object
    Path="C:\Users\Uff-Soft\Documents\GitHub\Various\DosatorePdS\Logical\mappView\Resources\Themes\BuRTheme1\brease\Numeric.styles"
    LogicalPath="mappView.Resources.Themes.BuRTheme1.brease.Numeric.styles"
    Type="File"
    LastWriteTime="134190747151884113"
    Private="false" />
  <Object
    Path="C:\Users\Uff-Soft\Documents\GitHub\Various\DosatorePdS\Logical\mappView\Resources\Themes\BuRTheme1\brease\LabelTexts.styles"
    LogicalPath="mappView.Resources.Themes.BuRTheme1.brease.LabelTexts.styles"
    Type="File"
    LastWriteTime="134190747151879114"
    Private="false" />
  <Object
    Path="C:\Users\Uff-Soft\Documents\GitHub\Various\DosatorePdS\Logical\mappView\Resources\Themes\BuRTheme1\brease\Graphic.styles"
    LogicalPath="mappView.Resources.Themes.BuRTheme1.brease.Graphic.styles"
    Type="File"
    LastWriteTime="134190747151879114"
    Private="false" />
  <Object
    Path="C:\Users\Uff-Soft\Documents\GitHub\Various\DosatorePdS\Logical\mappView\Resources\Themes\BuRTheme1\brease\Charts.styles"
    LogicalPath="mappView.Resources.Themes.BuRTheme1.brease.Charts.styles"
    Type="File"
    LastWriteTime="134190747151869119"
    Private="false" />
  <Object
    Path="C:\Users\Uff-Soft\Documents\GitHub\Various\DosatorePdS\Logical\mappView\Resources\Themes\BuRTheme1\brease\Sequencer.styles"
    LogicalPath="mappView.Resources.Themes.BuRTheme1.brease.Sequencer.styles"
    Type="File"
    LastWriteTime="134190747151889147"
    Private="false" />
  <Object
    Path="C:\Users\Uff-Soft\Documents\GitHub\Various\DosatorePdS\Logical\mappView\Resources\Themes\BuRTheme1\brease\Lists.styles"
    LogicalPath="mappView.Resources.Themes.BuRTheme1.brease.Lists.styles"
    Type="File"
    LastWriteTime="134190747151884113"
    Private="false" />
  <Object
    Path="C:\Users\Uff-Soft\Documents\GitHub\Various\DosatorePdS\Logical\mappView\Resources\Media\Package.pkg"
    LogicalPath="mappView.Resources.Media"
    Type="Package"
    LastWriteTime="134190848466701509" />
  <Object
    Path="C:\Users\Uff-Soft\Documents\GitHub\Various\DosatorePdS\Logical\mappView\Resources\Media\logo-promass.png"
    LogicalPath="mappView.Resources.Media.logo-promass.png"
    Type="File"
    LastWriteTime="134190747151849121"
    Private="false" />
  <Object
    Path="C:\Users\Uff-Soft\Documents\GitHub\Various\DosatorePdS\Logical\mappView\Visualization\Package.pkg"
    LogicalPath="mappView.Visualization"
    Type="Package"
    LastWriteTime="134190747151904119" />
  <Object
    Path="C:\Users\Uff-Soft\Documents\GitHub\Various\DosatorePdS\Logical\mappView\Visualization\Pages\Package.pkg"
    LogicalPath="mappView.Visualization.Pages"
    Type="Package"
    LastWriteTime="134190747151909117" />
  <Object
    Path="C:\Users\Uff-Soft\Documents\GitHub\Various\DosatorePdS\Logical\mappView\Visualization\Pages\AreaContents\Package.pkg"
    LogicalPath="mappView.Visualization.Pages.AreaContents"
    Type="Package"
    LastWriteTime="134190747151909117" />
  <Object
    Path="C:\Users\Uff-Soft\Documents\GitHub\Various\DosatorePdS\Logical\mappView\Visualization\Pages\Page\Package.pkg"
    LogicalPath="mappView.Visualization.Pages.Page"
    Type="Package"
    LastWriteTime="134190747151914118" />
  <Object
    Path="C:\Users\Uff-Soft\Documents\GitHub\Various\DosatorePdS\Logical\mappView\Visualization\Pages\Page\Page.page"
    LogicalPath="mappView.Visualization.Pages.Page.Page.page"
    Type="File"
    LastWriteTime="134190747151919118"
    Private="false" />
  <Object
    Path="C:\Users\Uff-Soft\Documents\GitHub\Various\DosatorePdS\Logical\mappView\Visualization\Pages\Page\Content.content"
    LogicalPath="mappView.Visualization.Pages.Page.Content.content"
    Type="File"
    LastWriteTime="134190747151914118"
    Private="false" />
  <Object
    Path="C:\Users\Uff-Soft\Documents\GitHub\Various\DosatorePdS\Logical\mappView\Visualization\Pages\mobile\Package.pkg"
    LogicalPath="mappView.Visualization.Pages.mobile"
    Type="Package"
    LastWriteTime="134190747151924121" />
  <Object
    Path="C:\Users\Uff-Soft\Documents\GitHub\Various\DosatorePdS\Logical\mappView\Visualization\Pages\mobile\AreaContents\Package.pkg"
    LogicalPath="mappView.Visualization.Pages.mobile.AreaContents"
    Type="Package"
    LastWriteTime="134190747151919118" />
  <Object
    Path="C:\Users\Uff-Soft\Documents\GitHub\Various\DosatorePdS\Logical\mappView\Visualization\Pages\mobile\AreaContents\header.content"
    LogicalPath="mappView.Visualization.Pages.mobile.AreaContents.header.content"
    Type="File"
    LastWriteTime="134272154897938842"
    Private="false" />
  <Object
    Path="C:\Users\Uff-Soft\Documents\GitHub\Various\DosatorePdS\Logical\mappView\Visualization\Pages\mobile\mainPage\Package.pkg"
    LogicalPath="mappView.Visualization.Pages.mobile.mainPage"
    Type="Package"
    LastWriteTime="134190747151929118" />
  <Object
    Path="C:\Users\Uff-Soft\Documents\GitHub\Various\DosatorePdS\Logical\mappView\Visualization\Pages\mobile\mainPage\Page.page"
    LogicalPath="mappView.Visualization.Pages.mobile.mainPage.Page.page"
    Type="File"
    LastWriteTime="134190848466711510"
    Private="false" />
  <Object
    Path="C:\Users\Uff-Soft\Documents\GitHub\Various\DosatorePdS\Logical\mappView\Visualization\Pages\mobile\mainPage\Maincontent.content"
    LogicalPath="mappView.Visualization.Pages.mobile.mainPage.Maincontent.content"
    Type="File"
    LastWriteTime="134274561450975374"
    Private="false" />
  <Object
    Path="C:\Users\Uff-Soft\Documents\GitHub\Various\DosatorePdS\Logical\mappView\Visualization\Pages\mobile\mainPage\Settings.content"
    LogicalPath="mappView.Visualization.Pages.mobile.mainPage.Settings.content"
    Type="File"
    LastWriteTime="134274525146069949"
    Private="false" />
  <Object
    Path="C:\Users\Uff-Soft\Documents\GitHub\Various\DosatorePdS\Logical\mappView\Visualization\Pages\mobile\mainPage\Scale.content"
    LogicalPath="mappView.Visualization.Pages.mobile.mainPage.Scale.content"
    Type="File"
    LastWriteTime="134274519230632485"
    Private="false" />
  <Object
    Path="C:\Users\Uff-Soft\Documents\GitHub\Various\DosatorePdS\Logical\mappView\Visualization\Pages\mobile\mainPage\Recipe.content"
    LogicalPath="mappView.Visualization.Pages.mobile.mainPage.Recipe.content"
    Type="File"
    LastWriteTime="134190848466711510"
    Private="false" />
  <Object
    Path="C:\Users\Uff-Soft\Documents\GitHub\Various\DosatorePdS\Logical\mappView\Visualization\Variables\Package.pkg"
    LogicalPath="mappView.Visualization.Variables"
    Type="Package"
    LastWriteTime="134190747151949121" />
  <Object
    Path="C:\Users\Uff-Soft\Documents\GitHub\Various\DosatorePdS\Logical\mappView\Visualization\Expressions\Package.pkg"
    LogicalPath="mappView.Visualization.Expressions"
    Type="Package"
    LastWriteTime="134190747151899120" />
  <Object
    Path="C:\Users\Uff-Soft\Documents\GitHub\Various\DosatorePdS\Logical\mappView\Visualization\Layouts\Package.pkg"
    LogicalPath="mappView.Visualization.Layouts"
    Type="Package"
    LastWriteTime="134190747151904119" />
  <Object
    Path="C:\Users\Uff-Soft\Documents\GitHub\Various\DosatorePdS\Logical\mappView\Visualization\Dialogs\Package.pkg"
    LogicalPath="mappView.Visualization.Dialogs"
    Type="Package"
    LastWriteTime="134190747151899120" />
  <Object
    Path="C:\Users\Uff-Soft\Documents\GitHub\Various\DosatorePdS\Logical\mappView\Visualization\Dialogs\AreaContents\Package.pkg"
    LogicalPath="mappView.Visualization.Dialogs.AreaContents"
    Type="Package"
    LastWriteTime="134190747151894122" />
  <Object
    Path="C:\Users\Uff-Soft\Documents\GitHub\Various\DosatorePdS\Logical\mappView\Visualization\Resources\Package.pkg"
    LogicalPath="mappView.Visualization.Resources"
    Type="Package"
    LastWriteTime="134190747151939117" />
  <Object
    Path="C:\Users\Uff-Soft\Documents\GitHub\Various\DosatorePdS\Logical\mappView\Visualization\Resources\Texts\Package.pkg"
    LogicalPath="mappView.Visualization.Resources.Texts"
    Type="Package"
    LastWriteTime="134190747151944120" />
  <Object
    Path="C:\Users\Uff-Soft\Documents\GitHub\Various\DosatorePdS\Logical\mappView\Visualization\Resources\Snippets\Package.pkg"
    LogicalPath="mappView.Visualization.Resources.Snippets"
    Type="Package"
    LastWriteTime="134190747151944120" />
  <Object
    Path="C:\Users\Uff-Soft\Documents\GitHub\Various\DosatorePdS\Logical\simu\IEC.prg"
    LogicalPath="simu"
    Type="Program"
    LastWriteTime="134272794706141730" />
  <Object
    Path="C:\Users\Uff-Soft\Documents\GitHub\Various\DosatorePdS\Logical\simu\Cyclic.st"
    LogicalPath="simu.Cyclic.st"
    Type="File"
    LastWriteTime="134273852800766016"
    Private="false" />
  <Object
    Path="C:\Users\Uff-Soft\Documents\GitHub\Various\DosatorePdS\Logical\simu\Init.st"
    LogicalPath="simu.Init.st"
    Type="File"
    LastWriteTime="134272794706121732"
    Private="false" />
  <Object
    Path="C:\Users\Uff-Soft\Documents\GitHub\Various\DosatorePdS\Logical\simu\Exit.st"
    LogicalPath="simu.Exit.st"
    Type="File"
    LastWriteTime="134272794706126709"
    Private="false" />
  <Object
    Path="C:\Users\Uff-Soft\Documents\GitHub\Various\DosatorePdS\Logical\simu\Types.typ"
    LogicalPath="simu.Types.typ"
    Type="File"
    LastWriteTime="134272794706131719"
    Private="true" />
  <Object
    Path="C:\Users\Uff-Soft\Documents\GitHub\Various\DosatorePdS\Logical\simu\Variables.var"
    LogicalPath="simu.Variables.var"
    Type="File"
    LastWriteTime="134273850689753735"
    Private="true" />
  <Object
    Path="C:\Users\Uff-Soft\Documents\GitHub\Various\DosatorePdS\Physical\Config1\Config.pkg"
    LogicalPath="Config1"
    Type="Configuration.ParentUnknown"
    LastWriteTime="134190747151954125" />
  <Object
    Path="C:\Users\Uff-Soft\Documents\GitHub\Various\DosatorePdS\Physical\Config1\Hardware.hw"
    LogicalPath="Config1.Hardware.hw"
    Type="File"
    LastWriteTime="134272777841508285"
    Private="false" />
  <Object
    Path="C:\Users\Uff-Soft\Documents\GitHub\Various\DosatorePdS\Physical\Config1\Hardware.hwl"
    LogicalPath="Config1.Hardware.hwl"
    Type="File"
    LastWriteTime="134190747151959118"
    Private="false" />
  <Object
    Path="C:\Users\Uff-Soft\Documents\GitHub\Various\DosatorePdS\Physical\Config1\X20CP1301\Cpu.pkg"
    LogicalPath="Config1.X20CP1301"
    Type="Cpu"
    LastWriteTime="134274563323531862" />
  <Object
    Path="C:\Users\Uff-Soft\Documents\GitHub\Various\DosatorePdS\Physical\Config1\X20CP1301\Cpu.sw"
    LogicalPath="Config1.X20CP1301.Cpu.sw"
    Type="File"
    LastWriteTime="134274559247259408"
    Private="false" />
  <Object
    Path="C:\Users\Uff-Soft\Documents\GitHub\Various\DosatorePdS\Physical\Config1\X20CP1301\Cpu.per"
    LogicalPath="Config1.X20CP1301.Cpu.per"
    Type="File"
    LastWriteTime="134190747152014121"
    Private="false" />
  <Object
    Path="C:\Users\Uff-Soft\Documents\GitHub\Various\DosatorePdS\Physical\Config1\X20CP1301\IoMap.iom"
    LogicalPath="Config1.X20CP1301.IoMap.iom"
    Type="File"
    LastWriteTime="134274558611032617"
    Private="false" />
  <Object
    Path="C:\Users\Uff-Soft\Documents\GitHub\Various\DosatorePdS\Physical\Config1\X20CP1301\PvMap.vvm"
    LogicalPath="Config1.X20CP1301.PvMap.vvm"
    Type="File"
    LastWriteTime="134190747152064119"
    Private="false" />
  <Object
    Path="C:\Users\Uff-Soft\Documents\GitHub\Various\DosatorePdS\Physical\Config1\X20CP1301\Connectivity\Package.pkg"
    LogicalPath="Config1.X20CP1301.Connectivity"
    Type="Package"
    LastWriteTime="134190747152014121" />
  <Object
    Path="C:\Users\Uff-Soft\Documents\GitHub\Various\DosatorePdS\Physical\Config1\X20CP1301\Connectivity\OpcUA\Package.pkg"
    LogicalPath="Config1.X20CP1301.Connectivity.OpcUA"
    Type="Package"
    LastWriteTime="134190747152009119" />
  <Object
    Path="C:\Users\Uff-Soft\Documents\GitHub\Various\DosatorePdS\Physical\Config1\X20CP1301\Connectivity\OpcUA\OpcUaMap.uad"
    LogicalPath="Config1.X20CP1301.Connectivity.OpcUA.OpcUaMap.uad"
    Type="File"
    LastWriteTime="134274558612067601"
    Private="false" />
  <Object
    Path="C:\Users\Uff-Soft\Documents\GitHub\Various\DosatorePdS\Physical\Config1\X20CP1301\TextSystem\Package.pkg"
    LogicalPath="Config1.X20CP1301.TextSystem"
    Type="Package"
    LastWriteTime="134190747152064119" />
  <Object
    Path="C:\Users\Uff-Soft\Documents\GitHub\Various\DosatorePdS\Physical\Config1\X20CP1301\UnitSystem\Package.pkg"
    LogicalPath="Config1.X20CP1301.UnitSystem"
    Type="Package"
    LastWriteTime="134190747152069121" />
  <Object
    Path="C:\Users\Uff-Soft\Documents\GitHub\Various\DosatorePdS\Physical\Config1\X20CP1301\AccessAndSecurity\Package.pkg"
    LogicalPath="Config1.X20CP1301.AccessAndSecurity"
    Type="Package"
    LastWriteTime="134190747151994124" />
  <Object
    Path="C:\Users\Uff-Soft\Documents\GitHub\Various\DosatorePdS\Physical\Config1\X20CP1301\AccessAndSecurity\UserRoleSystem\Package.pkg"
    LogicalPath="Config1.X20CP1301.AccessAndSecurity.UserRoleSystem"
    Type="Package"
    LastWriteTime="134190747151999111" />
  <Object
    Path="C:\Users\Uff-Soft\Documents\GitHub\Various\DosatorePdS\Physical\Config1\X20CP1301\AccessAndSecurity\UserRoleSystem\Role.role"
    LogicalPath="Config1.X20CP1301.AccessAndSecurity.UserRoleSystem.Role.role"
    Type="File"
    LastWriteTime="134190747152004121"
    Private="false" />
  <Object
    Path="C:\Users\Uff-Soft\Documents\GitHub\Various\DosatorePdS\Physical\Config1\X20CP1301\AccessAndSecurity\UserRoleSystem\User.user"
    LogicalPath="Config1.X20CP1301.AccessAndSecurity.UserRoleSystem.User.user"
    Type="File"
    LastWriteTime="134190747152004121"
    Private="false" />
  <Object
    Path="C:\Users\Uff-Soft\Documents\GitHub\Various\DosatorePdS\Physical\Config1\X20CP1301\AccessAndSecurity\CertificateStore\Package.pkg"
    LogicalPath="Config1.X20CP1301.AccessAndSecurity.CertificateStore"
    Type="Package"
    LastWriteTime="134190747151984112" />
  <Object
    Path="C:\Users\Uff-Soft\Documents\GitHub\Various\DosatorePdS\Physical\Config1\X20CP1301\AccessAndSecurity\CertificateStore\OwnCertificates\Package.pkg"
    LogicalPath="Config1.X20CP1301.AccessAndSecurity.CertificateStore.OwnCertificates"
    Type="Package"
    LastWriteTime="134190747151979120" />
  <Object
    Path="C:\Users\Uff-Soft\Documents\GitHub\Various\DosatorePdS\Physical\Config1\X20CP1301\AccessAndSecurity\CertificateStore\OwnCertificates\Certificates\Package.pkg"
    LogicalPath="Config1.X20CP1301.AccessAndSecurity.CertificateStore.OwnCertificates.Certificates"
    Type="Package"
    LastWriteTime="134190747151979120" />
  <Object
    Path="C:\Users\Uff-Soft\Documents\GitHub\Various\DosatorePdS\Physical\Config1\X20CP1301\AccessAndSecurity\CertificateStore\OwnCertificates\PrivateKeys\Package.pkg"
    LogicalPath="Config1.X20CP1301.AccessAndSecurity.CertificateStore.OwnCertificates.PrivateKeys"
    Type="Package"
    LastWriteTime="134190747151984112" />
  <Object
    Path="C:\Users\Uff-Soft\Documents\GitHub\Various\DosatorePdS\Physical\Config1\X20CP1301\AccessAndSecurity\CertificateStore\ThirdPartyCertificates\Package.pkg"
    LogicalPath="Config1.X20CP1301.AccessAndSecurity.CertificateStore.ThirdPartyCertificates"
    Type="Package"
    LastWriteTime="134190747151984112" />
  <Object
    Path="C:\Users\Uff-Soft\Documents\GitHub\Various\DosatorePdS\Physical\Config1\X20CP1301\AccessAndSecurity\CertificateStore\ThirdPartyCertificates\SoftwareCertificates\Package.pkg"
    LogicalPath="Config1.X20CP1301.AccessAndSecurity.CertificateStore.ThirdPartyCertificates.SoftwareCertificates"
    Type="Package"
    LastWriteTime="134190747151989113" />
  <Object
    Path="C:\Users\Uff-Soft\Documents\GitHub\Various\DosatorePdS\Physical\Config1\X20CP1301\AccessAndSecurity\CertificateStore\CertificateRevocationLists\Package.pkg"
    LogicalPath="Config1.X20CP1301.AccessAndSecurity.CertificateStore.CertificateRevocationLists"
    Type="Package"
    LastWriteTime="134190747151969117" />
  <Object
    Path="C:\Users\Uff-Soft\Documents\GitHub\Various\DosatorePdS\Physical\Config1\X20CP1301\AccessAndSecurity\CertificateStore\CertificateSigningRequests\Package.pkg"
    LogicalPath="Config1.X20CP1301.AccessAndSecurity.CertificateStore.CertificateSigningRequests"
    Type="Package"
    LastWriteTime="134190747151974120" />
  <Object
    Path="C:\Users\Uff-Soft\Documents\GitHub\Various\DosatorePdS\Physical\Config1\X20CP1301\AccessAndSecurity\TransportLayerSecurity\Package.pkg"
    LogicalPath="Config1.X20CP1301.AccessAndSecurity.TransportLayerSecurity"
    Type="Package"
    LastWriteTime="134190747151999111" />
  <Object
    Path="C:\Users\Uff-Soft\Documents\GitHub\Various\DosatorePdS\Physical\Config1\X20CP1301\AccessAndSecurity\Firewall\Package.pkg"
    LogicalPath="Config1.X20CP1301.AccessAndSecurity.Firewall"
    Type="Package"
    LastWriteTime="134190747151994124" />
  <Object
    Path="C:\Users\Uff-Soft\Documents\GitHub\Various\DosatorePdS\Physical\Config1\X20CP1301\AccessAndSecurity\Firewall\Rules.firewallRules"
    LogicalPath="Config1.X20CP1301.AccessAndSecurity.Firewall.Rules.firewallRules"
    Type="File"
    LastWriteTime="134190747151994124"
    Private="false" />
  <Object
    Path="C:\Users\Uff-Soft\Documents\GitHub\Various\DosatorePdS\Physical\Config1\X20CP1301\mappControl\Package.pkg"
    LogicalPath="Config1.X20CP1301.mappControl"
    Type="Package"
    LastWriteTime="134190747152074119" />
  <Object
    Path="C:\Users\Uff-Soft\Documents\GitHub\Various\DosatorePdS\Physical\Config1\X20CP1301\mappMotion\Package.pkg"
    LogicalPath="Config1.X20CP1301.mappMotion"
    Type="Package"
    LastWriteTime="134190747152079119" />
  <Object
    Path="C:\Users\Uff-Soft\Documents\GitHub\Various\DosatorePdS\Physical\Config1\X20CP1301\mappServices\Package.pkg"
    LogicalPath="Config1.X20CP1301.mappServices"
    Type="Package"
    LastWriteTime="134190747152089118" />
  <Object
    Path="C:\Users\Uff-Soft\Documents\GitHub\Various\DosatorePdS\Physical\Config1\X20CP1301\mappServices\Config.mprecipexml"
    LogicalPath="Config1.X20CP1301.mappServices.Config.mprecipexml"
    Type="File"
    LastWriteTime="134190747152089118"
    Private="false" />
  <Object
    Path="C:\Users\Uff-Soft\Documents\GitHub\Various\DosatorePdS\Physical\Config1\X20CP1301\mappSafety\Package.pkg"
    LogicalPath="Config1.X20CP1301.mappSafety"
    Type="Package"
    LastWriteTime="134190747152079119" />
  <Object
    Path="C:\Users\Uff-Soft\Documents\GitHub\Various\DosatorePdS\Physical\Config1\X20CP1301\mappSafety\SafeApplication\Package.pkg"
    LogicalPath="Config1.X20CP1301.mappSafety.SafeApplication"
    Type="Package"
    LastWriteTime="134190747152084119" />
  <Object
    Path="C:\Users\Uff-Soft\Documents\GitHub\Various\DosatorePdS\Physical\Config1\X20CP1301\mappSafety\SafeCommissioning\Package.pkg"
    LogicalPath="Config1.X20CP1301.mappSafety.SafeCommissioning"
    Type="Package"
    LastWriteTime="134190747152089118" />
  <Object
    Path="C:\Users\Uff-Soft\Documents\GitHub\Various\DosatorePdS\Physical\Config1\X20CP1301\mappView\Package.pkg"
    LogicalPath="Config1.X20CP1301.mappView"
    Type="Package"
    LastWriteTime="134274561420326712" />
  <Object
    Path="C:\Users\Uff-Soft\Documents\GitHub\Various\DosatorePdS\Physical\Config1\X20CP1301\mappView\Config.mappviewcfg"
    LogicalPath="Config1.X20CP1301.mappView.Config.mappviewcfg"
    Type="File"
    LastWriteTime="134190842321834370"
    Private="false" />
  <Object
    Path="C:\Users\Uff-Soft\Documents\GitHub\Various\DosatorePdS\Physical\Config1\X20CP1301\mappView\Visualizat.vis"
    LogicalPath="Config1.X20CP1301.mappView.Visualizat.vis"
    Type="File"
    LastWriteTime="134274558035188326"
    Private="false" />
  <Object
    Path="C:\Users\Uff-Soft\Documents\GitHub\Various\DosatorePdS\Physical\Config1\X20CP1301\mappView\content_1.binding"
    LogicalPath="Config1.X20CP1301.mappView.content_1.binding"
    Type="File"
    LastWriteTime="134190747152099122"
    Private="false" />
  <Object
    Path="C:\Users\Uff-Soft\Documents\GitHub\Various\DosatorePdS\Physical\Config1\X20CP1301\mappView\mobileheader.eventbinding"
    LogicalPath="Config1.X20CP1301.mappView.mobileheader.eventbinding"
    Type="File"
    LastWriteTime="134190848466731515"
    Private="false" />
  <Object
    Path="C:\Users\Uff-Soft\Documents\GitHub\Various\DosatorePdS\Physical\Config1\X20CP1301\mappView\mobileMain.binding"
    LogicalPath="Config1.X20CP1301.mappView.mobileMain.binding"
    Type="File"
    LastWriteTime="134274561451225363"
    Private="false" />
  <Object
    Path="C:\Users\Uff-Soft\Documents\GitHub\Various\DosatorePdS\Physical\Config1\X20CP1301\mappView\mobileSetting.binding"
    LogicalPath="Config1.X20CP1301.mappView.mobileSetting.binding"
    Type="File"
    LastWriteTime="134190747152109124"
    Private="false" />
  <Object
    Path="C:\Users\Uff-Soft\Documents\GitHub\Various\DosatorePdS\Physical\Config1\X20CP1301\mappView\content_4.binding"
    LogicalPath="Config1.X20CP1301.mappView.content_4.binding"
    Type="File"
    LastWriteTime="134190747152099122"
    Private="false" />
  <Object
    Path="C:\Users\Uff-Soft\Documents\GitHub\Various\DosatorePdS\Physical\Config1\X20CP1301\mappView\mobileRecipe.binding"
    LogicalPath="Config1.X20CP1301.mappView.mobileRecipe.binding"
    Type="File"
    LastWriteTime="134190747152104120"
    Private="false" />
  <Object
    Path="C:\Users\Uff-Soft\Documents\GitHub\Various\DosatorePdS\Physical\Config1\X20CP1301\mappView\mobileScale.binding"
    LogicalPath="Config1.X20CP1301.mappView.mobileScale.binding"
    Type="File"
    LastWriteTime="134274561420326712"
    Private="false" />
  <Object
    Path="C:\Users\Uff-Soft\Documents\GitHub\Various\DosatorePdS\Physical\Config1\X20CP1301\mappVision\Package.pkg"
    LogicalPath="Config1.X20CP1301.mappVision"
    Type="Package"
    LastWriteTime="134190747152114127" />
  <Object
    Path="C:\Users\Uff-Soft\Documents\GitHub\Various\DosatorePdS\Physical\Config1\X20CP1301\mappCockpit\Package.pkg"
    LogicalPath="Config1.X20CP1301.mappCockpit"
    Type="Package"
    LastWriteTime="134190747152074119" />
  <Object
    Path="C:\Users\Uff-Soft\Documents\GitHub\Various\DosatorePdS\Physical\Config1\X20CP1301\VC\Package.pkg"
    LogicalPath="Config1.X20CP1301.VC"
    Type="Package"
    LastWriteTime="134190747152069121" />
  <Object
    Path="C:\Users\Uff-Soft\Documents\GitHub\Various\DosatorePdS\Physical\Config1\X20CP1301\VC\PS2-Keyboard.dis"
    LogicalPath="Config1.X20CP1301.VC.PS2-Keyboard.dis"
    Type="File"
    LastWriteTime="134190747152069121"
    Private="false" />
  <Object
    Path="C:\Users\Uff-Soft\Documents\GitHub\Various\DosatorePdS\Physical\Config1\X20CP1301\DTM\Package.pkg"
    LogicalPath="Config1.X20CP1301.DTM"
    Type="Package"
    LastWriteTime="134190747152019119" />
  <Object
    Path="C:\Users\Uff-Soft\Documents\GitHub\Various\DosatorePdS\Physical\Config1\X20CP1301\DTM\X20IF10D1_1\Package.pkg"
    LogicalPath="Config1.X20CP1301.DTM.X20IF10D1_1"
    Type="Package"
    LastWriteTime="134190747152034119" />
  <Object
    Path="C:\Users\Uff-Soft\Documents\GitHub\Various\DosatorePdS\Physical\Config1\X20CP1301\DTM\X20IF10D1_1\X20IF10D1_1.dtm"
    LogicalPath="Config1.X20CP1301.DTM.X20IF10D1_1.X20IF10D1_1.dtm"
    Type="File"
    LastWriteTime="134190747152034119"
    Private="false" />
  <Object
    Path="C:\Users\Uff-Soft\Documents\GitHub\Various\DosatorePdS\Physical\Config1\X20CP1301\DTM\X20IF10D1_1\X20IF10D1_1_IF1\Package.pkg"
    LogicalPath="Config1.X20CP1301.DTM.X20IF10D1_1.X20IF10D1_1_IF1"
    Type="Package"
    LastWriteTime="134190747152039120" />
  <Object
    Path="C:\Users\Uff-Soft\Documents\GitHub\Various\DosatorePdS\Physical\Config1\X20CP1301\DTM\X20IF10D1_1\X20IF10D1_1_IF1\X20IF10D1_1_IF1.dtmdre"
    LogicalPath="Config1.X20CP1301.DTM.X20IF10D1_1.X20IF10D1_1_IF1.X20IF10D1_1_IF1.dtmdre"
    Type="File"
    LastWriteTime="134190747152044121"
    Private="false" />
  <Object
    Path="C:\Users\Uff-Soft\Documents\GitHub\Various\DosatorePdS\Physical\Config1\X20CP1301\DTM\X20IF10D1_1\X20IF10D1_1_IF1\X20IF10D1_1_IF1.dtmdra"
    LogicalPath="Config1.X20CP1301.DTM.X20IF10D1_1.X20IF10D1_1_IF1.X20IF10D1_1_IF1.dtmdra"
    Type="File"
    LastWriteTime="134190747152044121"
    Private="false" />
  <Object
    Path="C:\Users\Uff-Soft\Documents\GitHub\Various\DosatorePdS\Physical\Config1\X20CP1301\DTM\X20IF10D1_1\X20IF10D1_1_IF1\X20IF10D1_1_IF1.dtmtre"
    LogicalPath="Config1.X20CP1301.DTM.X20IF10D1_1.X20IF10D1_1_IF1.X20IF10D1_1_IF1.dtmtre"
    Type="File"
    LastWriteTime="134190747152049120"
    Private="false" />
  <Object
    Path="C:\Users\Uff-Soft\Documents\GitHub\Various\DosatorePdS\Physical\Config1\X20CP1301\DTM\X20IF10D1_1\X20IF10D1_1_IF1\X20IF10D1_1_IF1.dtmdri"
    LogicalPath="Config1.X20CP1301.DTM.X20IF10D1_1.X20IF10D1_1_IF1.X20IF10D1_1_IF1.dtmdri"
    Type="File"
    LastWriteTime="134190747152049120"
    Private="false" />
  <Object
    Path="C:\Users\Uff-Soft\Documents\GitHub\Various\DosatorePdS\Physical\Config1\X20CP1301\DTM\X20IF10D1_1\IND360_V1_1\Package.pkg"
    LogicalPath="Config1.X20CP1301.DTM.X20IF10D1_1.IND360_V1_1"
    Type="Package"
    LastWriteTime="134190747152034119" />
  <Object
    Path="C:\Users\Uff-Soft\Documents\GitHub\Various\DosatorePdS\Physical\Config1\X20CP1301\DTM\X20IF10D1_1\IND360_V1_1\IND360_V1_1.dtmdre"
    LogicalPath="Config1.X20CP1301.DTM.X20IF10D1_1.IND360_V1_1.IND360_V1_1.dtmdre"
    Type="File"
    LastWriteTime="134190747152024121"
    Private="false" />
  <Object
    Path="C:\Users\Uff-Soft\Documents\GitHub\Various\DosatorePdS\Physical\Config1\X20CP1301\DTM\X20IF10D1_1\IND360_V1_1\IND360_V1_1.dtmtre"
    LogicalPath="Config1.X20CP1301.DTM.X20IF10D1_1.IND360_V1_1.IND360_V1_1.dtmtre"
    Type="File"
    LastWriteTime="134190747152029123"
    Private="false" />
  <Object
    Path="C:\Users\Uff-Soft\Documents\GitHub\Various\DosatorePdS\Physical\Config1\X20CP1301\DTM\X20IF10D1_1\IND360_V1_1\IND360_V1_1.dtmdri"
    LogicalPath="Config1.X20CP1301.DTM.X20IF10D1_1.IND360_V1_1.IND360_V1_1.dtmdri"
    Type="File"
    LastWriteTime="134190747152029123"
    Private="false" />
  <Object
    Path="C:\Users\Uff-Soft\Documents\GitHub\Various\DosatorePdS\Physical\Config1\X20CP1301\ExternalHardware\Package.pkg"
    LogicalPath="Config1.X20CP1301.ExternalHardware"
    Type="Package"
    LastWriteTime="134190747152059121" />
  <Object
    Path="C:\Users\Uff-Soft\Documents\GitHub\Various\DosatorePdS\Physical\Config1\X20CP1301\ExternalHardware\JUNYO9HP.ext"
    LogicalPath="Config1.X20CP1301.ExternalHardware.JUNYO9HP.ext"
    Type="File"
    LastWriteTime="134190747152059121"
    Private="false" />
  <Object
    Path="C:\Users\Uff-Soft\Documents\GitHub\Various\DosatorePdS\Physical\Config1\X20CP1301\ExternalHardware\ExternalHardwareDevices.xml"
    LogicalPath="Config1.X20CP1301.ExternalHardware.ExternalHardwareDevices.xml"
    Type="File"
    LastWriteTime="134190747152054120"
    Private="false" />
  <Object
    Path="C:\Users\Uff-Soft\Documents\GitHub\Various\DosatorePdS\Physical\Config1\Hardware.jpg"
    LogicalPath="Config1.Hardware.jpg"
    Type="File"
    LastWriteTime="134190747151964122"
    Private="false" />
</Objects>