<?xml version="1.0" encoding="utf-8"?>
<?AutomationStudio Version="4.9.5.36 SP"?>
<Objects>
  <Object
    Path="C:\projects\Agroittica\Logical\Package.pkg"
    LogicalPath=""
    Type="Package.ParentUnknown"
    LastWriteTime="133316507589381846" />
  <Object
    Path="C:\projects\Agroittica\Temp\Includes\AS_TempDecl\ppc2100\GlobalComponents\MpComponents.var"
    LogicalPath="MpComponents.var"
    Type="File"
    LastWriteTime="133316511192179394"
    Private="false" />
  <Object
    Path="C:\projects\Agroittica\Logical\Global.typ"
    LogicalPath="Global.typ"
    Type="File"
    LastWriteTime="133316434157251315"
    Private="false" />
  <Object
    Path="C:\projects\Agroittica\Logical\Global.var"
    LogicalPath="Global.var"
    Type="File"
    LastWriteTime="133316520254078260"
    Private="false" />
  <Object
    Path="C:\projects\Agroittica\Logical\Constant.var"
    LogicalPath="Constant.var"
    Type="File"
    LastWriteTime="133313747601813017"
    Private="false" />
  <Object
    Path="C:\projects\Agroittica\Logical\Libraries\Package.pkg"
    LogicalPath="Libraries"
    Type="Package"
    LastWriteTime="133316527889341072" />
  <Object
    Path="C:\projects\Agroittica\Logical\Libraries\operator\binary.lby"
    LogicalPath="Libraries.operator"
    Type="Library"
    LastWriteTime="133312015574763247" />
  <Object
    Path="C:\projects\Agroittica\Logical\Libraries\operator\operator.fun"
    LogicalPath="Libraries.operator.operator.fun"
    Type="File"
    LastWriteTime="133312015574720939"
    Private="false" />
  <Object
    Path="C:\projects\Agroittica\Logical\Libraries\operator\operator.typ"
    LogicalPath="Libraries.operator.operator.typ"
    Type="File"
    LastWriteTime="133312015574751106"
    Private="false" />
  <Object
    Path="C:\projects\Agroittica\Logical\Libraries\operator\operator.var"
    LogicalPath="Libraries.operator.operator.var"
    Type="File"
    LastWriteTime="133312015574763247"
    Private="false" />
  <Object
    Path="C:\projects\Agroittica\Logical\Libraries\runtime\binary.lby"
    LogicalPath="Libraries.runtime"
    Type="Library"
    LastWriteTime="133312015577587500" />
  <Object
    Path="C:\projects\Agroittica\Logical\Libraries\runtime\runtime.fun"
    LogicalPath="Libraries.runtime.runtime.fun"
    Type="File"
    LastWriteTime="133312015577567496"
    Private="false" />
  <Object
    Path="C:\projects\Agroittica\Logical\Libraries\runtime\runtime.typ"
    LogicalPath="Libraries.runtime.runtime.typ"
    Type="File"
    LastWriteTime="133312015577577497"
    Private="false" />
  <Object
    Path="C:\projects\Agroittica\Logical\Libraries\runtime\runtime.var"
    LogicalPath="Libraries.runtime.runtime.var"
    Type="File"
    LastWriteTime="133312015577587500"
    Private="false" />
  <Object
    Path="C:\projects\Agroittica\Logical\Libraries\astime\binary.lby"
    LogicalPath="Libraries.astime"
    Type="Library"
    LastWriteTime="133312015580398597" />
  <Object
    Path="C:\projects\Agroittica\Logical\Libraries\astime\astime.fun"
    LogicalPath="Libraries.astime.astime.fun"
    Type="File"
    LastWriteTime="133312015580375863"
    Private="false" />
  <Object
    Path="C:\projects\Agroittica\Logical\Libraries\astime\astime.typ"
    LogicalPath="Libraries.astime.astime.typ"
    Type="File"
    LastWriteTime="133312015580386714"
    Private="false" />
  <Object
    Path="C:\projects\Agroittica\Logical\Libraries\astime\astime.var"
    LogicalPath="Libraries.astime.astime.var"
    Type="File"
    LastWriteTime="133312015580398597"
    Private="false" />
  <Object
    Path="C:\projects\Agroittica\Logical\Libraries\AsIecCon\binary.lby"
    LogicalPath="Libraries.AsIecCon"
    Type="Library"
    LastWriteTime="133312015583191107" />
  <Object
    Path="C:\projects\Agroittica\Logical\Libraries\AsIecCon\AsIecCon.fun"
    LogicalPath="Libraries.AsIecCon.AsIecCon.fun"
    Type="File"
    LastWriteTime="133312015583156521"
    Private="false" />
  <Object
    Path="C:\projects\Agroittica\Logical\Libraries\AsIecCon\AsIecCon.typ"
    LogicalPath="Libraries.AsIecCon.AsIecCon.typ"
    Type="File"
    LastWriteTime="133312015583169574"
    Private="false" />
  <Object
    Path="C:\projects\Agroittica\Logical\Libraries\AsIecCon\AsIecCon.var"
    LogicalPath="Libraries.AsIecCon.AsIecCon.var"
    Type="File"
    LastWriteTime="133312015583181076"
    Private="false" />
  <Object
    Path="C:\projects\Agroittica\Logical\Libraries\McBase\binary.lby"
    LogicalPath="Libraries.McBase"
    Type="Library"
    LastWriteTime="133312939846764258" />
  <Object
    Path="C:\projects\Agroittica\Logical\Libraries\McBase\McBase.typ"
    LogicalPath="Libraries.McBase.McBase.typ"
    Type="File"
    LastWriteTime="133312939846764258"
    Private="false" />
  <Object
    Path="C:\projects\Agroittica\Logical\Libraries\McBase\McBase.fun"
    LogicalPath="Libraries.McBase.McBase.fun"
    Type="File"
    LastWriteTime="133312939846764258"
    Private="false" />
  <Object
    Path="C:\projects\Agroittica\Logical\Libraries\McBase\McBase.var"
    LogicalPath="Libraries.McBase.McBase.var"
    Type="File"
    LastWriteTime="133312939846764258"
    Private="false" />
  <Object
    Path="C:\projects\Agroittica\Logical\Libraries\McBase\McBaseCfg.typ"
    LogicalPath="Libraries.McBase.McBaseCfg.typ"
    Type="File"
    LastWriteTime="133312939846764258"
    Private="false" />
  <Object
    Path="C:\projects\Agroittica\Logical\Libraries\MpAxis\binary.lby"
    LogicalPath="Libraries.MpAxis"
    Type="Library"
    LastWriteTime="133312944363643142" />
  <Object
    Path="C:\projects\Agroittica\Logical\Libraries\MpAxis\MpAxis.fun"
    LogicalPath="Libraries.MpAxis.MpAxis.fun"
    Type="File"
    LastWriteTime="133312944363643142"
    Private="false" />
  <Object
    Path="C:\projects\Agroittica\Logical\Libraries\MpAxis\MpAxis.typ"
    LogicalPath="Libraries.MpAxis.MpAxis.typ"
    Type="File"
    LastWriteTime="133312944363643142"
    Private="false" />
  <Object
    Path="C:\projects\Agroittica\Logical\Libraries\MpAxis\MpAxisError.typ"
    LogicalPath="Libraries.MpAxis.MpAxisError.typ"
    Type="File"
    LastWriteTime="133312944363643142"
    Private="false" />
  <Object
    Path="C:\projects\Agroittica\Logical\Libraries\McAxis\binary.lby"
    LogicalPath="Libraries.McAxis"
    Type="Library"
    LastWriteTime="133312944363843544" />
  <Object
    Path="C:\projects\Agroittica\Logical\Libraries\McAxis\McAxis.typ"
    LogicalPath="Libraries.McAxis.McAxis.typ"
    Type="File"
    LastWriteTime="133312944363743328"
    Private="false" />
  <Object
    Path="C:\projects\Agroittica\Logical\Libraries\McAxis\McAxis.fun"
    LogicalPath="Libraries.McAxis.McAxis.fun"
    Type="File"
    LastWriteTime="133312944363743328"
    Private="false" />
  <Object
    Path="C:\projects\Agroittica\Logical\Libraries\McAxis\McAxis.var"
    LogicalPath="Libraries.McAxis.McAxis.var"
    Type="File"
    LastWriteTime="133312944363743328"
    Private="false" />
  <Object
    Path="C:\projects\Agroittica\Logical\Libraries\McAxis\McAxisCfg.typ"
    LogicalPath="Libraries.McAxis.McAxisCfg.typ"
    Type="File"
    LastWriteTime="133312944363843544"
    Private="false" />
  <Object
    Path="C:\projects\Agroittica\Logical\Libraries\McAcpAx\binary.lby"
    LogicalPath="Libraries.McAcpAx"
    Type="Library"
    LastWriteTime="133312944375586699" />
  <Object
    Path="C:\projects\Agroittica\Logical\Libraries\McAcpAx\McAcpAx.typ"
    LogicalPath="Libraries.McAcpAx.McAcpAx.typ"
    Type="File"
    LastWriteTime="133312944375486465"
    Private="false" />
  <Object
    Path="C:\projects\Agroittica\Logical\Libraries\McAcpAx\McAcpAx.fun"
    LogicalPath="Libraries.McAcpAx.McAcpAx.fun"
    Type="File"
    LastWriteTime="133312944375486465"
    Private="false" />
  <Object
    Path="C:\projects\Agroittica\Logical\Libraries\McAcpAx\McAcpAx.var"
    LogicalPath="Libraries.McAcpAx.McAcpAx.var"
    Type="File"
    LastWriteTime="133312944375486465"
    Private="false" />
  <Object
    Path="C:\projects\Agroittica\Logical\Libraries\McAcpAx\McAcpAxCfg.typ"
    LogicalPath="Libraries.McAcpAx.McAcpAxCfg.typ"
    Type="File"
    LastWriteTime="133312944375586699"
    Private="false" />
  <Object
    Path="C:\projects\Agroittica\Logical\Libraries\AsTCP\binary.lby"
    LogicalPath="Libraries.AsTCP"
    Type="Library"
    LastWriteTime="133313978049541573" />
  <Object
    Path="C:\projects\Agroittica\Logical\Libraries\AsTCP\AsTCP.fun"
    LogicalPath="Libraries.AsTCP.AsTCP.fun"
    Type="File"
    LastWriteTime="133313978049381492"
    Private="false" />
  <Object
    Path="C:\projects\Agroittica\Logical\Libraries\AsTCP\AsTCP.typ"
    LogicalPath="Libraries.AsTCP.AsTCP.typ"
    Type="File"
    LastWriteTime="133313978049541573"
    Private="false" />
  <Object
    Path="C:\projects\Agroittica\Logical\Libraries\AsTCP\AsTCP.var"
    LogicalPath="Libraries.AsTCP.AsTCP.var"
    Type="File"
    LastWriteTime="133313978049541573"
    Private="false" />
  <Object
    Path="C:\projects\Agroittica\Logical\Libraries\standard\binary.lby"
    LogicalPath="Libraries.standard"
    Type="Library"
    LastWriteTime="133313999154875361" />
  <Object
    Path="C:\projects\Agroittica\Logical\Libraries\standard\standard.fun"
    LogicalPath="Libraries.standard.standard.fun"
    Type="File"
    LastWriteTime="133313999154875361"
    Private="false" />
  <Object
    Path="C:\projects\Agroittica\Logical\Libraries\standard\standard.typ"
    LogicalPath="Libraries.standard.standard.typ"
    Type="File"
    LastWriteTime="133313999154875361"
    Private="false" />
  <Object
    Path="C:\projects\Agroittica\Logical\Libraries\standard\standard.var"
    LogicalPath="Libraries.standard.standard.var"
    Type="File"
    LastWriteTime="133313999154875361"
    Private="false" />
  <Object
    Path="C:\projects\Agroittica\Logical\Libraries\asstring\binary.lby"
    LogicalPath="Libraries.asstring"
    Type="Library"
    LastWriteTime="133316400867438835" />
  <Object
    Path="C:\projects\Agroittica\Logical\Libraries\asstring\asstring.fun"
    LogicalPath="Libraries.asstring.asstring.fun"
    Type="File"
    LastWriteTime="133316400867282662"
    Private="false" />
  <Object
    Path="C:\projects\Agroittica\Logical\Libraries\asstring\asstring.typ"
    LogicalPath="Libraries.asstring.asstring.typ"
    Type="File"
    LastWriteTime="133316400867282662"
    Private="false" />
  <Object
    Path="C:\projects\Agroittica\Logical\Libraries\asstring\asstring.var"
    LogicalPath="Libraries.asstring.asstring.var"
    Type="File"
    LastWriteTime="133316400867438835"
    Private="false" />
  <Object
    Path="C:\projects\Agroittica\Logical\Libraries\sys_lib\binary.lby"
    LogicalPath="Libraries.sys_lib"
    Type="Library"
    LastWriteTime="133316509022445585" />
  <Object
    Path="C:\projects\Agroittica\Logical\Libraries\sys_lib\sys_lib.fun"
    LogicalPath="Libraries.sys_lib.sys_lib.fun"
    Type="File"
    LastWriteTime="133316509022445585"
    Private="false" />
  <Object
    Path="C:\projects\Agroittica\Logical\Libraries\sys_lib\sys_lib.typ"
    LogicalPath="Libraries.sys_lib.sys_lib.typ"
    Type="File"
    LastWriteTime="133316509022445585"
    Private="false" />
  <Object
    Path="C:\projects\Agroittica\Logical\Libraries\sys_lib\sys_lib.var"
    LogicalPath="Libraries.sys_lib.sys_lib.var"
    Type="File"
    LastWriteTime="133316509022445585"
    Private="false" />
  <Object
    Path="C:\projects\Agroittica\Logical\Libraries\MpRecipe\Binary.lby"
    LogicalPath="Libraries.MpRecipe"
    Type="Library"
    LastWriteTime="133316511118417371" />
  <Object
    Path="C:\projects\Agroittica\Logical\Libraries\MpRecipe\MpRecipe.typ"
    LogicalPath="Libraries.MpRecipe.MpRecipe.typ"
    Type="File"
    LastWriteTime="133316511118417371"
    Private="false" />
  <Object
    Path="C:\projects\Agroittica\Logical\Libraries\MpRecipe\MpRecipeAlarm.typ"
    LogicalPath="Libraries.MpRecipe.MpRecipeAlarm.typ"
    Type="File"
    LastWriteTime="133316511118417371"
    Private="false" />
  <Object
    Path="C:\projects\Agroittica\Logical\Libraries\MpRecipe\MpRecipeError.typ"
    LogicalPath="Libraries.MpRecipe.MpRecipeError.typ"
    Type="File"
    LastWriteTime="133316511118417371"
    Private="false" />
  <Object
    Path="C:\projects\Agroittica\Logical\Libraries\MpRecipe\MpRecipe.fun"
    LogicalPath="Libraries.MpRecipe.MpRecipe.fun"
    Type="File"
    LastWriteTime="133316511118417371"
    Private="false" />
  <Object
    Path="C:\projects\Agroittica\Logical\Libraries\MpBase\Binary.lby"
    LogicalPath="Libraries.MpBase"
    Type="Library"
    LastWriteTime="133316511118731264" />
  <Object
    Path="C:\projects\Agroittica\Logical\Libraries\MpBase\MpBase.typ"
    LogicalPath="Libraries.MpBase.MpBase.typ"
    Type="File"
    LastWriteTime="133316511118573537"
    Private="false" />
  <Object
    Path="C:\projects\Agroittica\Logical\Libraries\MpBase\MpBase.var"
    LogicalPath="Libraries.MpBase.MpBase.var"
    Type="File"
    LastWriteTime="133316511118731264"
    Private="false" />
  <Object
    Path="C:\projects\Agroittica\Logical\Libraries\MpBase\MpBase.fun"
    LogicalPath="Libraries.MpBase.MpBase.fun"
    Type="File"
    LastWriteTime="133316511118731264"
    Private="false" />
  <Object
    Path="C:\projects\Agroittica\Logical\Libraries\MpBase\Common_EventLog.tmx"
    LogicalPath="Libraries.MpBase.Common_EventLog.tmx"
    Type="File"
    LastWriteTime="133316511118731264"
    Private="false" />
  <Object
    Path="C:\projects\Agroittica\Logical\Libraries\MpFile\Binary.lby"
    LogicalPath="Libraries.MpFile"
    Type="Library"
    LastWriteTime="133316527647407398" />
  <Object
    Path="C:\projects\Agroittica\Logical\Libraries\MpFile\MpFile.typ"
    LogicalPath="Libraries.MpFile.MpFile.typ"
    Type="File"
    LastWriteTime="133316527647251139"
    Private="false" />
  <Object
    Path="C:\projects\Agroittica\Logical\Libraries\MpFile\MpFileError.typ"
    LogicalPath="Libraries.MpFile.MpFileError.typ"
    Type="File"
    LastWriteTime="133316527647251139"
    Private="false" />
  <Object
    Path="C:\projects\Agroittica\Logical\Libraries\MpFile\MpFileAlarm.typ"
    LogicalPath="Libraries.MpFile.MpFileAlarm.typ"
    Type="File"
    LastWriteTime="133316527647407398"
    Private="false" />
  <Object
    Path="C:\projects\Agroittica\Logical\Libraries\MpFile\MpFile.fun"
    LogicalPath="Libraries.MpFile.MpFile.fun"
    Type="File"
    LastWriteTime="133316527647407398"
    Private="false" />
  <Object
    Path="C:\projects\Agroittica\Logical\Libraries\FileIO\binary.lby"
    LogicalPath="Libraries.FileIO"
    Type="Library"
    LastWriteTime="133316527647564055" />
  <Object
    Path="C:\projects\Agroittica\Logical\Libraries\FileIO\FileIO.fun"
    LogicalPath="Libraries.FileIO.FileIO.fun"
    Type="File"
    LastWriteTime="133316527647564055"
    Private="false" />
  <Object
    Path="C:\projects\Agroittica\Logical\Libraries\FileIO\FileIO.typ"
    LogicalPath="Libraries.FileIO.FileIO.typ"
    Type="File"
    LastWriteTime="133316527647564055"
    Private="false" />
  <Object
    Path="C:\projects\Agroittica\Logical\Libraries\FileIO\FileIO.var"
    LogicalPath="Libraries.FileIO.FileIO.var"
    Type="File"
    LastWriteTime="133316527647564055"
    Private="false" />
  <Object
    Path="C:\projects\Agroittica\Logical\Libraries\MpAlarmX\Binary.lby"
    LogicalPath="Libraries.MpAlarmX"
    Type="Library"
    LastWriteTime="133316527888872239" />
  <Object
    Path="C:\projects\Agroittica\Logical\Libraries\MpAlarmX\MpAlarmX.typ"
    LogicalPath="Libraries.MpAlarmX.MpAlarmX.typ"
    Type="File"
    LastWriteTime="133316527888872239"
    Private="false" />
  <Object
    Path="C:\projects\Agroittica\Logical\Libraries\MpAlarmX\MpAlarmXError.typ"
    LogicalPath="Libraries.MpAlarmX.MpAlarmXError.typ"
    Type="File"
    LastWriteTime="133316527888872239"
    Private="false" />
  <Object
    Path="C:\projects\Agroittica\Logical\Libraries\MpAlarmX\MpAlarmX.fun"
    LogicalPath="Libraries.MpAlarmX.MpAlarmX.fun"
    Type="File"
    LastWriteTime="133316527888872239"
    Private="false" />
  <Object
    Path="C:\projects\Agroittica\Logical\Hmi\Package.pkg"
    LogicalPath="Hmi"
    Type="Package"
    LastWriteTime="133316529894821059" />
  <Object
    Path="C:\projects\Agroittica\Logical\Hmi\Visu\Vc.dob"
    LogicalPath="Hmi.Visu"
    Type="DataObject"
    LastWriteTime="133313973127613381" />
  <Object
    Path="C:\projects\Agroittica\Logical\Hmi\Visu\VCObject.vc"
    LogicalPath="Hmi.Visu.VCObject.vc"
    Type="File"
    LastWriteTime="133313973128713629"
    Private="false" />
  <Object
    Path="C:\projects\Agroittica\Logical\Hmi\Visu_T30\Vc.dob"
    LogicalPath="Hmi.Visu_T30"
    Type="DataObject"
    LastWriteTime="133316502474358159" />
  <Object
    Path="C:\projects\Agroittica\Logical\Hmi\Visu_T30\VCObject.vc"
    LogicalPath="Hmi.Visu_T30.VCObject.vc"
    Type="File"
    LastWriteTime="133316529894821059"
    Private="false" />
  <Object
    Path="C:\projects\Agroittica\Logical\IO\Package.pkg"
    LogicalPath="IO"
    Type="Package"
    LastWriteTime="133313866871028678" />
  <Object
    Path="C:\projects\Agroittica\Logical\IO\io_drive\IEC.prg"
    LogicalPath="IO.io_drive"
    Type="Program"
    LastWriteTime="133313730721733119" />
  <Object
    Path="C:\projects\Agroittica\Logical\IO\io_drive\Cyclic.st"
    LogicalPath="IO.io_drive.Cyclic.st"
    Type="File"
    LastWriteTime="133313747825674024"
    Private="false" />
  <Object
    Path="C:\projects\Agroittica\Logical\IO\io_drive\Init.st"
    LogicalPath="IO.io_drive.Init.st"
    Type="File"
    LastWriteTime="133313730721733119"
    Private="false" />
  <Object
    Path="C:\projects\Agroittica\Logical\IO\io_drive\Exit.st"
    LogicalPath="IO.io_drive.Exit.st"
    Type="File"
    LastWriteTime="133313730721733119"
    Private="false" />
  <Object
    Path="C:\projects\Agroittica\Logical\IO\io_drive\Types.typ"
    LogicalPath="IO.io_drive.Types.typ"
    Type="File"
    LastWriteTime="133313730721733119"
    Private="true" />
  <Object
    Path="C:\projects\Agroittica\Logical\IO\io_drive\Variables.var"
    LogicalPath="IO.io_drive.Variables.var"
    Type="File"
    LastWriteTime="133313730721733119"
    Private="true" />
  <Object
    Path="C:\projects\Agroittica\Logical\Axis\Package.pkg"
    LogicalPath="Axis"
    Type="Package"
    LastWriteTime="133313730509413391" />
  <Object
    Path="C:\projects\Agroittica\Logical\Axis\BnR_drive\IEC.prg"
    LogicalPath="Axis.BnR_drive"
    Type="Program"
    LastWriteTime="133312967090732352" />
  <Object
    Path="C:\projects\Agroittica\Logical\Axis\BnR_drive\Cyclic.st"
    LogicalPath="Axis.BnR_drive.Cyclic.st"
    Type="File"
    LastWriteTime="133312968190136098"
    Private="false" />
  <Object
    Path="C:\projects\Agroittica\Logical\Axis\BnR_drive\Init.st"
    LogicalPath="Axis.BnR_drive.Init.st"
    Type="File"
    LastWriteTime="133312969005311439"
    Private="false" />
  <Object
    Path="C:\projects\Agroittica\Logical\Axis\BnR_drive\Exit.st"
    LogicalPath="Axis.BnR_drive.Exit.st"
    Type="File"
    LastWriteTime="133312967090732352"
    Private="false" />
  <Object
    Path="C:\projects\Agroittica\Logical\Axis\BnR_drive\Types.typ"
    LogicalPath="Axis.BnR_drive.Types.typ"
    Type="File"
    LastWriteTime="133312967090732352"
    Private="true" />
  <Object
    Path="C:\projects\Agroittica\Logical\Axis\BnR_drive\Variables.var"
    LogicalPath="Axis.BnR_drive.Variables.var"
    Type="File"
    LastWriteTime="133312968815463923"
    Private="true" />
  <Object
    Path="C:\projects\Agroittica\Logical\Tcp_ip\Package.pkg"
    LogicalPath="Tcp_ip"
    Type="Package"
    LastWriteTime="133316529556880682" />
  <Object
    Path="C:\projects\Agroittica\Logical\Tcp_ip\TCP_IP\IEC.prg"
    LogicalPath="Tcp_ip.TCP_IP"
    Type="Program"
    LastWriteTime="133313973522093827" />
  <Object
    Path="C:\projects\Agroittica\Logical\Tcp_ip\TCP_IP\Cyclic.st"
    LogicalPath="Tcp_ip.TCP_IP.Cyclic.st"
    Type="File"
    LastWriteTime="133316432605578716"
    Private="false" />
  <Object
    Path="C:\projects\Agroittica\Logical\Tcp_ip\TCP_IP\Init.st"
    LogicalPath="Tcp_ip.TCP_IP.Init.st"
    Type="File"
    LastWriteTime="133313994781042685"
    Private="false" />
  <Object
    Path="C:\projects\Agroittica\Logical\Tcp_ip\TCP_IP\Exit.st"
    LogicalPath="Tcp_ip.TCP_IP.Exit.st"
    Type="File"
    LastWriteTime="133313973522093827"
    Private="false" />
  <Object
    Path="C:\projects\Agroittica\Logical\Tcp_ip\TCP_IP\Types.typ"
    LogicalPath="Tcp_ip.TCP_IP.Types.typ"
    Type="File"
    LastWriteTime="133316413494253945"
    Private="true" />
  <Object
    Path="C:\projects\Agroittica\Logical\Tcp_ip\TCP_IP\Variables.var"
    LogicalPath="Tcp_ip.TCP_IP.Variables.var"
    Type="File"
    LastWriteTime="133316409005584210"
    Private="true" />
  <Object
    Path="C:\projects\Agroittica\Logical\main\Package.pkg"
    LogicalPath="main"
    Type="Package"
    LastWriteTime="133316529671635311" />
  <Object
    Path="C:\projects\Agroittica\Logical\main\Main\IEC.prg"
    LogicalPath="main.Main"
    Type="Program"
    LastWriteTime="133313983480935151" />
  <Object
    Path="C:\projects\Agroittica\Logical\main\Main\Cyclic.st"
    LogicalPath="main.Main.Cyclic.st"
    Type="File"
    LastWriteTime="133314027464049206"
    Private="false" />
  <Object
    Path="C:\projects\Agroittica\Logical\main\Main\Init.st"
    LogicalPath="main.Main.Init.st"
    Type="File"
    LastWriteTime="133313983480935151"
    Private="false" />
  <Object
    Path="C:\projects\Agroittica\Logical\main\Main\Exit.st"
    LogicalPath="main.Main.Exit.st"
    Type="File"
    LastWriteTime="133313983480935151"
    Private="false" />
  <Object
    Path="C:\projects\Agroittica\Logical\main\Main\Types.typ"
    LogicalPath="main.Main.Types.typ"
    Type="File"
    LastWriteTime="133313983480935151"
    Private="true" />
  <Object
    Path="C:\projects\Agroittica\Logical\main\Main\Variables.var"
    LogicalPath="main.Main.Variables.var"
    Type="File"
    LastWriteTime="133314027753609258"
    Private="true" />
  <Object
    Path="C:\projects\Agroittica\Logical\MpPkg\Package.pkg"
    LogicalPath="MpPkg"
    Type="Package"
    LastWriteTime="133316530875179738" />
  <Object
    Path="C:\projects\Agroittica\Logical\MpPkg\Recipe\IEC.prg"
    LogicalPath="MpPkg.Recipe"
    Type="Program"
    LastWriteTime="133316506874201905" />
  <Object
    Path="C:\projects\Agroittica\Logical\MpPkg\Recipe\Cyclic.ld"
    LogicalPath="MpPkg.Recipe.Cyclic.ld"
    Type="File"
    LastWriteTime="133316516021423655"
    Private="false" />
  <Object
    Path="C:\projects\Agroittica\Logical\MpPkg\Recipe\Init.ld"
    LogicalPath="MpPkg.Recipe.Init.ld"
    Type="File"
    LastWriteTime="133316506874045735"
    Private="false" />
  <Object
    Path="C:\projects\Agroittica\Logical\MpPkg\Recipe\Exit.ld"
    LogicalPath="MpPkg.Recipe.Exit.ld"
    Type="File"
    LastWriteTime="133316506874201905"
    Private="false" />
  <Object
    Path="C:\projects\Agroittica\Logical\MpPkg\Recipe\Types.typ"
    LogicalPath="MpPkg.Recipe.Types.typ"
    Type="File"
    LastWriteTime="133316506874201905"
    Private="true" />
  <Object
    Path="C:\projects\Agroittica\Logical\MpPkg\Recipe\Variables.var"
    LogicalPath="MpPkg.Recipe.Variables.var"
    Type="File"
    LastWriteTime="133316514794525235"
    Private="true" />
  <Object
    Path="C:\projects\Agroittica\Logical\MpPkg\Alarm_0\IEC.prg"
    LogicalPath="MpPkg.Alarm_0"
    Type="Program"
    LastWriteTime="133316530875179738" />
  <Object
    Path="C:\projects\Agroittica\Logical\MpPkg\Alarm_0\Cyclic.ld"
    LogicalPath="MpPkg.Alarm_0.Cyclic.ld"
    Type="File"
    LastWriteTime="133316530875179738"
    Private="false" />
  <Object
    Path="C:\projects\Agroittica\Logical\MpPkg\Alarm_0\Init.ld"
    LogicalPath="MpPkg.Alarm_0.Init.ld"
    Type="File"
    LastWriteTime="133316530875179738"
    Private="false" />
  <Object
    Path="C:\projects\Agroittica\Logical\MpPkg\Alarm_0\Exit.ld"
    LogicalPath="MpPkg.Alarm_0.Exit.ld"
    Type="File"
    LastWriteTime="133316530875179738"
    Private="false" />
  <Object
    Path="C:\projects\Agroittica\Logical\MpPkg\Alarm_0\Types.typ"
    LogicalPath="MpPkg.Alarm_0.Types.typ"
    Type="File"
    LastWriteTime="133316530875179738"
    Private="true" />
  <Object
    Path="C:\projects\Agroittica\Logical\MpPkg\Alarm_0\Variables.var"
    LogicalPath="MpPkg.Alarm_0.Variables.var"
    Type="File"
    LastWriteTime="133316530875179738"
    Private="true" />
  <Object
    Path="C:\projects\Agroittica\Physical\ppc2100\Config.pkg"
    LogicalPath="ppc2100"
    Type="Configuration.ParentUnknown"
    LastWriteTime="133313721868779474" />
  <Object
    Path="C:\projects\Agroittica\Physical\ppc2100\Hardware.hw"
    LogicalPath="ppc2100.Hardware.hw"
    Type="File"
    LastWriteTime="133316530343466253"
    Private="false" />
  <Object
    Path="C:\projects\Agroittica\Physical\ppc2100\Hardware.hwl"
    LogicalPath="ppc2100.Hardware.hwl"
    Type="File"
    LastWriteTime="133313805691974428"
    Private="false" />
  <Object
    Path="C:\projects\Agroittica\Physical\ppc2100\5PPC2100_BY34_000\Cpu.pkg"
    LogicalPath="ppc2100.5PPC2100_BY34_000"
    Type="Cpu"
    LastWriteTime="133316527943343739" />
  <Object
    Path="C:\projects\Agroittica\Physical\ppc2100\5PPC2100_BY34_000\Cpu.sw"
    LogicalPath="ppc2100.5PPC2100_BY34_000.Cpu.sw"
    Type="File"
    LastWriteTime="133316530897572917"
    Private="false" />
  <Object
    Path="C:\projects\Agroittica\Physical\ppc2100\5PPC2100_BY34_000\Cpu.per"
    LogicalPath="ppc2100.5PPC2100_BY34_000.Cpu.per"
    Type="File"
    LastWriteTime="133313721836042736"
    Private="false" />
  <Object
    Path="C:\projects\Agroittica\Physical\ppc2100\5PPC2100_BY34_000\IoMap.iom"
    LogicalPath="ppc2100.5PPC2100_BY34_000.IoMap.iom"
    Type="File"
    LastWriteTime="133313907210447814"
    Private="false" />
  <Object
    Path="C:\projects\Agroittica\Physical\ppc2100\5PPC2100_BY34_000\PvMap.vvm"
    LogicalPath="ppc2100.5PPC2100_BY34_000.PvMap.vvm"
    Type="File"
    LastWriteTime="133313721836142833"
    Private="false" />
  <Object
    Path="C:\projects\Agroittica\Physical\ppc2100\5PPC2100_BY34_000\Connectivity\Package.pkg"
    LogicalPath="ppc2100.5PPC2100_BY34_000.Connectivity"
    Type="Package"
    LastWriteTime="133313721836610799" />
  <Object
    Path="C:\projects\Agroittica\Physical\ppc2100\5PPC2100_BY34_000\Connectivity\OpcUA\Package.pkg"
    LogicalPath="ppc2100.5PPC2100_BY34_000.Connectivity.OpcUA"
    Type="Package"
    LastWriteTime="133313721836610799" />
  <Object
    Path="C:\projects\Agroittica\Physical\ppc2100\5PPC2100_BY34_000\TextSystem\Package.pkg"
    LogicalPath="ppc2100.5PPC2100_BY34_000.TextSystem"
    Type="Package"
    LastWriteTime="133313721836655945" />
  <Object
    Path="C:\projects\Agroittica\Physical\ppc2100\5PPC2100_BY34_000\UnitSystem\Package.pkg"
    LogicalPath="ppc2100.5PPC2100_BY34_000.UnitSystem"
    Type="Package"
    LastWriteTime="133313721836771961" />
  <Object
    Path="C:\projects\Agroittica\Physical\ppc2100\5PPC2100_BY34_000\AccessAndSecurity\Package.pkg"
    LogicalPath="ppc2100.5PPC2100_BY34_000.AccessAndSecurity"
    Type="Package"
    LastWriteTime="133313721837158846" />
  <Object
    Path="C:\projects\Agroittica\Physical\ppc2100\5PPC2100_BY34_000\AccessAndSecurity\UserRoleSystem\Package.pkg"
    LogicalPath="ppc2100.5PPC2100_BY34_000.AccessAndSecurity.UserRoleSystem"
    Type="Package"
    LastWriteTime="133313721836857128" />
  <Object
    Path="C:\projects\Agroittica\Physical\ppc2100\5PPC2100_BY34_000\AccessAndSecurity\UserRoleSystem\Role.role"
    LogicalPath="ppc2100.5PPC2100_BY34_000.AccessAndSecurity.UserRoleSystem.Role.role"
    Type="File"
    LastWriteTime="133313721836857128"
    Private="false" />
  <Object
    Path="C:\projects\Agroittica\Physical\ppc2100\5PPC2100_BY34_000\AccessAndSecurity\UserRoleSystem\User.user"
    LogicalPath="ppc2100.5PPC2100_BY34_000.AccessAndSecurity.UserRoleSystem.User.user"
    Type="File"
    LastWriteTime="133313721836857128"
    Private="false" />
  <Object
    Path="C:\projects\Agroittica\Physical\ppc2100\5PPC2100_BY34_000\AccessAndSecurity\CertificateStore\Package.pkg"
    LogicalPath="ppc2100.5PPC2100_BY34_000.AccessAndSecurity.CertificateStore"
    Type="Package"
    LastWriteTime="133313721837093700" />
  <Object
    Path="C:\projects\Agroittica\Physical\ppc2100\5PPC2100_BY34_000\AccessAndSecurity\CertificateStore\OwnCertificates\Package.pkg"
    LogicalPath="ppc2100.5PPC2100_BY34_000.AccessAndSecurity.CertificateStore.OwnCertificates"
    Type="Package"
    LastWriteTime="133313721836957817" />
  <Object
    Path="C:\projects\Agroittica\Physical\ppc2100\5PPC2100_BY34_000\AccessAndSecurity\CertificateStore\OwnCertificates\Certificates\Package.pkg"
    LogicalPath="ppc2100.5PPC2100_BY34_000.AccessAndSecurity.CertificateStore.OwnCertificates.Certificates"
    Type="Package"
    LastWriteTime="133313721836957817" />
  <Object
    Path="C:\projects\Agroittica\Physical\ppc2100\5PPC2100_BY34_000\AccessAndSecurity\CertificateStore\OwnCertificates\PrivateKeys\Package.pkg"
    LogicalPath="ppc2100.5PPC2100_BY34_000.AccessAndSecurity.CertificateStore.OwnCertificates.PrivateKeys"
    Type="Package"
    LastWriteTime="133313721836957817" />
  <Object
    Path="C:\projects\Agroittica\Physical\ppc2100\5PPC2100_BY34_000\AccessAndSecurity\CertificateStore\ThirdPartyCertificates\Package.pkg"
    LogicalPath="ppc2100.5PPC2100_BY34_000.AccessAndSecurity.CertificateStore.ThirdPartyCertificates"
    Type="Package"
    LastWriteTime="133313721837093700" />
  <Object
    Path="C:\projects\Agroittica\Physical\ppc2100\5PPC2100_BY34_000\AccessAndSecurity\CertificateStore\ThirdPartyCertificates\SoftwareCertificates\Package.pkg"
    LogicalPath="ppc2100.5PPC2100_BY34_000.AccessAndSecurity.CertificateStore.ThirdPartyCertificates.SoftwareCertificates"
    Type="Package"
    LastWriteTime="133313721837058213" />
  <Object
    Path="C:\projects\Agroittica\Physical\ppc2100\5PPC2100_BY34_000\AccessAndSecurity\CertificateStore\CertificateRevocationLists\Package.pkg"
    LogicalPath="ppc2100.5PPC2100_BY34_000.AccessAndSecurity.CertificateStore.CertificateRevocationLists"
    Type="Package"
    LastWriteTime="133313721837093700" />
  <Object
    Path="C:\projects\Agroittica\Physical\ppc2100\5PPC2100_BY34_000\AccessAndSecurity\CertificateStore\CertificateSigningRequests\Package.pkg"
    LogicalPath="ppc2100.5PPC2100_BY34_000.AccessAndSecurity.CertificateStore.CertificateSigningRequests"
    Type="Package"
    LastWriteTime="133313721837093700" />
  <Object
    Path="C:\projects\Agroittica\Physical\ppc2100\5PPC2100_BY34_000\AccessAndSecurity\TransportLayerSecurity\Package.pkg"
    LogicalPath="ppc2100.5PPC2100_BY34_000.AccessAndSecurity.TransportLayerSecurity"
    Type="Package"
    LastWriteTime="133313721837158846" />
  <Object
    Path="C:\projects\Agroittica\Physical\ppc2100\5PPC2100_BY34_000\AccessAndSecurity\Firewall\Package.pkg"
    LogicalPath="ppc2100.5PPC2100_BY34_000.AccessAndSecurity.Firewall"
    Type="Package"
    LastWriteTime="133313721837158846" />
  <Object
    Path="C:\projects\Agroittica\Physical\ppc2100\5PPC2100_BY34_000\AccessAndSecurity\Firewall\Rules.firewallRules"
    LogicalPath="ppc2100.5PPC2100_BY34_000.AccessAndSecurity.Firewall.Rules.firewallRules"
    Type="File"
    LastWriteTime="133313721837158846"
    Private="false" />
  <Object
    Path="C:\projects\Agroittica\Physical\ppc2100\5PPC2100_BY34_000\mappControl\Package.pkg"
    LogicalPath="ppc2100.5PPC2100_BY34_000.mappControl"
    Type="Package"
    LastWriteTime="133313721837259325" />
  <Object
    Path="C:\projects\Agroittica\Physical\ppc2100\5PPC2100_BY34_000\mappMotion\Package.pkg"
    LogicalPath="ppc2100.5PPC2100_BY34_000.mappMotion"
    Type="Package"
    LastWriteTime="133313721837259325" />
  <Object
    Path="C:\projects\Agroittica\Physical\ppc2100\5PPC2100_BY34_000\mappServices\Package.pkg"
    LogicalPath="ppc2100.5PPC2100_BY34_000.mappServices"
    Type="Package"
    LastWriteTime="133316509465832917" />
  <Object
    Path="C:\projects\Agroittica\Physical\ppc2100\5PPC2100_BY34_000\mappServices\Config.mprecipexml"
    LogicalPath="ppc2100.5PPC2100_BY34_000.mappServices.Config.mprecipexml"
    Type="File"
    LastWriteTime="133316509465832917"
    Private="false" />
  <Object
    Path="C:\projects\Agroittica\Physical\ppc2100\5PPC2100_BY34_000\mappSafety\Package.pkg"
    LogicalPath="ppc2100.5PPC2100_BY34_000.mappSafety"
    Type="Package"
    LastWriteTime="133313721837563811" />
  <Object
    Path="C:\projects\Agroittica\Physical\ppc2100\5PPC2100_BY34_000\mappSafety\SafeApplication\Package.pkg"
    LogicalPath="ppc2100.5PPC2100_BY34_000.mappSafety.SafeApplication"
    Type="Package"
    LastWriteTime="133313721837460159" />
  <Object
    Path="C:\projects\Agroittica\Physical\ppc2100\5PPC2100_BY34_000\mappSafety\SafeCommissioning\Package.pkg"
    LogicalPath="ppc2100.5PPC2100_BY34_000.mappSafety.SafeCommissioning"
    Type="Package"
    LastWriteTime="133313721837460159" />
  <Object
    Path="C:\projects\Agroittica\Physical\ppc2100\5PPC2100_BY34_000\mappView\Package.pkg"
    LogicalPath="ppc2100.5PPC2100_BY34_000.mappView"
    Type="Package"
    LastWriteTime="133313721837574144" />
  <Object
    Path="C:\projects\Agroittica\Physical\ppc2100\5PPC2100_BY34_000\mappVision\Package.pkg"
    LogicalPath="ppc2100.5PPC2100_BY34_000.mappVision"
    Type="Package"
    LastWriteTime="133313721837664309" />
  <Object
    Path="C:\projects\Agroittica\Physical\ppc2100\5PPC2100_BY34_000\mappCockpit\Package.pkg"
    LogicalPath="ppc2100.5PPC2100_BY34_000.mappCockpit"
    Type="Package"
    LastWriteTime="133313721837764952" />
  <Object
    Path="C:\projects\Agroittica\Physical\ppc2100\5PPC2100_BY34_000\ExternalHardware\Package.pkg"
    LogicalPath="ppc2100.5PPC2100_BY34_000.ExternalHardware"
    Type="Package"
    LastWriteTime="133313807227356722" />
  <Object
    Path="C:\projects\Agroittica\Physical\ppc2100\5PPC2100_BY34_000\ExternalHardware\ERWY72KJ.ext"
    LogicalPath="ppc2100.5PPC2100_BY34_000.ExternalHardware.ERWY72KJ.ext"
    Type="File"
    LastWriteTime="133313728108469762"
    Private="false" />
  <Object
    Path="C:\projects\Agroittica\Physical\ppc2100\5PPC2100_BY34_000\ExternalHardware\ExternalHardwareDevices.xml"
    LogicalPath="ppc2100.5PPC2100_BY34_000.ExternalHardware.ExternalHardwareDevices.xml"
    Type="File"
    LastWriteTime="133313807227356722"
    Private="false" />
  <Object
    Path="C:\projects\Agroittica\Physical\ppc2100\5PPC2100_BY34_000\VC\Package.pkg"
    LogicalPath="ppc2100.5PPC2100_BY34_000.VC"
    Type="Package"
    LastWriteTime="133316507462215595" />
  <Object
    Path="C:\projects\Agroittica\Physical\ppc2100\5PPC2100_BY34_000\VC\PS2-Keyboard.dis"
    LogicalPath="ppc2100.5PPC2100_BY34_000.VC.PS2-Keyboard.dis"
    Type="File"
    LastWriteTime="133313870984723546"
    Private="false" />
  <Object
    Path="C:\projects\Agroittica\Physical\ppc2100\5PPC2100_BY34_000\VC\PS2-Keyboard1.dis"
    LogicalPath="ppc2100.5PPC2100_BY34_000.VC.PS2-Keyboard1.dis"
    Type="File"
    LastWriteTime="133316498717603316"
    Private="false" />
  <Object
    Path="C:\projects\Agroittica\Physical\ppc2100\5PPC2100_BY34_000\VC\PS2-Keyboard2.dis"
    LogicalPath="ppc2100.5PPC2100_BY34_000.VC.PS2-Keyboard2.dis"
    Type="File"
    LastWriteTime="133316507462371756"
    Private="false" />
  <Object
    Path="C:\projects\Agroittica\Physical\ppc2100\Hardware.jpg"
    LogicalPath="ppc2100.Hardware.jpg"
    Type="File"
    LastWriteTime="133313805692282055"
    Private="false" />
</Objects>