<?xml version="1.0" encoding="utf-8"?>
<?AutomationStudio Version="4.9.3.144 SP"?>
<Objects>
  <Object
    Path="C:\projects\GitH\Various\CAN_TEST\AVENTICS_TEST\Logical\Package.pkg"
    LogicalPath=""
    Type="Package.ParentUnknown"
    LastWriteTime="132890454053661592" />
  <Object
    Path="C:\projects\GitH\Various\CAN_TEST\AVENTICS_TEST\Logical\Global.typ"
    LogicalPath="Global.typ"
    Type="File"
    LastWriteTime="132890454053551937"
    Private="false" />
  <Object
    Path="C:\projects\GitH\Various\CAN_TEST\AVENTICS_TEST\Logical\Global.var"
    LogicalPath="Global.var"
    Type="File"
    LastWriteTime="132890454053641652"
    Private="false" />
  <Object
    Path="C:\projects\GitH\Various\CAN_TEST\AVENTICS_TEST\Logical\Libraries\Package.pkg"
    LogicalPath="Libraries"
    Type="Package"
    LastWriteTime="132890454077638398" />
  <Object
    Path="C:\projects\GitH\Various\CAN_TEST\AVENTICS_TEST\Logical\Libraries\operator\binary.lby"
    LogicalPath="Libraries.operator"
    Type="Library"
    LastWriteTime="132890454070002623" />
  <Object
    Path="C:\projects\GitH\Various\CAN_TEST\AVENTICS_TEST\Logical\Libraries\operator\operator.fun"
    LogicalPath="Libraries.operator.operator.fun"
    Type="File"
    LastWriteTime="132890454069972726"
    Private="false" />
  <Object
    Path="C:\projects\GitH\Various\CAN_TEST\AVENTICS_TEST\Logical\Libraries\operator\operator.typ"
    LogicalPath="Libraries.operator.operator.typ"
    Type="File"
    LastWriteTime="132890454069992657"
    Private="false" />
  <Object
    Path="C:\projects\GitH\Various\CAN_TEST\AVENTICS_TEST\Logical\Libraries\operator\operator.var"
    LogicalPath="Libraries.operator.operator.var"
    Type="File"
    LastWriteTime="132890454070002623"
    Private="false" />
  <Object
    Path="C:\projects\GitH\Various\CAN_TEST\AVENTICS_TEST\Logical\Libraries\runtime\binary.lby"
    LogicalPath="Libraries.runtime"
    Type="Library"
    LastWriteTime="132890454072574018" />
  <Object
    Path="C:\projects\GitH\Various\CAN_TEST\AVENTICS_TEST\Logical\Libraries\runtime\runtime.fun"
    LogicalPath="Libraries.runtime.runtime.fun"
    Type="File"
    LastWriteTime="132890454072524184"
    Private="false" />
  <Object
    Path="C:\projects\GitH\Various\CAN_TEST\AVENTICS_TEST\Logical\Libraries\runtime\runtime.typ"
    LogicalPath="Libraries.runtime.runtime.typ"
    Type="File"
    LastWriteTime="132890454072554124"
    Private="false" />
  <Object
    Path="C:\projects\GitH\Various\CAN_TEST\AVENTICS_TEST\Logical\Libraries\runtime\runtime.var"
    LogicalPath="Libraries.runtime.runtime.var"
    Type="File"
    LastWriteTime="132890454072574018"
    Private="false" />
  <Object
    Path="C:\projects\GitH\Various\CAN_TEST\AVENTICS_TEST\Logical\Libraries\astime\binary.lby"
    LogicalPath="Libraries.astime"
    Type="Library"
    LastWriteTime="132890454075076963" />
  <Object
    Path="C:\projects\GitH\Various\CAN_TEST\AVENTICS_TEST\Logical\Libraries\astime\astime.fun"
    LogicalPath="Libraries.astime.astime.fun"
    Type="File"
    LastWriteTime="132890454075057029"
    Private="false" />
  <Object
    Path="C:\projects\GitH\Various\CAN_TEST\AVENTICS_TEST\Logical\Libraries\astime\astime.typ"
    LogicalPath="Libraries.astime.astime.typ"
    Type="File"
    LastWriteTime="132890454075066992"
    Private="false" />
  <Object
    Path="C:\projects\GitH\Various\CAN_TEST\AVENTICS_TEST\Logical\Libraries\astime\astime.var"
    LogicalPath="Libraries.astime.astime.var"
    Type="File"
    LastWriteTime="132890454075076963"
    Private="false" />
  <Object
    Path="C:\projects\GitH\Various\CAN_TEST\AVENTICS_TEST\Logical\Libraries\AsIecCon\binary.lby"
    LogicalPath="Libraries.AsIecCon"
    Type="Library"
    LastWriteTime="132890454077588563" />
  <Object
    Path="C:\projects\GitH\Various\CAN_TEST\AVENTICS_TEST\Logical\Libraries\AsIecCon\AsIecCon.fun"
    LogicalPath="Libraries.AsIecCon.AsIecCon.fun"
    Type="File"
    LastWriteTime="132890454077568628"
    Private="false" />
  <Object
    Path="C:\projects\GitH\Various\CAN_TEST\AVENTICS_TEST\Logical\Libraries\AsIecCon\AsIecCon.typ"
    LogicalPath="Libraries.AsIecCon.AsIecCon.typ"
    Type="File"
    LastWriteTime="132890454077578594"
    Private="false" />
  <Object
    Path="C:\projects\GitH\Various\CAN_TEST\AVENTICS_TEST\Logical\Libraries\AsIecCon\AsIecCon.var"
    LogicalPath="Libraries.AsIecCon.AsIecCon.var"
    Type="File"
    LastWriteTime="132890454077588563"
    Private="false" />
  <Object
    Path="C:\projects\GitH\Various\CAN_TEST\AVENTICS_TEST\Physical\AVENTICS\Config.pkg"
    LogicalPath="AVENTICS"
    Type="Configuration.ParentUnknown"
    LastWriteTime="132890454106632095" />
  <Object
    Path="C:\projects\GitH\Various\CAN_TEST\AVENTICS_TEST\Physical\AVENTICS\Hardware.hw"
    LogicalPath="AVENTICS.Hardware.hw"
    Type="File"
    LastWriteTime="132895657527397943"
    Private="false" />
  <Object
    Path="C:\projects\GitH\Various\CAN_TEST\AVENTICS_TEST\Physical\AVENTICS\Hardware.hwl"
    LogicalPath="AVENTICS.Hardware.hwl"
    Type="File"
    LastWriteTime="132895657634521070"
    Private="false" />
  <Object
    Path="C:\projects\GitH\Various\CAN_TEST\AVENTICS_TEST\Physical\AVENTICS\X20CP1382\Cpu.pkg"
    LogicalPath="AVENTICS.X20CP1382"
    Type="Cpu"
    LastWriteTime="132890595905004993" />
  <Object
    Path="C:\projects\GitH\Various\CAN_TEST\AVENTICS_TEST\Physical\AVENTICS\X20CP1382\Cpu.sw"
    LogicalPath="AVENTICS.X20CP1382.Cpu.sw"
    Type="File"
    LastWriteTime="132890454082289663"
    Private="false" />
  <Object
    Path="C:\projects\GitH\Various\CAN_TEST\AVENTICS_TEST\Physical\AVENTICS\X20CP1382\Cpu.per"
    LogicalPath="AVENTICS.X20CP1382.Cpu.per"
    Type="File"
    LastWriteTime="132890454082847755"
    Private="false" />
  <Object
    Path="C:\projects\GitH\Various\CAN_TEST\AVENTICS_TEST\Physical\AVENTICS\X20CP1382\IoMap.iom"
    LogicalPath="AVENTICS.X20CP1382.IoMap.iom"
    Type="File"
    LastWriteTime="132890454082857719"
    Private="false" />
  <Object
    Path="C:\projects\GitH\Various\CAN_TEST\AVENTICS_TEST\Physical\AVENTICS\X20CP1382\PvMap.vvm"
    LogicalPath="AVENTICS.X20CP1382.PvMap.vvm"
    Type="File"
    LastWriteTime="132890454082857719"
    Private="false" />
  <Object
    Path="C:\projects\GitH\Various\CAN_TEST\AVENTICS_TEST\Physical\AVENTICS\X20CP1382\Connectivity\Package.pkg"
    LogicalPath="AVENTICS.X20CP1382.Connectivity"
    Type="Package"
    LastWriteTime="132890454083077377" />
  <Object
    Path="C:\projects\GitH\Various\CAN_TEST\AVENTICS_TEST\Physical\AVENTICS\X20CP1382\Connectivity\OpcUA\Package.pkg"
    LogicalPath="AVENTICS.X20CP1382.Connectivity.OpcUA"
    Type="Package"
    LastWriteTime="132890454083077377" />
  <Object
    Path="C:\projects\GitH\Various\CAN_TEST\AVENTICS_TEST\Physical\AVENTICS\X20CP1382\TextSystem\Package.pkg"
    LogicalPath="AVENTICS.X20CP1382.TextSystem"
    Type="Package"
    LastWriteTime="132890454083107281" />
  <Object
    Path="C:\projects\GitH\Various\CAN_TEST\AVENTICS_TEST\Physical\AVENTICS\X20CP1382\UnitSystem\Package.pkg"
    LogicalPath="AVENTICS.X20CP1382.UnitSystem"
    Type="Package"
    LastWriteTime="132890454083127210" />
  <Object
    Path="C:\projects\GitH\Various\CAN_TEST\AVENTICS_TEST\Physical\AVENTICS\X20CP1382\AccessAndSecurity\Package.pkg"
    LogicalPath="AVENTICS.X20CP1382.AccessAndSecurity"
    Type="Package"
    LastWriteTime="132890454083336510" />
  <Object
    Path="C:\projects\GitH\Various\CAN_TEST\AVENTICS_TEST\Physical\AVENTICS\X20CP1382\AccessAndSecurity\UserRoleSystem\Package.pkg"
    LogicalPath="AVENTICS.X20CP1382.AccessAndSecurity.UserRoleSystem"
    Type="Package"
    LastWriteTime="132890454083177043" />
  <Object
    Path="C:\projects\GitH\Various\CAN_TEST\AVENTICS_TEST\Physical\AVENTICS\X20CP1382\AccessAndSecurity\UserRoleSystem\Role.role"
    LogicalPath="AVENTICS.X20CP1382.AccessAndSecurity.UserRoleSystem.Role.role"
    Type="File"
    LastWriteTime="132890454083167079"
    Private="false" />
  <Object
    Path="C:\projects\GitH\Various\CAN_TEST\AVENTICS_TEST\Physical\AVENTICS\X20CP1382\AccessAndSecurity\UserRoleSystem\User.user"
    LogicalPath="AVENTICS.X20CP1382.AccessAndSecurity.UserRoleSystem.User.user"
    Type="File"
    LastWriteTime="132890454083177043"
    Private="false" />
  <Object
    Path="C:\projects\GitH\Various\CAN_TEST\AVENTICS_TEST\Physical\AVENTICS\X20CP1382\AccessAndSecurity\CertificateStore\Package.pkg"
    LogicalPath="AVENTICS.X20CP1382.AccessAndSecurity.CertificateStore"
    Type="Package"
    LastWriteTime="132890454083296642" />
  <Object
    Path="C:\projects\GitH\Various\CAN_TEST\AVENTICS_TEST\Physical\AVENTICS\X20CP1382\AccessAndSecurity\CertificateStore\OwnCertificates\Package.pkg"
    LogicalPath="AVENTICS.X20CP1382.AccessAndSecurity.CertificateStore.OwnCertificates"
    Type="Package"
    LastWriteTime="132890454083236843" />
  <Object
    Path="C:\projects\GitH\Various\CAN_TEST\AVENTICS_TEST\Physical\AVENTICS\X20CP1382\AccessAndSecurity\CertificateStore\OwnCertificates\Certificates\Package.pkg"
    LogicalPath="AVENTICS.X20CP1382.AccessAndSecurity.CertificateStore.OwnCertificates.Certificates"
    Type="Package"
    LastWriteTime="132890454083216910" />
  <Object
    Path="C:\projects\GitH\Various\CAN_TEST\AVENTICS_TEST\Physical\AVENTICS\X20CP1382\AccessAndSecurity\CertificateStore\OwnCertificates\PrivateKeys\Package.pkg"
    LogicalPath="AVENTICS.X20CP1382.AccessAndSecurity.CertificateStore.OwnCertificates.PrivateKeys"
    Type="Package"
    LastWriteTime="132890454083236843" />
  <Object
    Path="C:\projects\GitH\Various\CAN_TEST\AVENTICS_TEST\Physical\AVENTICS\X20CP1382\AccessAndSecurity\CertificateStore\ThirdPartyCertificates\Package.pkg"
    LogicalPath="AVENTICS.X20CP1382.AccessAndSecurity.CertificateStore.ThirdPartyCertificates"
    Type="Package"
    LastWriteTime="132890454083266743" />
  <Object
    Path="C:\projects\GitH\Various\CAN_TEST\AVENTICS_TEST\Physical\AVENTICS\X20CP1382\AccessAndSecurity\CertificateStore\ThirdPartyCertificates\SoftwareCertificates\Package.pkg"
    LogicalPath="AVENTICS.X20CP1382.AccessAndSecurity.CertificateStore.ThirdPartyCertificates.SoftwareCertificates"
    Type="Package"
    LastWriteTime="132890454083266743" />
  <Object
    Path="C:\projects\GitH\Various\CAN_TEST\AVENTICS_TEST\Physical\AVENTICS\X20CP1382\AccessAndSecurity\CertificateStore\CertificateRevocationLists\Package.pkg"
    LogicalPath="AVENTICS.X20CP1382.AccessAndSecurity.CertificateStore.CertificateRevocationLists"
    Type="Package"
    LastWriteTime="132890454083276717" />
  <Object
    Path="C:\projects\GitH\Various\CAN_TEST\AVENTICS_TEST\Physical\AVENTICS\X20CP1382\AccessAndSecurity\CertificateStore\CertificateSigningRequests\Package.pkg"
    LogicalPath="AVENTICS.X20CP1382.AccessAndSecurity.CertificateStore.CertificateSigningRequests"
    Type="Package"
    LastWriteTime="132890454083296642" />
  <Object
    Path="C:\projects\GitH\Various\CAN_TEST\AVENTICS_TEST\Physical\AVENTICS\X20CP1382\AccessAndSecurity\TransportLayerSecurity\Package.pkg"
    LogicalPath="AVENTICS.X20CP1382.AccessAndSecurity.TransportLayerSecurity"
    Type="Package"
    LastWriteTime="132890454083316576" />
  <Object
    Path="C:\projects\GitH\Various\CAN_TEST\AVENTICS_TEST\Physical\AVENTICS\X20CP1382\AccessAndSecurity\Firewall\Package.pkg"
    LogicalPath="AVENTICS.X20CP1382.AccessAndSecurity.Firewall"
    Type="Package"
    LastWriteTime="132890454083336510" />
  <Object
    Path="C:\projects\GitH\Various\CAN_TEST\AVENTICS_TEST\Physical\AVENTICS\X20CP1382\AccessAndSecurity\Firewall\Rules.firewallRules"
    LogicalPath="AVENTICS.X20CP1382.AccessAndSecurity.Firewall.Rules.firewallRules"
    Type="File"
    LastWriteTime="132890454083336510"
    Private="false" />
  <Object
    Path="C:\projects\GitH\Various\CAN_TEST\AVENTICS_TEST\Physical\AVENTICS\X20CP1382\mappControl\Package.pkg"
    LogicalPath="AVENTICS.X20CP1382.mappControl"
    Type="Package"
    LastWriteTime="132890454083356477" />
  <Object
    Path="C:\projects\GitH\Various\CAN_TEST\AVENTICS_TEST\Physical\AVENTICS\X20CP1382\mappMotion\Package.pkg"
    LogicalPath="AVENTICS.X20CP1382.mappMotion"
    Type="Package"
    LastWriteTime="132890454083376410" />
  <Object
    Path="C:\projects\GitH\Various\CAN_TEST\AVENTICS_TEST\Physical\AVENTICS\X20CP1382\mappServices\Package.pkg"
    LogicalPath="AVENTICS.X20CP1382.mappServices"
    Type="Package"
    LastWriteTime="132890454083396309" />
  <Object
    Path="C:\projects\GitH\Various\CAN_TEST\AVENTICS_TEST\Physical\AVENTICS\X20CP1382\mappSafety\Package.pkg"
    LogicalPath="AVENTICS.X20CP1382.mappSafety"
    Type="Package"
    LastWriteTime="132890454083446142" />
  <Object
    Path="C:\projects\GitH\Various\CAN_TEST\AVENTICS_TEST\Physical\AVENTICS\X20CP1382\mappSafety\SafeApplication\Package.pkg"
    LogicalPath="AVENTICS.X20CP1382.mappSafety.SafeApplication"
    Type="Package"
    LastWriteTime="132890454083426209" />
  <Object
    Path="C:\projects\GitH\Various\CAN_TEST\AVENTICS_TEST\Physical\AVENTICS\X20CP1382\mappSafety\SafeCommissioning\Package.pkg"
    LogicalPath="AVENTICS.X20CP1382.mappSafety.SafeCommissioning"
    Type="Package"
    LastWriteTime="132890454083436176" />
  <Object
    Path="C:\projects\GitH\Various\CAN_TEST\AVENTICS_TEST\Physical\AVENTICS\X20CP1382\mappView\Package.pkg"
    LogicalPath="AVENTICS.X20CP1382.mappView"
    Type="Package"
    LastWriteTime="132890454083466076" />
  <Object
    Path="C:\projects\GitH\Various\CAN_TEST\AVENTICS_TEST\Physical\AVENTICS\X20CP1382\mappVision\Package.pkg"
    LogicalPath="AVENTICS.X20CP1382.mappVision"
    Type="Package"
    LastWriteTime="132890454083486016" />
  <Object
    Path="C:\projects\GitH\Various\CAN_TEST\AVENTICS_TEST\Physical\AVENTICS\X20CP1382\mappCockpit\Package.pkg"
    LogicalPath="AVENTICS.X20CP1382.mappCockpit"
    Type="Package"
    LastWriteTime="132890454083495976" />
  <Object
    Path="C:\projects\GitH\Various\CAN_TEST\AVENTICS_TEST\Physical\AVENTICS\X20CP1382\ExternalHardware\Package.pkg"
    LogicalPath="AVENTICS.X20CP1382.ExternalHardware"
    Type="Package"
    LastWriteTime="132895657528045780" />
  <Object
    Path="C:\projects\GitH\Various\CAN_TEST\AVENTICS_TEST\Physical\AVENTICS\X20CP1382\ExternalHardware\ExternalHardwareDevices.xml"
    LogicalPath="AVENTICS.X20CP1382.ExternalHardware.ExternalHardwareDevices.xml"
    Type="File"
    LastWriteTime="132895657528045780"
    Private="false" />
  <Object
    Path="C:\projects\GitH\Various\CAN_TEST\AVENTICS_TEST\Physical\AVENTICS\X20CP1382\ExternalHardware\DPZ9F3KC.ext"
    LogicalPath="AVENTICS.X20CP1382.ExternalHardware.DPZ9F3KC.ext"
    Type="File"
    LastWriteTime="132895657358926897"
    Private="false" />
  <Object
    Path="C:\projects\GitH\Various\CAN_TEST\AVENTICS_TEST\Physical\AVENTICS\Hardware.jpg"
    LogicalPath="AVENTICS.Hardware.jpg"
    Type="File"
    LastWriteTime="132895657636008723"
    Private="false" />
</Objects>