C:\project\GITH_HUB\Various\DosatorePdS\Logical\Global.typ
C:\project\GITH_HUB\Various\DosatorePdS\Logical\Global.var
C:\project\GITH_HUB\Various\DosatorePdS\Logical\Libraries\operator\operator.fun
C:\project\GITH_HUB\Various\DosatorePdS\Logical\Libraries\operator\operator.typ
C:\project\GITH_HUB\Various\DosatorePdS\Logical\Libraries\operator\operator.var
C:\project\GITH_HUB\Various\DosatorePdS\Logical\Libraries\runtime\runtime.fun
C:\project\GITH_HUB\Various\DosatorePdS\Logical\Libraries\runtime\runtime.typ
C:\project\GITH_HUB\Various\DosatorePdS\Logical\Libraries\runtime\runtime.var
C:\project\GITH_HUB\Various\DosatorePdS\Logical\Libraries\astime\astime.fun
C:\project\GITH_HUB\Various\DosatorePdS\Logical\Libraries\astime\astime.typ
C:\project\GITH_HUB\Various\DosatorePdS\Logical\Libraries\astime\astime.var
C:\project\GITH_HUB\Various\DosatorePdS\Logical\Libraries\AsIecCon\AsIecCon.fun
C:\project\GITH_HUB\Various\DosatorePdS\Logical\Libraries\AsIecCon\AsIecCon.typ
C:\project\GITH_HUB\Various\DosatorePdS\Logical\Libraries\AsIecCon\AsIecCon.var
C:\project\GITH_HUB\Various\DosatorePdS\Logical\Libraries\standard\standard.fun
C:\project\GITH_HUB\Various\DosatorePdS\Logical\Libraries\standard\standard.typ
C:\project\GITH_HUB\Various\DosatorePdS\Logical\Libraries\standard\standard.var
