C:\Users\Uff-Soft\Documents\GitHub\Various\DosatorePdS\Temp\Includes\AS_TempDecl\Config1\GlobalComponents\MpComponents.var
C:\Users\Uff-Soft\Documents\GitHub\Various\DosatorePdS\Logical\Global.typ
C:\Users\Uff-Soft\Documents\GitHub\Various\DosatorePdS\Logical\Global.var
C:\Users\Uff-Soft\Documents\GitHub\Various\DosatorePdS\Logical\Libraries\operator\operator.fun
C:\Users\Uff-Soft\Documents\GitHub\Various\DosatorePdS\Logical\Libraries\operator\operator.typ
C:\Users\Uff-Soft\Documents\GitHub\Various\DosatorePdS\Logical\Libraries\operator\operator.var
C:\Users\Uff-Soft\Documents\GitHub\Various\DosatorePdS\Logical\Libraries\runtime\runtime.fun
C:\Users\Uff-Soft\Documents\GitHub\Various\DosatorePdS\Logical\Libraries\runtime\runtime.typ
C:\Users\Uff-Soft\Documents\GitHub\Various\DosatorePdS\Logical\Libraries\runtime\runtime.var
C:\Users\Uff-Soft\Documents\GitHub\Various\DosatorePdS\Logical\Libraries\astime\astime.fun
C:\Users\Uff-Soft\Documents\GitHub\Various\DosatorePdS\Logical\Libraries\astime\astime.typ
C:\Users\Uff-Soft\Documents\GitHub\Various\DosatorePdS\Logical\Libraries\astime\astime.var
C:\Users\Uff-Soft\Documents\GitHub\Various\DosatorePdS\Logical\Libraries\AsIecCon\AsIecCon.fun
C:\Users\Uff-Soft\Documents\GitHub\Various\DosatorePdS\Logical\Libraries\AsIecCon\AsIecCon.typ
C:\Users\Uff-Soft\Documents\GitHub\Various\DosatorePdS\Logical\Libraries\AsIecCon\AsIecCon.var
C:\Users\Uff-Soft\Documents\GitHub\Various\DosatorePdS\Logical\Libraries\standard\standard.fun
C:\Users\Uff-Soft\Documents\GitHub\Various\DosatorePdS\Logical\Libraries\standard\standard.typ
C:\Users\Uff-Soft\Documents\GitHub\Various\DosatorePdS\Logical\Libraries\standard\standard.var
C:\Users\Uff-Soft\Documents\GitHub\Various\DosatorePdS\Logical\Libraries\MpRecipe\MpRecipe.typ
C:\Users\Uff-Soft\Documents\GitHub\Various\DosatorePdS\Logical\Libraries\MpRecipe\MpRecipeAlarm.typ
C:\Users\Uff-Soft\Documents\GitHub\Various\DosatorePdS\Logical\Libraries\MpRecipe\MpRecipeError.typ
C:\Users\Uff-Soft\Documents\GitHub\Various\DosatorePdS\Logical\Libraries\MpRecipe\MpRecipe.fun
C:\Users\Uff-Soft\Documents\GitHub\Various\DosatorePdS\Logical\Libraries\MpBase\MpBase.var
C:\Users\Uff-Soft\Documents\GitHub\Various\DosatorePdS\Logical\Libraries\MpBase\MpBase.typ
C:\Users\Uff-Soft\Documents\GitHub\Various\DosatorePdS\Logical\Libraries\MpBase\MpBase.fun
C:\Users\Uff-Soft\Documents\GitHub\Various\DosatorePdS\Logical\Libraries\sys_lib\sys_lib.fun
C:\Users\Uff-Soft\Documents\GitHub\Various\DosatorePdS\Logical\Libraries\sys_lib\sys_lib.typ
C:\Users\Uff-Soft\Documents\GitHub\Various\DosatorePdS\Logical\Libraries\sys_lib\sys_lib.var
C:\Users\Uff-Soft\Documents\GitHub\Various\DosatorePdS\Logical\Libraries\MpFile\MpFile.typ
C:\Users\Uff-Soft\Documents\GitHub\Various\DosatorePdS\Logical\Libraries\MpFile\MpFileError.typ
C:\Users\Uff-Soft\Documents\GitHub\Various\DosatorePdS\Logical\Libraries\MpFile\MpFileAlarm.typ
C:\Users\Uff-Soft\Documents\GitHub\Various\DosatorePdS\Logical\Libraries\MpFile\MpFile.fun
C:\Users\Uff-Soft\Documents\GitHub\Various\DosatorePdS\Logical\Libraries\FileIO\FileIO.fun
C:\Users\Uff-Soft\Documents\GitHub\Various\DosatorePdS\Logical\Libraries\FileIO\FileIO.typ
C:\Users\Uff-Soft\Documents\GitHub\Various\DosatorePdS\Logical\Libraries\FileIO\FileIO.var
