<?xml version="1.0" encoding="utf-8"?>
<?AutomationStudio Version="4.9.6.42 SP"?>
<Objects>
  <Object
    Path="C:\PROJECTS\ModbusSLV\Logical\Package.pkg"
    LogicalPath=""
    Type="Package.ParentUnknown"
    LastWriteTime="133598230500000000" />
  <Object
    Path="C:\PROJECTS\ModbusSLV\Logical\Global.typ"
    LogicalPath="Global.typ"
    Type="File"
    LastWriteTime="133598228390000000"
    Private="false" />
  <Object
    Path="C:\PROJECTS\ModbusSLV\Logical\Global.var"
    LogicalPath="Global.var"
    Type="File"
    LastWriteTime="133598228390000000"
    Private="false" />
  <Object
    Path="C:\PROJECTS\ModbusSLV\Logical\Libraries\Package.pkg"
    LogicalPath="Libraries"
    Type="Package"
    LastWriteTime="133598228420000000" />
  <Object
    Path="C:\PROJECTS\ModbusSLV\Logical\Libraries\operator\binary.lby"
    LogicalPath="Libraries.operator"
    Type="Library"
    LastWriteTime="133598228410000000" />
  <Object
    Path="C:\PROJECTS\ModbusSLV\Logical\Libraries\operator\operator.fun"
    LogicalPath="Libraries.operator.operator.fun"
    Type="File"
    LastWriteTime="133598228410000000"
    Private="false" />
  <Object
    Path="C:\PROJECTS\ModbusSLV\Logical\Libraries\operator\operator.typ"
    LogicalPath="Libraries.operator.operator.typ"
    Type="File"
    LastWriteTime="133598228410000000"
    Private="false" />
  <Object
    Path="C:\PROJECTS\ModbusSLV\Logical\Libraries\operator\operator.var"
    LogicalPath="Libraries.operator.operator.var"
    Type="File"
    LastWriteTime="133598228410000000"
    Private="false" />
  <Object
    Path="C:\PROJECTS\ModbusSLV\Logical\Libraries\runtime\binary.lby"
    LogicalPath="Libraries.runtime"
    Type="Library"
    LastWriteTime="133598228410000000" />
  <Object
    Path="C:\PROJECTS\ModbusSLV\Logical\Libraries\runtime\runtime.fun"
    LogicalPath="Libraries.runtime.runtime.fun"
    Type="File"
    LastWriteTime="133598228410000000"
    Private="false" />
  <Object
    Path="C:\PROJECTS\ModbusSLV\Logical\Libraries\runtime\runtime.typ"
    LogicalPath="Libraries.runtime.runtime.typ"
    Type="File"
    LastWriteTime="133598228410000000"
    Private="false" />
  <Object
    Path="C:\PROJECTS\ModbusSLV\Logical\Libraries\runtime\runtime.var"
    LogicalPath="Libraries.runtime.runtime.var"
    Type="File"
    LastWriteTime="133598228410000000"
    Private="false" />
  <Object
    Path="C:\PROJECTS\ModbusSLV\Logical\Libraries\astime\binary.lby"
    LogicalPath="Libraries.astime"
    Type="Library"
    LastWriteTime="133598228420000000" />
  <Object
    Path="C:\PROJECTS\ModbusSLV\Logical\Libraries\astime\astime.fun"
    LogicalPath="Libraries.astime.astime.fun"
    Type="File"
    LastWriteTime="133598228420000000"
    Private="false" />
  <Object
    Path="C:\PROJECTS\ModbusSLV\Logical\Libraries\astime\astime.typ"
    LogicalPath="Libraries.astime.astime.typ"
    Type="File"
    LastWriteTime="133598228420000000"
    Private="false" />
  <Object
    Path="C:\PROJECTS\ModbusSLV\Logical\Libraries\astime\astime.var"
    LogicalPath="Libraries.astime.astime.var"
    Type="File"
    LastWriteTime="133598228420000000"
    Private="false" />
  <Object
    Path="C:\PROJECTS\ModbusSLV\Logical\Libraries\AsIecCon\binary.lby"
    LogicalPath="Libraries.AsIecCon"
    Type="Library"
    LastWriteTime="133598228420000000" />
  <Object
    Path="C:\PROJECTS\ModbusSLV\Logical\Libraries\AsIecCon\AsIecCon.fun"
    LogicalPath="Libraries.AsIecCon.AsIecCon.fun"
    Type="File"
    LastWriteTime="133598228420000000"
    Private="false" />
  <Object
    Path="C:\PROJECTS\ModbusSLV\Logical\Libraries\AsIecCon\AsIecCon.typ"
    LogicalPath="Libraries.AsIecCon.AsIecCon.typ"
    Type="File"
    LastWriteTime="133598228420000000"
    Private="false" />
  <Object
    Path="C:\PROJECTS\ModbusSLV\Logical\Libraries\AsIecCon\AsIecCon.var"
    LogicalPath="Libraries.AsIecCon.AsIecCon.var"
    Type="File"
    LastWriteTime="133598228420000000"
    Private="false" />
  <Object
    Path="C:\PROJECTS\ModbusSLV\Logical\main\Package.pkg"
    LogicalPath="main"
    Type="Package"
    LastWriteTime="133598230760000000" />
  <Object
    Path="C:\PROJECTS\ModbusSLV\Logical\main\main\IEC.prg"
    LogicalPath="main.main"
    Type="Program"
    LastWriteTime="133598230590000000" />
  <Object
    Path="C:\PROJECTS\ModbusSLV\Logical\main\main\Main.st"
    LogicalPath="main.main.Main.st"
    Type="File"
    LastWriteTime="133598534067847910"
    Private="false" />
  <Object
    Path="C:\PROJECTS\ModbusSLV\Logical\main\main\Types.typ"
    LogicalPath="main.main.Types.typ"
    Type="File"
    LastWriteTime="133598230590000000"
    Private="true" />
  <Object
    Path="C:\PROJECTS\ModbusSLV\Logical\main\main\Variables.var"
    LogicalPath="main.main.Variables.var"
    Type="File"
    LastWriteTime="133598533855451585"
    Private="true" />
  <Object
    Path="C:\PROJECTS\ModbusSLV\Physical\1301\Config.pkg"
    LogicalPath="1301"
    Type="Configuration.ParentUnknown"
    LastWriteTime="133598228460000000" />
  <Object
    Path="C:\PROJECTS\ModbusSLV\Physical\1301\Hardware.hw"
    LogicalPath="1301.Hardware.hw"
    Type="File"
    LastWriteTime="133598533246885469"
    Private="false" />
  <Object
    Path="C:\PROJECTS\ModbusSLV\Physical\1301\Hardware.hwl"
    LogicalPath="1301.Hardware.hwl"
    Type="File"
    LastWriteTime="133598230310000000"
    Private="false" />
  <Object
    Path="C:\PROJECTS\ModbusSLV\Physical\1301\X20CP1301\Cpu.pkg"
    LogicalPath="1301.X20CP1301"
    Type="Cpu"
    LastWriteTime="133598536878498080" />
  <Object
    Path="C:\PROJECTS\ModbusSLV\Physical\1301\X20CP1301\Cpu.sw"
    LogicalPath="1301.X20CP1301.Cpu.sw"
    Type="File"
    LastWriteTime="133598540151867255"
    Private="false" />
  <Object
    Path="C:\PROJECTS\ModbusSLV\Physical\1301\X20CP1301\Cpu.per"
    LogicalPath="1301.X20CP1301.Cpu.per"
    Type="File"
    LastWriteTime="133598228430000000"
    Private="false" />
  <Object
    Path="C:\PROJECTS\ModbusSLV\Physical\1301\X20CP1301\IoMap.iom"
    LogicalPath="1301.X20CP1301.IoMap.iom"
    Type="File"
    LastWriteTime="133598535012396466"
    Private="false" />
  <Object
    Path="C:\PROJECTS\ModbusSLV\Physical\1301\X20CP1301\PvMap.vvm"
    LogicalPath="1301.X20CP1301.PvMap.vvm"
    Type="File"
    LastWriteTime="133598228430000000"
    Private="false" />
  <Object
    Path="C:\PROJECTS\ModbusSLV\Physical\1301\X20CP1301\Connectivity\Package.pkg"
    LogicalPath="1301.X20CP1301.Connectivity"
    Type="Package"
    LastWriteTime="133598228430000000" />
  <Object
    Path="C:\PROJECTS\ModbusSLV\Physical\1301\X20CP1301\Connectivity\OpcUA\Package.pkg"
    LogicalPath="1301.X20CP1301.Connectivity.OpcUA"
    Type="Package"
    LastWriteTime="133598228430000000" />
  <Object
    Path="C:\PROJECTS\ModbusSLV\Physical\1301\X20CP1301\TextSystem\Package.pkg"
    LogicalPath="1301.X20CP1301.TextSystem"
    Type="Package"
    LastWriteTime="133598228430000000" />
  <Object
    Path="C:\PROJECTS\ModbusSLV\Physical\1301\X20CP1301\UnitSystem\Package.pkg"
    LogicalPath="1301.X20CP1301.UnitSystem"
    Type="Package"
    LastWriteTime="133598228430000000" />
  <Object
    Path="C:\PROJECTS\ModbusSLV\Physical\1301\X20CP1301\AccessAndSecurity\Package.pkg"
    LogicalPath="1301.X20CP1301.AccessAndSecurity"
    Type="Package"
    LastWriteTime="133598228430000000" />
  <Object
    Path="C:\PROJECTS\ModbusSLV\Physical\1301\X20CP1301\AccessAndSecurity\UserRoleSystem\Package.pkg"
    LogicalPath="1301.X20CP1301.AccessAndSecurity.UserRoleSystem"
    Type="Package"
    LastWriteTime="133598228430000000" />
  <Object
    Path="C:\PROJECTS\ModbusSLV\Physical\1301\X20CP1301\AccessAndSecurity\UserRoleSystem\Role.role"
    LogicalPath="1301.X20CP1301.AccessAndSecurity.UserRoleSystem.Role.role"
    Type="File"
    LastWriteTime="133598228430000000"
    Private="false" />
  <Object
    Path="C:\PROJECTS\ModbusSLV\Physical\1301\X20CP1301\AccessAndSecurity\UserRoleSystem\User.user"
    LogicalPath="1301.X20CP1301.AccessAndSecurity.UserRoleSystem.User.user"
    Type="File"
    LastWriteTime="133598228430000000"
    Private="false" />
  <Object
    Path="C:\PROJECTS\ModbusSLV\Physical\1301\X20CP1301\AccessAndSecurity\CertificateStore\Package.pkg"
    LogicalPath="1301.X20CP1301.AccessAndSecurity.CertificateStore"
    Type="Package"
    LastWriteTime="133598228430000000" />
  <Object
    Path="C:\PROJECTS\ModbusSLV\Physical\1301\X20CP1301\AccessAndSecurity\CertificateStore\OwnCertificates\Package.pkg"
    LogicalPath="1301.X20CP1301.AccessAndSecurity.CertificateStore.OwnCertificates"
    Type="Package"
    LastWriteTime="133598228430000000" />
  <Object
    Path="C:\PROJECTS\ModbusSLV\Physical\1301\X20CP1301\AccessAndSecurity\CertificateStore\OwnCertificates\Certificates\Package.pkg"
    LogicalPath="1301.X20CP1301.AccessAndSecurity.CertificateStore.OwnCertificates.Certificates"
    Type="Package"
    LastWriteTime="133598228430000000" />
  <Object
    Path="C:\PROJECTS\ModbusSLV\Physical\1301\X20CP1301\AccessAndSecurity\CertificateStore\OwnCertificates\PrivateKeys\Package.pkg"
    LogicalPath="1301.X20CP1301.AccessAndSecurity.CertificateStore.OwnCertificates.PrivateKeys"
    Type="Package"
    LastWriteTime="133598228430000000" />
  <Object
    Path="C:\PROJECTS\ModbusSLV\Physical\1301\X20CP1301\AccessAndSecurity\CertificateStore\ThirdPartyCertificates\Package.pkg"
    LogicalPath="1301.X20CP1301.AccessAndSecurity.CertificateStore.ThirdPartyCertificates"
    Type="Package"
    LastWriteTime="133598228430000000" />
  <Object
    Path="C:\PROJECTS\ModbusSLV\Physical\1301\X20CP1301\AccessAndSecurity\CertificateStore\ThirdPartyCertificates\SoftwareCertificates\Package.pkg"
    LogicalPath="1301.X20CP1301.AccessAndSecurity.CertificateStore.ThirdPartyCertificates.SoftwareCertificates"
    Type="Package"
    LastWriteTime="133598228430000000" />
  <Object
    Path="C:\PROJECTS\ModbusSLV\Physical\1301\X20CP1301\AccessAndSecurity\CertificateStore\CertificateRevocationLists\Package.pkg"
    LogicalPath="1301.X20CP1301.AccessAndSecurity.CertificateStore.CertificateRevocationLists"
    Type="Package"
    LastWriteTime="133598228430000000" />
  <Object
    Path="C:\PROJECTS\ModbusSLV\Physical\1301\X20CP1301\AccessAndSecurity\CertificateStore\CertificateSigningRequests\Package.pkg"
    LogicalPath="1301.X20CP1301.AccessAndSecurity.CertificateStore.CertificateSigningRequests"
    Type="Package"
    LastWriteTime="133598228430000000" />
  <Object
    Path="C:\PROJECTS\ModbusSLV\Physical\1301\X20CP1301\AccessAndSecurity\TransportLayerSecurity\Package.pkg"
    LogicalPath="1301.X20CP1301.AccessAndSecurity.TransportLayerSecurity"
    Type="Package"
    LastWriteTime="133598228430000000" />
  <Object
    Path="C:\PROJECTS\ModbusSLV\Physical\1301\X20CP1301\AccessAndSecurity\Firewall\Package.pkg"
    LogicalPath="1301.X20CP1301.AccessAndSecurity.Firewall"
    Type="Package"
    LastWriteTime="133598228430000000" />
  <Object
    Path="C:\PROJECTS\ModbusSLV\Physical\1301\X20CP1301\AccessAndSecurity\Firewall\Rules.firewallRules"
    LogicalPath="1301.X20CP1301.AccessAndSecurity.Firewall.Rules.firewallRules"
    Type="File"
    LastWriteTime="133598228430000000"
    Private="false" />
  <Object
    Path="C:\PROJECTS\ModbusSLV\Physical\1301\X20CP1301\mappView\Package.pkg"
    LogicalPath="1301.X20CP1301.mappView"
    Type="Package"
    LastWriteTime="133598228430000000" />
  <Object
    Path="C:\PROJECTS\ModbusSLV\Physical\1301\Hardware.jpg"
    LogicalPath="1301.Hardware.jpg"
    Type="File"
    LastWriteTime="133598230320000000"
    Private="false" />
</Objects>