C:\project\Stellare\Temp\Includes\AS_TempDecl\mappDemoDefault\GlobalComponents\MpComponents.var
C:\project\Stellare\Logical\Global.typ
C:\project\Stellare\Logical\Global.var
C:\project\Stellare\Logical\Libraries\Runtime\runtime.fun
C:\project\Stellare\Logical\Libraries\Runtime\runtime.typ
C:\project\Stellare\Logical\Libraries\Runtime\runtime.var
C:\project\Stellare\Logical\Libraries\Operator\operator.fun
C:\project\Stellare\Logical\Libraries\Operator\operator.typ
C:\project\Stellare\Logical\Libraries\Operator\operator.var
C:\project\Stellare\Logical\Libraries\AsIecCon\AsIecCon.fun
C:\project\Stellare\Logical\Libraries\AsIecCon\AsIecCon.typ
C:\project\Stellare\Logical\Libraries\AsIecCon\AsIecCon.var
C:\project\Stellare\Logical\Libraries\astime\astime.fun
C:\project\Stellare\Logical\Libraries\astime\astime.typ
C:\project\Stellare\Logical\Libraries\astime\astime.var
C:\project\Stellare\Logical\Libraries\AsArSdm\AsArSdm.fun
C:\project\Stellare\Logical\Libraries\AsArSdm\AsArSdm.typ
C:\project\Stellare\Logical\Libraries\AsArSdm\AsArSdm.var
C:\project\Stellare\Logical\Libraries\DataObj\DataObj.fun
C:\project\Stellare\Logical\Libraries\DataObj\DataObj.typ
C:\project\Stellare\Logical\Libraries\DataObj\DataObj.var
C:\project\Stellare\Logical\Libraries\FileIO\FileIO.fun
C:\project\Stellare\Logical\Libraries\FileIO\FileIO.typ
C:\project\Stellare\Logical\Libraries\FileIO\FileIO.var
C:\project\Stellare\Logical\Libraries\AsBrStr\AsBrStr.fun
C:\project\Stellare\Logical\Libraries\AsBrStr\AsBrStr.typ
C:\project\Stellare\Logical\Libraries\AsBrStr\AsBrStr.var
C:\project\Stellare\Logical\Libraries\AsArLog\AsArLog.fun
C:\project\Stellare\Logical\Libraries\AsArLog\AsArLog.typ
C:\project\Stellare\Logical\Libraries\AsArLog\AsArLog.var
C:\project\Stellare\Logical\Libraries\sys_lib\sys_lib.fun
C:\project\Stellare\Logical\Libraries\sys_lib\sys_lib.typ
C:\project\Stellare\Logical\Libraries\sys_lib\sys_lib.var
C:\project\Stellare\Logical\Libraries\brsystem\brsystem.fun
C:\project\Stellare\Logical\Libraries\brsystem\brsystem.typ
C:\project\Stellare\Logical\Libraries\brsystem\brsystem.var
C:\project\Stellare\Logical\Libraries\AsWStr\AsWStr.fun
C:\project\Stellare\Logical\Libraries\AsWStr\AsWStr.typ
C:\project\Stellare\Logical\Libraries\AsWStr\AsWStr.var
C:\project\Stellare\Logical\Libraries\AsArProf\AsArProf.fun
C:\project\Stellare\Logical\Libraries\AsArProf\AsArProf.typ
C:\project\Stellare\Logical\Libraries\AsArProf\AsArProf.var
C:\project\Stellare\Logical\Libraries\AsMem\AsMem.fun
C:\project\Stellare\Logical\Libraries\AsMem\AsMem.typ
C:\project\Stellare\Logical\Libraries\AsMem\AsMem.var
C:\project\Stellare\Logical\Libraries\standard\standard.fun
C:\project\Stellare\Logical\Libraries\standard\standard.typ
C:\project\Stellare\Logical\Libraries\standard\standard.var
C:\project\Stellare\Logical\Libraries\AsBrWStr\AsBrWStr.fun
C:\project\Stellare\Logical\Libraries\AsBrWStr\AsBrWStr.typ
C:\project\Stellare\Logical\Libraries\AsBrWStr\AsBrWStr.var
C:\project\Stellare\Logical\Libraries\ArTextSys\ArTextSys.fun
C:\project\Stellare\Logical\Libraries\ArTextSys\ArTextSys.typ
C:\project\Stellare\Logical\Libraries\ArTextSys\ArTextSys.var
C:\project\Stellare\Logical\Libraries\MpServer\Types.typ
C:\project\Stellare\Logical\Libraries\MpServer\Constants.var
C:\project\Stellare\Logical\Libraries\MpServer\MpServer.fun
C:\project\Stellare\Logical\Libraries\MpAlarmX\MpAlarmX.typ
C:\project\Stellare\Logical\Libraries\MpAlarmX\MpAlarmXError.typ
C:\project\Stellare\Logical\Libraries\MpAlarmX\MpAlarmX.fun
C:\project\Stellare\Logical\Libraries\MpBase\MpBase.typ
C:\project\Stellare\Logical\Libraries\MpBase\MpBase.var
C:\project\Stellare\Logical\Libraries\MpBase\MpBase.fun
C:\project\Stellare\Logical\Libraries\MpCodeBox\MpCodeBox.var
C:\project\Stellare\Logical\Libraries\MpCodeBox\MpCodeBox.typ
C:\project\Stellare\Logical\Libraries\MpCodeBox\MpCodeBoxError.typ
C:\project\Stellare\Logical\Libraries\MpCodeBox\MpCodeBoxAlarm.typ
C:\project\Stellare\Logical\Libraries\MpCodeBox\MpCodeBox.fun
C:\project\Stellare\Logical\Libraries\MpEnergy\MpEnergy.typ
C:\project\Stellare\Logical\Libraries\MpEnergy\MpEnergyError.typ
C:\project\Stellare\Logical\Libraries\MpEnergy\MpEnergyAlarm.typ
C:\project\Stellare\Logical\Libraries\MpEnergy\MpEnergy.fun
C:\project\Stellare\Logical\Libraries\MpPackML\MpPackML.typ
C:\project\Stellare\Logical\Libraries\MpPackML\MpPackMLError.typ
C:\project\Stellare\Logical\Libraries\MpPackML\MpPackMLAlarm.typ
C:\project\Stellare\Logical\Libraries\MpPackML\MpPackML.fun
C:\project\Stellare\Logical\Libraries\MpUserX\MpUserX.typ
C:\project\Stellare\Logical\Libraries\MpUserX\MpUserXError.typ
C:\project\Stellare\Logical\Libraries\MpUserX\MpUserXAlarm.typ
C:\project\Stellare\Logical\Libraries\MpUserX\MpUserX.fun
C:\project\Stellare\Logical\Libraries\MpFile\MpFile.typ
C:\project\Stellare\Logical\Libraries\MpFile\MpFileError.typ
C:\project\Stellare\Logical\Libraries\MpFile\MpFileAlarm.typ
C:\project\Stellare\Logical\Libraries\MpFile\MpFile.fun
C:\project\Stellare\Logical\Libraries\MpAudit\MpAudit.typ
C:\project\Stellare\Logical\Libraries\MpAudit\MpAuditError.typ
C:\project\Stellare\Logical\Libraries\MpAudit\MpAuditAlarm.typ
C:\project\Stellare\Logical\Libraries\MpAudit\MpAudit.fun
C:\project\Stellare\Logical\Libraries\MpSequence\MpSequence.var
C:\project\Stellare\Logical\Libraries\MpSequence\MpSequence.typ
C:\project\Stellare\Logical\Libraries\MpSequence\MpSequenceError.typ
C:\project\Stellare\Logical\Libraries\MpSequence\MpSequenceAlarm.typ
C:\project\Stellare\Logical\Libraries\MpSequence\MpSequence.fun
C:\project\Stellare\Logical\Libraries\MpCom\MpCom.var
C:\project\Stellare\Logical\Libraries\MpCom\MpCom.typ
C:\project\Stellare\Logical\Libraries\MpCom\MpComError.typ
C:\project\Stellare\Logical\Libraries\MpCom\MpCom.fun
C:\project\Stellare\Logical\Libraries\MpIO\MpIOError.typ
C:\project\Stellare\Logical\Libraries\MpIO\MpIOAlarm.typ
C:\project\Stellare\Logical\Libraries\MpIO\MpIO.typ
C:\project\Stellare\Logical\Libraries\MpIO\MpIO.fun
C:\project\Stellare\Logical\Libraries\MpRecipe\MpRecipe.typ
C:\project\Stellare\Logical\Libraries\MpRecipe\MpRecipeAlarm.typ
C:\project\Stellare\Logical\Libraries\MpRecipe\MpRecipeError.typ
C:\project\Stellare\Logical\Libraries\MpRecipe\MpRecipe.fun
C:\project\Stellare\Logical\Libraries\MpWebXs\MpWebXs.fun
C:\project\Stellare\Logical\Libraries\MpReport\MpReport.typ
C:\project\Stellare\Logical\Libraries\MpReport\MpReportError.typ
C:\project\Stellare\Logical\Libraries\MpReport\MpReportAlarm.typ
C:\project\Stellare\Logical\Libraries\MpReport\MpReport.fun
C:\project\Stellare\Logical\Libraries\MTBasics\MTBasics.fun
C:\project\Stellare\Logical\Libraries\MTBasics\MTBasics.typ
C:\project\Stellare\Logical\Libraries\MTBasics\MTBasics.var
C:\project\Stellare\Logical\Libraries\MTTypes\MTTypes.fun
C:\project\Stellare\Logical\Libraries\MTTypes\MTTypes.typ
C:\project\Stellare\Logical\Libraries\MTTypes\MTTypes.var
C:\project\Stellare\Logical\Libraries\asstring\asstring.fun
C:\project\Stellare\Logical\Libraries\asstring\asstring.typ
C:\project\Stellare\Logical\Libraries\asstring\asstring.var
