<?xml version="1.0" encoding="utf-8"?>
<?AutomationStudio Version="4.9.5.36 SP"?>
<Objects>
  <Object
    Path="C:\project\GITH_HUB\Various\MM_movim_manuale\Logical\Package.pkg"
    LogicalPath=""
    Type="Package.ParentUnknown"
    LastWriteTime="133191259111710348" />
  <Object
    Path="C:\project\GITH_HUB\Various\MM_movim_manuale\Temp\Includes\AS_TempDecl\Config2\GlobalComponents\MpComponents.var"
    LogicalPath="MpComponents.var"
    Type="File"
    LastWriteTime="133191380332984233"
    Private="false" />
  <Object
    Path="C:\project\GITH_HUB\Various\MM_movim_manuale\Logical\Global.typ"
    LogicalPath="Global.typ"
    Type="File"
    LastWriteTime="133017588469657107"
    Private="false" />
  <Object
    Path="C:\project\GITH_HUB\Various\MM_movim_manuale\Logical\Global.var"
    LogicalPath="Global.var"
    Type="File"
    LastWriteTime="133017588470282251"
    Private="false" />
  <Object
    Path="C:\project\GITH_HUB\Various\MM_movim_manuale\Logical\Libraries\Package.pkg"
    LogicalPath="Libraries"
    Type="Package"
    LastWriteTime="133191390872816204" />
  <Object
    Path="C:\project\GITH_HUB\Various\MM_movim_manuale\Logical\Libraries\operator\binary.lby"
    LogicalPath="Libraries.operator"
    Type="Library"
    LastWriteTime="133015750009340836" />
  <Object
    Path="C:\project\GITH_HUB\Various\MM_movim_manuale\Logical\Libraries\operator\operator.fun"
    LogicalPath="Libraries.operator.operator.fun"
    Type="File"
    LastWriteTime="133015750009240804"
    Private="false" />
  <Object
    Path="C:\project\GITH_HUB\Various\MM_movim_manuale\Logical\Libraries\operator\operator.typ"
    LogicalPath="Libraries.operator.operator.typ"
    Type="File"
    LastWriteTime="133015750009340836"
    Private="false" />
  <Object
    Path="C:\project\GITH_HUB\Various\MM_movim_manuale\Logical\Libraries\operator\operator.var"
    LogicalPath="Libraries.operator.operator.var"
    Type="File"
    LastWriteTime="133015750009340836"
    Private="false" />
  <Object
    Path="C:\project\GITH_HUB\Various\MM_movim_manuale\Logical\Libraries\runtime\binary.lby"
    LogicalPath="Libraries.runtime"
    Type="Library"
    LastWriteTime="133015750012870334" />
  <Object
    Path="C:\project\GITH_HUB\Various\MM_movim_manuale\Logical\Libraries\runtime\runtime.fun"
    LogicalPath="Libraries.runtime.runtime.fun"
    Type="File"
    LastWriteTime="133015750012870334"
    Private="false" />
  <Object
    Path="C:\project\GITH_HUB\Various\MM_movim_manuale\Logical\Libraries\runtime\runtime.typ"
    LogicalPath="Libraries.runtime.runtime.typ"
    Type="File"
    LastWriteTime="133015750012870334"
    Private="false" />
  <Object
    Path="C:\project\GITH_HUB\Various\MM_movim_manuale\Logical\Libraries\runtime\runtime.var"
    LogicalPath="Libraries.runtime.runtime.var"
    Type="File"
    LastWriteTime="133015750012870334"
    Private="false" />
  <Object
    Path="C:\project\GITH_HUB\Various\MM_movim_manuale\Logical\Libraries\astime\binary.lby"
    LogicalPath="Libraries.astime"
    Type="Library"
    LastWriteTime="133015750016114502" />
  <Object
    Path="C:\project\GITH_HUB\Various\MM_movim_manuale\Logical\Libraries\astime\astime.fun"
    LogicalPath="Libraries.astime.astime.fun"
    Type="File"
    LastWriteTime="133015750016114502"
    Private="false" />
  <Object
    Path="C:\project\GITH_HUB\Various\MM_movim_manuale\Logical\Libraries\astime\astime.typ"
    LogicalPath="Libraries.astime.astime.typ"
    Type="File"
    LastWriteTime="133015750016114502"
    Private="false" />
  <Object
    Path="C:\project\GITH_HUB\Various\MM_movim_manuale\Logical\Libraries\astime\astime.var"
    LogicalPath="Libraries.astime.astime.var"
    Type="File"
    LastWriteTime="133015750016114502"
    Private="false" />
  <Object
    Path="C:\project\GITH_HUB\Various\MM_movim_manuale\Logical\Libraries\AsIecCon\binary.lby"
    LogicalPath="Libraries.AsIecCon"
    Type="Library"
    LastWriteTime="133015750019349358" />
  <Object
    Path="C:\project\GITH_HUB\Various\MM_movim_manuale\Logical\Libraries\AsIecCon\AsIecCon.fun"
    LogicalPath="Libraries.AsIecCon.AsIecCon.fun"
    Type="File"
    LastWriteTime="133015750019349358"
    Private="false" />
  <Object
    Path="C:\project\GITH_HUB\Various\MM_movim_manuale\Logical\Libraries\AsIecCon\AsIecCon.typ"
    LogicalPath="Libraries.AsIecCon.AsIecCon.typ"
    Type="File"
    LastWriteTime="133015750019349358"
    Private="false" />
  <Object
    Path="C:\project\GITH_HUB\Various\MM_movim_manuale\Logical\Libraries\AsIecCon\AsIecCon.var"
    LogicalPath="Libraries.AsIecCon.AsIecCon.var"
    Type="File"
    LastWriteTime="133015750019349358"
    Private="false" />
  <Object
    Path="C:\project\GITH_HUB\Various\MM_movim_manuale\Logical\Libraries\sys_lib\binary.lby"
    LogicalPath="Libraries.sys_lib"
    Type="Library"
    LastWriteTime="133015908009903647" />
  <Object
    Path="C:\project\GITH_HUB\Various\MM_movim_manuale\Logical\Libraries\sys_lib\sys_lib.fun"
    LogicalPath="Libraries.sys_lib.sys_lib.fun"
    Type="File"
    LastWriteTime="133015908009847627"
    Private="false" />
  <Object
    Path="C:\project\GITH_HUB\Various\MM_movim_manuale\Logical\Libraries\sys_lib\sys_lib.typ"
    LogicalPath="Libraries.sys_lib.sys_lib.typ"
    Type="File"
    LastWriteTime="133015908009873098"
    Private="false" />
  <Object
    Path="C:\project\GITH_HUB\Various\MM_movim_manuale\Logical\Libraries\sys_lib\sys_lib.var"
    LogicalPath="Libraries.sys_lib.sys_lib.var"
    Type="File"
    LastWriteTime="133015908009898550"
    Private="false" />
  <Object
    Path="C:\project\GITH_HUB\Various\MM_movim_manuale\Logical\Libraries\standard\binary.lby"
    LogicalPath="Libraries.standard"
    Type="Library"
    LastWriteTime="133016706337747317" />
  <Object
    Path="C:\project\GITH_HUB\Various\MM_movim_manuale\Logical\Libraries\standard\standard.fun"
    LogicalPath="Libraries.standard.standard.fun"
    Type="File"
    LastWriteTime="133016706337647299"
    Private="false" />
  <Object
    Path="C:\project\GITH_HUB\Various\MM_movim_manuale\Logical\Libraries\standard\standard.typ"
    LogicalPath="Libraries.standard.standard.typ"
    Type="File"
    LastWriteTime="133016706337707313"
    Private="false" />
  <Object
    Path="C:\project\GITH_HUB\Various\MM_movim_manuale\Logical\Libraries\standard\standard.var"
    LogicalPath="Libraries.standard.standard.var"
    Type="File"
    LastWriteTime="133016706337737319"
    Private="false" />
  <Object
    Path="C:\project\GITH_HUB\Various\MM_movim_manuale\Logical\Libraries\FileIO\binary.lby"
    LogicalPath="Libraries.FileIO"
    Type="Library"
    LastWriteTime="133017566537169411" />
  <Object
    Path="C:\project\GITH_HUB\Various\MM_movim_manuale\Logical\Libraries\FileIO\FileIO.fun"
    LogicalPath="Libraries.FileIO.FileIO.fun"
    Type="File"
    LastWriteTime="133017566537048951"
    Private="false" />
  <Object
    Path="C:\project\GITH_HUB\Various\MM_movim_manuale\Logical\Libraries\FileIO\FileIO.typ"
    LogicalPath="Libraries.FileIO.FileIO.typ"
    Type="File"
    LastWriteTime="133017566537149203"
    Private="false" />
  <Object
    Path="C:\project\GITH_HUB\Various\MM_movim_manuale\Logical\Libraries\FileIO\FileIO.var"
    LogicalPath="Libraries.FileIO.FileIO.var"
    Type="File"
    LastWriteTime="133017566537169411"
    Private="false" />
  <Object
    Path="C:\project\GITH_HUB\Various\MM_movim_manuale\Logical\Libraries\DataObj\binary.lby"
    LogicalPath="Libraries.DataObj"
    Type="Library"
    LastWriteTime="133017566537349740" />
  <Object
    Path="C:\project\GITH_HUB\Various\MM_movim_manuale\Logical\Libraries\DataObj\DataObj.fun"
    LogicalPath="Libraries.DataObj.DataObj.fun"
    Type="File"
    LastWriteTime="133017566537349740"
    Private="false" />
  <Object
    Path="C:\project\GITH_HUB\Various\MM_movim_manuale\Logical\Libraries\DataObj\DataObj.typ"
    LogicalPath="Libraries.DataObj.DataObj.typ"
    Type="File"
    LastWriteTime="133017566537349740"
    Private="false" />
  <Object
    Path="C:\project\GITH_HUB\Various\MM_movim_manuale\Logical\Libraries\DataObj\DataObj.var"
    LogicalPath="Libraries.DataObj.DataObj.var"
    Type="File"
    LastWriteTime="133017566537349740"
    Private="false" />
  <Object
    Path="C:\project\GITH_HUB\Various\MM_movim_manuale\Logical\Libraries\brsystem\binary.lby"
    LogicalPath="Libraries.brsystem"
    Type="Library"
    LastWriteTime="133017566537650581" />
  <Object
    Path="C:\project\GITH_HUB\Various\MM_movim_manuale\Logical\Libraries\brsystem\brsystem.fun"
    LogicalPath="Libraries.brsystem.brsystem.fun"
    Type="File"
    LastWriteTime="133017566537650581"
    Private="false" />
  <Object
    Path="C:\project\GITH_HUB\Various\MM_movim_manuale\Logical\Libraries\brsystem\brsystem.typ"
    LogicalPath="Libraries.brsystem.brsystem.typ"
    Type="File"
    LastWriteTime="133017566537650581"
    Private="false" />
  <Object
    Path="C:\project\GITH_HUB\Various\MM_movim_manuale\Logical\Libraries\brsystem\brsystem.var"
    LogicalPath="Libraries.brsystem.brsystem.var"
    Type="File"
    LastWriteTime="133017566537650581"
    Private="false" />
  <Object
    Path="C:\project\GITH_HUB\Various\MM_movim_manuale\Logical\Libraries\MpAlarmX\Binary.lby"
    LogicalPath="Libraries.MpAlarmX"
    Type="Library"
    LastWriteTime="133017660658182898" />
  <Object
    Path="C:\project\GITH_HUB\Various\MM_movim_manuale\Logical\Libraries\MpAlarmX\MpAlarmX.typ"
    LogicalPath="Libraries.MpAlarmX.MpAlarmX.typ"
    Type="File"
    LastWriteTime="133017660658027649"
    Private="false" />
  <Object
    Path="C:\project\GITH_HUB\Various\MM_movim_manuale\Logical\Libraries\MpAlarmX\MpAlarmXError.typ"
    LogicalPath="Libraries.MpAlarmX.MpAlarmXError.typ"
    Type="File"
    LastWriteTime="133017660658027649"
    Private="false" />
  <Object
    Path="C:\project\GITH_HUB\Various\MM_movim_manuale\Logical\Libraries\MpAlarmX\MpAlarmX.fun"
    LogicalPath="Libraries.MpAlarmX.MpAlarmX.fun"
    Type="File"
    LastWriteTime="133017660658027649"
    Private="false" />
  <Object
    Path="C:\project\GITH_HUB\Various\MM_movim_manuale\Logical\Libraries\MpBase\Binary.lby"
    LogicalPath="Libraries.MpBase"
    Type="Library"
    LastWriteTime="133017660658495511" />
  <Object
    Path="C:\project\GITH_HUB\Various\MM_movim_manuale\Logical\Libraries\MpBase\MpBase.typ"
    LogicalPath="Libraries.MpBase.MpBase.typ"
    Type="File"
    LastWriteTime="133017660658495511"
    Private="false" />
  <Object
    Path="C:\project\GITH_HUB\Various\MM_movim_manuale\Logical\Libraries\MpBase\MpBase.var"
    LogicalPath="Libraries.MpBase.MpBase.var"
    Type="File"
    LastWriteTime="133017660658495511"
    Private="false" />
  <Object
    Path="C:\project\GITH_HUB\Various\MM_movim_manuale\Logical\Libraries\MpBase\MpBase.fun"
    LogicalPath="Libraries.MpBase.MpBase.fun"
    Type="File"
    LastWriteTime="133017660658495511"
    Private="false" />
  <Object
    Path="C:\project\GITH_HUB\Various\MM_movim_manuale\Logical\Libraries\MpBase\Common_EventLog.tmx"
    LogicalPath="Libraries.MpBase.Common_EventLog.tmx"
    Type="File"
    LastWriteTime="133017660658495511"
    Private="false" />
  <Object
    Path="C:\project\GITH_HUB\Various\MM_movim_manuale\Logical\Libraries\MpEnergy\Binary.lby"
    LogicalPath="Libraries.MpEnergy"
    Type="Library"
    LastWriteTime="133017660658964203" />
  <Object
    Path="C:\project\GITH_HUB\Various\MM_movim_manuale\Logical\Libraries\MpEnergy\MpEnergy.typ"
    LogicalPath="Libraries.MpEnergy.MpEnergy.typ"
    Type="File"
    LastWriteTime="133017660658807944"
    Private="false" />
  <Object
    Path="C:\project\GITH_HUB\Various\MM_movim_manuale\Logical\Libraries\MpEnergy\MpEnergyError.typ"
    LogicalPath="Libraries.MpEnergy.MpEnergyError.typ"
    Type="File"
    LastWriteTime="133017660658964203"
    Private="false" />
  <Object
    Path="C:\project\GITH_HUB\Various\MM_movim_manuale\Logical\Libraries\MpEnergy\MpEnergyAlarm.typ"
    LogicalPath="Libraries.MpEnergy.MpEnergyAlarm.typ"
    Type="File"
    LastWriteTime="133017660658964203"
    Private="false" />
  <Object
    Path="C:\project\GITH_HUB\Various\MM_movim_manuale\Logical\Libraries\MpEnergy\MpEnergy.fun"
    LogicalPath="Libraries.MpEnergy.MpEnergy.fun"
    Type="File"
    LastWriteTime="133017660658964203"
    Private="false" />
  <Object
    Path="C:\project\GITH_HUB\Various\MM_movim_manuale\Logical\Libraries\MpAssetInt\Binary.lby"
    LogicalPath="Libraries.MpAssetInt"
    Type="Library"
    LastWriteTime="133017660659276821" />
  <Object
    Path="C:\project\GITH_HUB\Various\MM_movim_manuale\Logical\Libraries\MpAssetInt\MpAssetInt.typ"
    LogicalPath="Libraries.MpAssetInt.MpAssetInt.typ"
    Type="File"
    LastWriteTime="133017660659276821"
    Private="false" />
  <Object
    Path="C:\project\GITH_HUB\Various\MM_movim_manuale\Logical\Libraries\MpAssetInt\MpAssetInt.fun"
    LogicalPath="Libraries.MpAssetInt.MpAssetInt.fun"
    Type="File"
    LastWriteTime="133017660659276821"
    Private="false" />
  <Object
    Path="C:\project\GITH_HUB\Various\MM_movim_manuale\Logical\Libraries\MpAssetInt\MpAssetIntAlarm.typ"
    LogicalPath="Libraries.MpAssetInt.MpAssetIntAlarm.typ"
    Type="File"
    LastWriteTime="133017660659276821"
    Private="false" />
  <Object
    Path="C:\project\GITH_HUB\Various\MM_movim_manuale\Logical\Libraries\MpAssetInt\MpAssetIntError.typ"
    LogicalPath="Libraries.MpAssetInt.MpAssetIntError.typ"
    Type="File"
    LastWriteTime="133017660659276821"
    Private="false" />
  <Object
    Path="C:\project\GITH_HUB\Various\MM_movim_manuale\Logical\Libraries\MpData\Binary.lby"
    LogicalPath="Libraries.MpData"
    Type="Library"
    LastWriteTime="133017660659745502" />
  <Object
    Path="C:\project\GITH_HUB\Various\MM_movim_manuale\Logical\Libraries\MpData\MpData.typ"
    LogicalPath="Libraries.MpData.MpData.typ"
    Type="File"
    LastWriteTime="133017660659589245"
    Private="false" />
  <Object
    Path="C:\project\GITH_HUB\Various\MM_movim_manuale\Logical\Libraries\MpData\MpDataError.typ"
    LogicalPath="Libraries.MpData.MpDataError.typ"
    Type="File"
    LastWriteTime="133017660659589245"
    Private="false" />
  <Object
    Path="C:\project\GITH_HUB\Various\MM_movim_manuale\Logical\Libraries\MpData\MpDataAlarm.typ"
    LogicalPath="Libraries.MpData.MpDataAlarm.typ"
    Type="File"
    LastWriteTime="133017660659589245"
    Private="false" />
  <Object
    Path="C:\project\GITH_HUB\Various\MM_movim_manuale\Logical\Libraries\MpData\MpData.fun"
    LogicalPath="Libraries.MpData.MpData.fun"
    Type="File"
    LastWriteTime="133017660659745502"
    Private="false" />
  <Object
    Path="C:\project\GITH_HUB\Various\MM_movim_manuale\Logical\Libraries\Recipe\ANSIC.lby"
    LogicalPath="Libraries.Recipe"
    Type="Library"
    LastWriteTime="133191390778748224" />
  <Object
    Path="C:\project\GITH_HUB\Various\MM_movim_manuale\Logical\Libraries\Recipe\Recipe.typ"
    LogicalPath="Libraries.Recipe.Recipe.typ"
    Type="File"
    LastWriteTime="133191390778748224"
    Private="false" />
  <Object
    Path="C:\project\GITH_HUB\Various\MM_movim_manuale\Logical\Libraries\Recipe\recipe.c"
    LogicalPath="Libraries.Recipe.recipe.c"
    Type="File"
    LastWriteTime="133191390778748224"
    Private="false" />
  <Object
    Path="C:\project\GITH_HUB\Various\MM_movim_manuale\Logical\Libraries\Recipe\Recipe.fun"
    LogicalPath="Libraries.Recipe.Recipe.fun"
    Type="File"
    LastWriteTime="133191390778748224"
    Private="false" />
  <Object
    Path="C:\project\GITH_HUB\Various\MM_movim_manuale\Logical\Libraries\AsMem\binary.lby"
    LogicalPath="Libraries.AsMem"
    Type="Library"
    LastWriteTime="133191390872503762" />
  <Object
    Path="C:\project\GITH_HUB\Various\MM_movim_manuale\Logical\Libraries\AsMem\AsMem.fun"
    LogicalPath="Libraries.AsMem.AsMem.fun"
    Type="File"
    LastWriteTime="133191390872503762"
    Private="false" />
  <Object
    Path="C:\project\GITH_HUB\Various\MM_movim_manuale\Logical\Libraries\AsMem\AsMem.typ"
    LogicalPath="Libraries.AsMem.AsMem.typ"
    Type="File"
    LastWriteTime="133191390872503762"
    Private="false" />
  <Object
    Path="C:\project\GITH_HUB\Various\MM_movim_manuale\Logical\Libraries\AsMem\AsMem.var"
    LogicalPath="Libraries.AsMem.AsMem.var"
    Type="File"
    LastWriteTime="133191390872503762"
    Private="false" />
  <Object
    Path="C:\project\GITH_HUB\Various\MM_movim_manuale\Logical\Libraries\asstring\binary.lby"
    LogicalPath="Libraries.asstring"
    Type="Library"
    LastWriteTime="133191390872659962" />
  <Object
    Path="C:\project\GITH_HUB\Various\MM_movim_manuale\Logical\Libraries\asstring\asstring.fun"
    LogicalPath="Libraries.asstring.asstring.fun"
    Type="File"
    LastWriteTime="133191390872659962"
    Private="false" />
  <Object
    Path="C:\project\GITH_HUB\Various\MM_movim_manuale\Logical\Libraries\asstring\asstring.typ"
    LogicalPath="Libraries.asstring.asstring.typ"
    Type="File"
    LastWriteTime="133191390872659962"
    Private="false" />
  <Object
    Path="C:\project\GITH_HUB\Various\MM_movim_manuale\Logical\Libraries\asstring\asstring.var"
    LogicalPath="Libraries.asstring.asstring.var"
    Type="File"
    LastWriteTime="133191390872659962"
    Private="false" />
  <Object
    Path="C:\project\GITH_HUB\Various\MM_movim_manuale\Logical\Visu\Vc.dob"
    LogicalPath="Visu"
    Type="DataObject"
    LastWriteTime="133015750986945034" />
  <Object
    Path="C:\project\GITH_HUB\Various\MM_movim_manuale\Logical\Visu\VCObject.vc"
    LogicalPath="Visu.VCObject.vc"
    Type="File"
    LastWriteTime="133015750986945034"
    Private="false" />
  <Object
    Path="C:\project\GITH_HUB\Various\MM_movim_manuale\Logical\Program\ANSIC.prg"
    LogicalPath="Program"
    Type="Program"
    LastWriteTime="133015754370941249" />
  <Object
    Path="C:\project\GITH_HUB\Various\MM_movim_manuale\Logical\Program\Cyclic.c"
    LogicalPath="Program.Cyclic.c"
    Type="File"
    LastWriteTime="133017630942331484"
    Private="false" />
  <Object
    Path="C:\project\GITH_HUB\Various\MM_movim_manuale\Logical\Program\Init.c"
    LogicalPath="Program.Init.c"
    Type="File"
    LastWriteTime="133015946520181868"
    Private="false" />
  <Object
    Path="C:\project\GITH_HUB\Various\MM_movim_manuale\Logical\Program\Exit.c"
    LogicalPath="Program.Exit.c"
    Type="File"
    LastWriteTime="133015754370784991"
    Private="false" />
  <Object
    Path="C:\project\GITH_HUB\Various\MM_movim_manuale\Logical\Program\Types.typ"
    LogicalPath="Program.Types.typ"
    Type="File"
    LastWriteTime="133015754370784991"
    Private="true" />
  <Object
    Path="C:\project\GITH_HUB\Various\MM_movim_manuale\Logical\Program\Variables.var"
    LogicalPath="Program.Variables.var"
    Type="File"
    LastWriteTime="133016786059500603"
    Private="true" />
  <Object
    Path="C:\project\GITH_HUB\Various\MM_movim_manuale\Logical\clock\IEC.prg"
    LogicalPath="clock"
    Type="Program"
    LastWriteTime="133191277817210162" />
  <Object
    Path="C:\project\GITH_HUB\Various\MM_movim_manuale\Logical\clock\Cyclic.st"
    LogicalPath="clock.Cyclic.st"
    Type="File"
    LastWriteTime="133191940902583224"
    Private="false" />
  <Object
    Path="C:\project\GITH_HUB\Various\MM_movim_manuale\Logical\clock\Init.st"
    LogicalPath="clock.Init.st"
    Type="File"
    LastWriteTime="133015859220772722"
    Private="false" />
  <Object
    Path="C:\project\GITH_HUB\Various\MM_movim_manuale\Logical\clock\Exit.st"
    LogicalPath="clock.Exit.st"
    Type="File"
    LastWriteTime="133015859220792725"
    Private="false" />
  <Object
    Path="C:\project\GITH_HUB\Various\MM_movim_manuale\Logical\clock\Types.typ"
    LogicalPath="clock.Types.typ"
    Type="File"
    LastWriteTime="133191276100160005"
    Private="true" />
  <Object
    Path="C:\project\GITH_HUB\Various\MM_movim_manuale\Logical\clock\Variables.var"
    LogicalPath="clock.Variables.var"
    Type="File"
    LastWriteTime="133191396427813451"
    Private="true" />
  <Object
    Path="C:\project\GITH_HUB\Various\MM_movim_manuale\Logical\Alarm\IEC.prg"
    LogicalPath="Alarm"
    Type="Program"
    LastWriteTime="133015860409301004" />
  <Object
    Path="C:\project\GITH_HUB\Various\MM_movim_manuale\Logical\Alarm\Cyclic.ld"
    LogicalPath="Alarm.Cyclic.ld"
    Type="File"
    LastWriteTime="133017578711587012"
    Private="false" />
  <Object
    Path="C:\project\GITH_HUB\Various\MM_movim_manuale\Logical\Alarm\Variables.var"
    LogicalPath="Alarm.Variables.var"
    Type="File"
    LastWriteTime="133015880764215333"
    Private="true" />
  <Object
    Path="C:\project\GITH_HUB\Various\MM_movim_manuale\Logical\Data\IEC.prg"
    LogicalPath="Data"
    Type="Program"
    LastWriteTime="133017565150926880" />
  <Object
    Path="C:\project\GITH_HUB\Various\MM_movim_manuale\Logical\Data\Cyclic.ld"
    LogicalPath="Data.Cyclic.ld"
    Type="File"
    LastWriteTime="133017603561244196"
    Private="false" />
  <Object
    Path="C:\project\GITH_HUB\Various\MM_movim_manuale\Logical\Data\Init.ld"
    LogicalPath="Data.Init.ld"
    Type="File"
    LastWriteTime="133017576973416853"
    Private="false" />
  <Object
    Path="C:\project\GITH_HUB\Various\MM_movim_manuale\Logical\Data\Variables.var"
    LogicalPath="Data.Variables.var"
    Type="File"
    LastWriteTime="133017576488230259"
    Private="true" />
  <Object
    Path="C:\project\GITH_HUB\Various\MM_movim_manuale\Logical\mappView\Package.pkg"
    LogicalPath="mappView"
    Type="Package"
    LastWriteTime="133017660980173812" />
  <Object
    Path="C:\project\GITH_HUB\Various\MM_movim_manuale\Logical\mappView\Layouts\Package.pkg"
    LogicalPath="mappView.Layouts"
    Type="Package"
    LastWriteTime="133017662678187181" />
  <Object
    Path="C:\project\GITH_HUB\Various\MM_movim_manuale\Logical\mappView\Layouts\Portrait16_9.layout"
    LogicalPath="mappView.Layouts.Portrait16_9.layout"
    Type="File"
    LastWriteTime="133017666353766878"
    Private="false" />
  <Object
    Path="C:\project\GITH_HUB\Various\MM_movim_manuale\Logical\mappView\Widgets\Package.pkg"
    LogicalPath="mappView.Widgets"
    Type="Package"
    LastWriteTime="133017660859345758" />
  <Object
    Path="C:\project\GITH_HUB\Various\MM_movim_manuale\Logical\mappView\Resources\Package.pkg"
    LogicalPath="mappView.Resources"
    Type="Package"
    LastWriteTime="133017660859501966" />
  <Object
    Path="C:\project\GITH_HUB\Various\MM_movim_manuale\Logical\mappView\Resources\Texts\Package.pkg"
    LogicalPath="mappView.Resources.Texts"
    Type="Package"
    LastWriteTime="133017660859501966" />
  <Object
    Path="C:\project\GITH_HUB\Various\MM_movim_manuale\Logical\mappView\Resources\Snippets\Package.pkg"
    LogicalPath="mappView.Resources.Snippets"
    Type="Package"
    LastWriteTime="133017660859501966" />
  <Object
    Path="C:\project\GITH_HUB\Various\MM_movim_manuale\Logical\mappView\Resources\Themes\Package.pkg"
    LogicalPath="mappView.Resources.Themes"
    Type="Package"
    LastWriteTime="133017660859501966" />
  <Object
    Path="C:\project\GITH_HUB\Various\MM_movim_manuale\Logical\mappView\Resources\Media\Package.pkg"
    LogicalPath="mappView.Resources.Media"
    Type="Package"
    LastWriteTime="133017660859501966" />
  <Object
    Path="C:\project\GITH_HUB\Various\MM_movim_manuale\Logical\mappView\Visualization\Package.pkg"
    LogicalPath="mappView.Visualization"
    Type="Package"
    LastWriteTime="133017660980173812" />
  <Object
    Path="C:\project\GITH_HUB\Various\MM_movim_manuale\Logical\mappView\Visualization\Pages\Package.pkg"
    LogicalPath="mappView.Visualization.Pages"
    Type="Package"
    LastWriteTime="133017679251214904" />
  <Object
    Path="C:\project\GITH_HUB\Various\MM_movim_manuale\Logical\mappView\Visualization\Pages\AreaContents\Package.pkg"
    LogicalPath="mappView.Visualization.Pages.AreaContents"
    Type="Package"
    LastWriteTime="133017672081982529" />
  <Object
    Path="C:\project\GITH_HUB\Various\MM_movim_manuale\Logical\mappView\Visualization\Pages\AreaContents\Up.content"
    LogicalPath="mappView.Visualization.Pages.AreaContents.Up.content"
    Type="File"
    LastWriteTime="133017673175250223"
    Private="false" />
  <Object
    Path="C:\project\GITH_HUB\Various\MM_movim_manuale\Logical\mappView\Visualization\Pages\AreaContents\Dw.content"
    LogicalPath="mappView.Visualization.Pages.AreaContents.Dw.content"
    Type="File"
    LastWriteTime="133017678633632448"
    Private="false" />
  <Object
    Path="C:\project\GITH_HUB\Various\MM_movim_manuale\Logical\mappView\Visualization\Pages\HOME\Package.pkg"
    LogicalPath="mappView.Visualization.Pages.HOME"
    Type="Package"
    LastWriteTime="133017664380257599" />
  <Object
    Path="C:\project\GITH_HUB\Various\MM_movim_manuale\Logical\mappView\Visualization\Pages\HOME\Page.page"
    LogicalPath="mappView.Visualization.Pages.HOME.Page.page"
    Type="File"
    LastWriteTime="133017676821643149"
    Private="false" />
  <Object
    Path="C:\project\GITH_HUB\Various\MM_movim_manuale\Logical\mappView\Visualization\Pages\HOME\main.content"
    LogicalPath="mappView.Visualization.Pages.HOME.main.content"
    Type="File"
    LastWriteTime="133017673174820094"
    Private="false" />
  <Object
    Path="C:\project\GITH_HUB\Various\MM_movim_manuale\Logical\mappView\Visualization\Pages\SETTINGS\Package.pkg"
    LogicalPath="mappView.Visualization.Pages.SETTINGS"
    Type="Package"
    LastWriteTime="133017675757970092" />
  <Object
    Path="C:\project\GITH_HUB\Various\MM_movim_manuale\Logical\mappView\Visualization\Pages\SETTINGS\Page.page"
    LogicalPath="mappView.Visualization.Pages.SETTINGS.Page.page"
    Type="File"
    LastWriteTime="133017676821233064"
    Private="false" />
  <Object
    Path="C:\project\GITH_HUB\Various\MM_movim_manuale\Logical\mappView\Visualization\Pages\SETTINGS\main_s.content"
    LogicalPath="mappView.Visualization.Pages.SETTINGS.main_s.content"
    Type="File"
    LastWriteTime="133017676362143435"
    Private="false" />
  <Object
    Path="C:\project\GITH_HUB\Various\MM_movim_manuale\Logical\mappView\Visualization\Pages\Page\Package.pkg"
    LogicalPath="mappView.Visualization.Pages.Page"
    Type="Package"
    LastWriteTime="133017679196007002" />
  <Object
    Path="C:\project\GITH_HUB\Various\MM_movim_manuale\Logical\mappView\Visualization\Pages\Page\Page.page"
    LogicalPath="mappView.Visualization.Pages.Page.Page.page"
    Type="File"
    LastWriteTime="133017679195996999"
    Private="false" />
  <Object
    Path="C:\project\GITH_HUB\Various\MM_movim_manuale\Logical\mappView\Visualization\Pages\Page1\Package.pkg"
    LogicalPath="mappView.Visualization.Pages.Page1"
    Type="Package"
    LastWriteTime="133017679221973782" />
  <Object
    Path="C:\project\GITH_HUB\Various\MM_movim_manuale\Logical\mappView\Visualization\Pages\Page1\Page.page"
    LogicalPath="mappView.Visualization.Pages.Page1.Page.page"
    Type="File"
    LastWriteTime="133017679221963780"
    Private="false" />
  <Object
    Path="C:\project\GITH_HUB\Various\MM_movim_manuale\Logical\mappView\Visualization\Pages\Page2\Package.pkg"
    LogicalPath="mappView.Visualization.Pages.Page2"
    Type="Package"
    LastWriteTime="133017679251204901" />
  <Object
    Path="C:\project\GITH_HUB\Various\MM_movim_manuale\Logical\mappView\Visualization\Pages\Page2\Page.page"
    LogicalPath="mappView.Visualization.Pages.Page2.Page.page"
    Type="File"
    LastWriteTime="133017679251204901"
    Private="false" />
  <Object
    Path="C:\project\GITH_HUB\Various\MM_movim_manuale\Logical\mappView\Visualization\Variables\Package.pkg"
    LogicalPath="mappView.Visualization.Variables"
    Type="Package"
    LastWriteTime="133017660979861382" />
  <Object
    Path="C:\project\GITH_HUB\Various\MM_movim_manuale\Logical\mappView\Visualization\Expressions\Package.pkg"
    LogicalPath="mappView.Visualization.Expressions"
    Type="Package"
    LastWriteTime="133017660980017550" />
  <Object
    Path="C:\project\GITH_HUB\Various\MM_movim_manuale\Logical\mappView\Visualization\Layouts\Package.pkg"
    LogicalPath="mappView.Visualization.Layouts"
    Type="Package"
    LastWriteTime="133017660980017550" />
  <Object
    Path="C:\project\GITH_HUB\Various\MM_movim_manuale\Logical\mappView\Visualization\Dialogs\Package.pkg"
    LogicalPath="mappView.Visualization.Dialogs"
    Type="Package"
    LastWriteTime="133017660980017550" />
  <Object
    Path="C:\project\GITH_HUB\Various\MM_movim_manuale\Logical\mappView\Visualization\Dialogs\AreaContents\Package.pkg"
    LogicalPath="mappView.Visualization.Dialogs.AreaContents"
    Type="Package"
    LastWriteTime="133017660980017550" />
  <Object
    Path="C:\project\GITH_HUB\Various\MM_movim_manuale\Logical\mappView\Visualization\Resources\Package.pkg"
    LogicalPath="mappView.Visualization.Resources"
    Type="Package"
    LastWriteTime="133017660980173812" />
  <Object
    Path="C:\project\GITH_HUB\Various\MM_movim_manuale\Logical\mappView\Visualization\Resources\Texts\Package.pkg"
    LogicalPath="mappView.Visualization.Resources.Texts"
    Type="Package"
    LastWriteTime="133017660980173812" />
  <Object
    Path="C:\project\GITH_HUB\Various\MM_movim_manuale\Logical\mappView\Visualization\Resources\Snippets\Package.pkg"
    LogicalPath="mappView.Visualization.Resources.Snippets"
    Type="Package"
    LastWriteTime="133017660980173812" />
  <Object
    Path="C:\project\GITH_HUB\Various\MM_movim_manuale\Physical\Config2\Config.pkg"
    LogicalPath="Config2"
    Type="Configuration.ParentUnknown"
    LastWriteTime="133191317876546400" />
  <Object
    Path="C:\project\GITH_HUB\Various\MM_movim_manuale\Physical\Config2\Hardware.hw"
    LogicalPath="Config2.Hardware.hw"
    Type="File"
    LastWriteTime="133191386045905845"
    Private="false" />
  <Object
    Path="C:\project\GITH_HUB\Various\MM_movim_manuale\Physical\Config2\Hardware.hwl"
    LogicalPath="Config2.Hardware.hwl"
    Type="File"
    LastWriteTime="133191935031615559"
    Private="false" />
  <Object
    Path="C:\project\GITH_HUB\Various\MM_movim_manuale\Physical\Config2\X20CP1301\Cpu.pkg"
    LogicalPath="Config2.X20CP1301"
    Type="Cpu"
    LastWriteTime="133191935835885636" />
  <Object
    Path="C:\project\GITH_HUB\Various\MM_movim_manuale\Physical\Config2\X20CP1301\Cpu.sw"
    LogicalPath="Config2.X20CP1301.Cpu.sw"
    Type="File"
    LastWriteTime="133191390873284986"
    Private="false" />
  <Object
    Path="C:\project\GITH_HUB\Various\MM_movim_manuale\Physical\Config2\X20CP1301\Cpu.per"
    LogicalPath="Config2.X20CP1301.Cpu.per"
    Type="File"
    LastWriteTime="133191317852013509"
    Private="false" />
  <Object
    Path="C:\project\GITH_HUB\Various\MM_movim_manuale\Physical\Config2\X20CP1301\IoMap.iom"
    LogicalPath="Config2.X20CP1301.IoMap.iom"
    Type="File"
    LastWriteTime="133191317852013509"
    Private="false" />
  <Object
    Path="C:\project\GITH_HUB\Various\MM_movim_manuale\Physical\Config2\X20CP1301\PvMap.vvm"
    LogicalPath="Config2.X20CP1301.PvMap.vvm"
    Type="File"
    LastWriteTime="133191317852013509"
    Private="false" />
  <Object
    Path="C:\project\GITH_HUB\Various\MM_movim_manuale\Physical\Config2\X20CP1301\Connectivity\Package.pkg"
    LogicalPath="Config2.X20CP1301.Connectivity"
    Type="Package"
    LastWriteTime="133191317852326035" />
  <Object
    Path="C:\project\GITH_HUB\Various\MM_movim_manuale\Physical\Config2\X20CP1301\Connectivity\OpcUA\Package.pkg"
    LogicalPath="Config2.X20CP1301.Connectivity.OpcUA"
    Type="Package"
    LastWriteTime="133191317852169778" />
  <Object
    Path="C:\project\GITH_HUB\Various\MM_movim_manuale\Physical\Config2\X20CP1301\TextSystem\Package.pkg"
    LogicalPath="Config2.X20CP1301.TextSystem"
    Type="Package"
    LastWriteTime="133191317852326035" />
  <Object
    Path="C:\project\GITH_HUB\Various\MM_movim_manuale\Physical\Config2\X20CP1301\UnitSystem\Package.pkg"
    LogicalPath="Config2.X20CP1301.UnitSystem"
    Type="Package"
    LastWriteTime="133191317852326035" />
  <Object
    Path="C:\project\GITH_HUB\Various\MM_movim_manuale\Physical\Config2\X20CP1301\AccessAndSecurity\Package.pkg"
    LogicalPath="Config2.X20CP1301.AccessAndSecurity"
    Type="Package"
    LastWriteTime="133191317852638558" />
  <Object
    Path="C:\project\GITH_HUB\Various\MM_movim_manuale\Physical\Config2\X20CP1301\AccessAndSecurity\UserRoleSystem\Package.pkg"
    LogicalPath="Config2.X20CP1301.AccessAndSecurity.UserRoleSystem"
    Type="Package"
    LastWriteTime="133191317852482304" />
  <Object
    Path="C:\project\GITH_HUB\Various\MM_movim_manuale\Physical\Config2\X20CP1301\AccessAndSecurity\UserRoleSystem\Role.role"
    LogicalPath="Config2.X20CP1301.AccessAndSecurity.UserRoleSystem.Role.role"
    Type="File"
    LastWriteTime="133191317852482304"
    Private="false" />
  <Object
    Path="C:\project\GITH_HUB\Various\MM_movim_manuale\Physical\Config2\X20CP1301\AccessAndSecurity\UserRoleSystem\User.user"
    LogicalPath="Config2.X20CP1301.AccessAndSecurity.UserRoleSystem.User.user"
    Type="File"
    LastWriteTime="133191317852482304"
    Private="false" />
  <Object
    Path="C:\project\GITH_HUB\Various\MM_movim_manuale\Physical\Config2\X20CP1301\AccessAndSecurity\CertificateStore\Package.pkg"
    LogicalPath="Config2.X20CP1301.AccessAndSecurity.CertificateStore"
    Type="Package"
    LastWriteTime="133191317852638558" />
  <Object
    Path="C:\project\GITH_HUB\Various\MM_movim_manuale\Physical\Config2\X20CP1301\AccessAndSecurity\CertificateStore\OwnCertificates\Package.pkg"
    LogicalPath="Config2.X20CP1301.AccessAndSecurity.CertificateStore.OwnCertificates"
    Type="Package"
    LastWriteTime="133191317852482304" />
  <Object
    Path="C:\project\GITH_HUB\Various\MM_movim_manuale\Physical\Config2\X20CP1301\AccessAndSecurity\CertificateStore\OwnCertificates\Certificates\Package.pkg"
    LogicalPath="Config2.X20CP1301.AccessAndSecurity.CertificateStore.OwnCertificates.Certificates"
    Type="Package"
    LastWriteTime="133191317852482304" />
  <Object
    Path="C:\project\GITH_HUB\Various\MM_movim_manuale\Physical\Config2\X20CP1301\AccessAndSecurity\CertificateStore\OwnCertificates\PrivateKeys\Package.pkg"
    LogicalPath="Config2.X20CP1301.AccessAndSecurity.CertificateStore.OwnCertificates.PrivateKeys"
    Type="Package"
    LastWriteTime="133191317852482304" />
  <Object
    Path="C:\project\GITH_HUB\Various\MM_movim_manuale\Physical\Config2\X20CP1301\AccessAndSecurity\CertificateStore\ThirdPartyCertificates\Package.pkg"
    LogicalPath="Config2.X20CP1301.AccessAndSecurity.CertificateStore.ThirdPartyCertificates"
    Type="Package"
    LastWriteTime="133191317852638558" />
  <Object
    Path="C:\project\GITH_HUB\Various\MM_movim_manuale\Physical\Config2\X20CP1301\AccessAndSecurity\CertificateStore\ThirdPartyCertificates\SoftwareCertificates\Package.pkg"
    LogicalPath="Config2.X20CP1301.AccessAndSecurity.CertificateStore.ThirdPartyCertificates.SoftwareCertificates"
    Type="Package"
    LastWriteTime="133191317852638558" />
  <Object
    Path="C:\project\GITH_HUB\Various\MM_movim_manuale\Physical\Config2\X20CP1301\AccessAndSecurity\CertificateStore\CertificateRevocationLists\Package.pkg"
    LogicalPath="Config2.X20CP1301.AccessAndSecurity.CertificateStore.CertificateRevocationLists"
    Type="Package"
    LastWriteTime="133191317852638558" />
  <Object
    Path="C:\project\GITH_HUB\Various\MM_movim_manuale\Physical\Config2\X20CP1301\AccessAndSecurity\CertificateStore\CertificateSigningRequests\Package.pkg"
    LogicalPath="Config2.X20CP1301.AccessAndSecurity.CertificateStore.CertificateSigningRequests"
    Type="Package"
    LastWriteTime="133191317852638558" />
  <Object
    Path="C:\project\GITH_HUB\Various\MM_movim_manuale\Physical\Config2\X20CP1301\AccessAndSecurity\TransportLayerSecurity\Package.pkg"
    LogicalPath="Config2.X20CP1301.AccessAndSecurity.TransportLayerSecurity"
    Type="Package"
    LastWriteTime="133191317852638558" />
  <Object
    Path="C:\project\GITH_HUB\Various\MM_movim_manuale\Physical\Config2\X20CP1301\AccessAndSecurity\Firewall\Package.pkg"
    LogicalPath="Config2.X20CP1301.AccessAndSecurity.Firewall"
    Type="Package"
    LastWriteTime="133191317852638558" />
  <Object
    Path="C:\project\GITH_HUB\Various\MM_movim_manuale\Physical\Config2\X20CP1301\AccessAndSecurity\Firewall\Rules.firewallRules"
    LogicalPath="Config2.X20CP1301.AccessAndSecurity.Firewall.Rules.firewallRules"
    Type="File"
    LastWriteTime="133191317852638558"
    Private="false" />
  <Object
    Path="C:\project\GITH_HUB\Various\MM_movim_manuale\Physical\Config2\X20CP1301\mappControl\Package.pkg"
    LogicalPath="Config2.X20CP1301.mappControl"
    Type="Package"
    LastWriteTime="133191317852794827" />
  <Object
    Path="C:\project\GITH_HUB\Various\MM_movim_manuale\Physical\Config2\X20CP1301\mappMotion\Package.pkg"
    LogicalPath="Config2.X20CP1301.mappMotion"
    Type="Package"
    LastWriteTime="133191317852794827" />
  <Object
    Path="C:\project\GITH_HUB\Various\MM_movim_manuale\Physical\Config2\X20CP1301\mappServices\Package.pkg"
    LogicalPath="Config2.X20CP1301.mappServices"
    Type="Package"
    LastWriteTime="133191380325821743" />
  <Object
    Path="C:\project\GITH_HUB\Various\MM_movim_manuale\Physical\Config2\X20CP1301\mappServices\Config.mpalarmxcore"
    LogicalPath="Config2.X20CP1301.mappServices.Config.mpalarmxcore"
    Type="File"
    LastWriteTime="133191380313348167"
    Private="false" />
  <Object
    Path="C:\project\GITH_HUB\Various\MM_movim_manuale\Physical\Config2\X20CP1301\mappServices\Config_1.mpalarmxhistory"
    LogicalPath="Config2.X20CP1301.mappServices.Config_1.mpalarmxhistory"
    Type="File"
    LastWriteTime="133191380319532522"
    Private="false" />
  <Object
    Path="C:\project\GITH_HUB\Various\MM_movim_manuale\Physical\Config2\X20CP1301\mappServices\Config_2.mpdatarecorder"
    LogicalPath="Config2.X20CP1301.mappServices.Config_2.mpdatarecorder"
    Type="File"
    LastWriteTime="133191380325821743"
    Private="false" />
  <Object
    Path="C:\project\GITH_HUB\Various\MM_movim_manuale\Physical\Config2\X20CP1301\mappSafety\Package.pkg"
    LogicalPath="Config2.X20CP1301.mappSafety"
    Type="Package"
    LastWriteTime="133191317852951083" />
  <Object
    Path="C:\project\GITH_HUB\Various\MM_movim_manuale\Physical\Config2\X20CP1301\mappSafety\SafeApplication\Package.pkg"
    LogicalPath="Config2.X20CP1301.mappSafety.SafeApplication"
    Type="Package"
    LastWriteTime="133191317852951083" />
  <Object
    Path="C:\project\GITH_HUB\Various\MM_movim_manuale\Physical\Config2\X20CP1301\mappSafety\SafeCommissioning\Package.pkg"
    LogicalPath="Config2.X20CP1301.mappSafety.SafeCommissioning"
    Type="Package"
    LastWriteTime="133191317852951083" />
  <Object
    Path="C:\project\GITH_HUB\Various\MM_movim_manuale\Physical\Config2\X20CP1301\mappView\Package.pkg"
    LogicalPath="Config2.X20CP1301.mappView"
    Type="Package"
    LastWriteTime="133191317852951083" />
  <Object
    Path="C:\project\GITH_HUB\Various\MM_movim_manuale\Physical\Config2\X20CP1301\mappVision\Package.pkg"
    LogicalPath="Config2.X20CP1301.mappVision"
    Type="Package"
    LastWriteTime="133191317852951083" />
  <Object
    Path="C:\project\GITH_HUB\Various\MM_movim_manuale\Physical\Config2\X20CP1301\mappCockpit\Package.pkg"
    LogicalPath="Config2.X20CP1301.mappCockpit"
    Type="Package"
    LastWriteTime="133191317853107342" />
  <Object
    Path="C:\project\GITH_HUB\Various\MM_movim_manuale\Physical\Config2\X20CP1301\VC\Package.pkg"
    LogicalPath="Config2.X20CP1301.VC"
    Type="Package"
    LastWriteTime="133191371895999948" />
  <Object
    Path="C:\project\GITH_HUB\Various\MM_movim_manuale\Physical\Config2\X20CP1301\VC\PS2-Keyboard.dis"
    LogicalPath="Config2.X20CP1301.VC.PS2-Keyboard.dis"
    Type="File"
    LastWriteTime="133191371896059976"
    Private="false" />
  <Object
    Path="C:\project\GITH_HUB\Various\MM_movim_manuale\Physical\Config2\Hardware.jpg"
    LogicalPath="Config2.Hardware.jpg"
    Type="File"
    LastWriteTime="133191935031895623"
    Private="false" />
</Objects>